#
# There is insufficient memory for the Java Runtime Environment to continue.
# Native memory allocation (malloc) failed to allocate 3236824 bytes. Error detail: Chunk::new
# Possible reasons:
#   The system is out of physical RAM or swap space
#   This process is running with CompressedOops enabled, and the Java Heap may be blocking the growth of the native heap
# Possible solutions:
#   Reduce memory load on the system
#   Increase physical memory or swap space
#   Check if swap backing store is full
#   Decrease Java heap size (-Xmx/-Xms)
#   Decrease number of Java threads
#   Decrease Java thread stack sizes (-Xss)
#   Set larger code cache with -XX:ReservedCodeCacheSize=
#   JVM is running with Unscaled Compressed Oops mode in which the Java heap is
#     placed in the first 4GB address space. The Java Heap base address is the
#     maximum limit for the native heap growth. Please use -XX:HeapBaseMinAddress
#     to set the Java Heap base and to place the Java Heap above 4GB virtual address.
# This output file may be truncated or incomplete.
#
#  Out of Memory Error (arena.cpp:193), pid=22160, tid=17036
#
# JRE version: Java(TM) SE Runtime Environment (26.0.1+8) (build 26.0.1+8-34)
# Java VM: Java HotSpot(TM) 64-Bit Server VM (26.0.1+8-34, mixed mode, sharing, tiered, compressed oops, compressed class ptrs, g1 gc, windows-amd64)
# No core dump will be written. Minidumps are not enabled by default on client versions of Windows
#

---------------  S U M M A R Y ------------

Command Line: --enable-native-access=ALL-UNNAMED -Dclassworlds.conf=C:\Users\ceaser\.m2\wrapper\dists\apache-maven-3.9.16\0daed3be3ebd1c706f0e69e8b07c6b73f5cc4ea3dfce72a8d0ec2e849ca2ddb0\bin\m2.conf -Dmaven.home=C:\Users\ceaser\.m2\wrapper\dists\apache-maven-3.9.16\0daed3be3ebd1c706f0e69e8b07c6b73f5cc4ea3dfce72a8d0ec2e849ca2ddb0 -Dlibrary.jansi.path=C:\Users\ceaser\.m2\wrapper\dists\apache-maven-3.9.16\0daed3be3ebd1c706f0e69e8b07c6b73f5cc4ea3dfce72a8d0ec2e849ca2ddb0\lib\jansi-native -Dmaven.multiModuleProjectDirectory=E:\Java\CareFlow\Backend\careflow-backend org.codehaus.plexus.classworlds.launcher.Launcher spring-boot:run -Dspring-boot.run.jvmArguments='-Xms256m -Xmx512m'

Host: Intel(R) Core(TM) i5-8265U CPU @ 1.60GHz, 8 cores, 7G,  Windows 10 , 64 bit Build 19041 (10.0.19041.5915)
Time: Sat Sep  5 20:08:49 2026 Morocco Daylight Time elapsed time: 3.321565 seconds (0d 0h 0m 3s)

---------------  T H R E A D  ---------------

Current thread (0x000001d1c275eed0):  JavaThread "C2 CompilerThread1" daemon [_thread_in_native, id=17036, stack(0x0000005d5fc00000,0x0000005d5fd00000) (1024K)]


Current CompileTask:
C2:3321 4278       4       java.util.concurrent.ConcurrentHashMap::putAll (75 bytes)

Stack: [0x0000005d5fc00000,0x0000005d5fd00000]
Native frames: (J=compiled Java code, j=interpreted, Vv=VM code, C=native code)
V  [jvm.dll+0x7d5879]  (no source info available)
V  [jvm.dll+0x7a37dd]  (no source info available)
V  [jvm.dll+0x9b0c10]  (no source info available)
V  [jvm.dll+0x9b3061]  (no source info available)
V  [jvm.dll+0x9b3773]  (no source info available)
V  [jvm.dll+0x30df76]  (no source info available)
V  [jvm.dll+0x11d8a6]  (no source info available)
V  [jvm.dll+0x11dbce]  (no source info available)
V  [jvm.dll+0x1afbe6]  (no source info available)
V  [jvm.dll+0x3ca822]  (no source info available)
V  [jvm.dll+0x7de462]  (no source info available)
V  [jvm.dll+0x2d1647]  (no source info available)
V  [jvm.dll+0x2d05bf]  (no source info available)
V  [jvm.dll+0x246820]  (no source info available)
V  [jvm.dll+0x2e06dc]  (no source info available)
V  [jvm.dll+0x2de8bd]  (no source info available)
V  [jvm.dll+0x4a3ff1]  (no source info available)
V  [jvm.dll+0x94f649]  (no source info available)
V  [jvm.dll+0x7d7358]  (no source info available)
C  [ucrtbase.dll+0x21bb2]  (no source info available)
C  [KERNEL32.DLL+0x17374]  (no source info available)
C  [ntdll.dll+0x4cc91]  (no source info available)

Lock stack of current Java thread (top to bottom):


---------------  P R O C E S S  ---------------

Threads class SMR info:
_java_thread_list=0x000001d1c2d82520, length=14, elements={
0x000001d1a0a63530, 0x000001d1a0b298a0, 0x000001d1a0b2a2f0, 0x000001d1bdf263c0,
0x000001d1bdf26f70, 0x000001d1bdf2a1d0, 0x000001d1bdf2ad80, 0x000001d1bdf2c680,
0x000001d1bdf3c380, 0x000001d1c20949d0, 0x000001d1c2096d30, 0x000001d1c275eed0,
0x000001d1c2e5cb80, 0x000001d1c3a61250
}

Java Threads: ( => current thread )
  0x000001d1a0a63530 JavaThread "main"                              [_thread_in_native, id=28628, stack(0x0000005d5e900000,0x0000005d5ea00000) (1024K)]
  0x000001d1a0b298a0 JavaThread "Reference Handler"          daemon [_thread_blocked, id=10832, stack(0x0000005d5f200000,0x0000005d5f300000) (1024K)]
  0x000001d1a0b2a2f0 JavaThread "Finalizer"                  daemon [_thread_blocked, id=34944, stack(0x0000005d5f300000,0x0000005d5f400000) (1024K)]
  0x000001d1bdf263c0 JavaThread "Signal Dispatcher"          daemon [_thread_blocked, id=36544, stack(0x0000005d5f400000,0x0000005d5f500000) (1024K)]
  0x000001d1bdf26f70 JavaThread "Attach Listener"            daemon [_thread_blocked, id=36336, stack(0x0000005d5f500000,0x0000005d5f600000) (1024K)]
  0x000001d1bdf2a1d0 JavaThread "Service Thread"             daemon [_thread_blocked, id=28592, stack(0x0000005d5f600000,0x0000005d5f700000) (1024K)]
  0x000001d1bdf2ad80 JavaThread "Monitor Deflation Thread"   daemon [_thread_blocked, id=7388, stack(0x0000005d5f700000,0x0000005d5f800000) (1024K)]
  0x000001d1bdf2c680 JavaThread "C2 CompilerThread0"         daemon [_thread_in_native, id=27332, stack(0x0000005d5f800000,0x0000005d5f900000) (1024K)]
  0x000001d1bdf3c380 JavaThread "C1 CompilerThread0"         daemon [_thread_in_native, id=32564, stack(0x0000005d5f900000,0x0000005d5fa00000) (1024K)]
  0x000001d1c20949d0 JavaThread "Notification Thread"        daemon [_thread_blocked, id=18212, stack(0x0000005d5fa00000,0x0000005d5fb00000) (1024K)]
  0x000001d1c2096d30 JavaThread "Common-Cleaner"             daemon [_thread_blocked, id=24724, stack(0x0000005d5fb00000,0x0000005d5fc00000) (1024K)]
=>0x000001d1c275eed0 JavaThread "C2 CompilerThread1"         daemon [_thread_in_native, id=17036, stack(0x0000005d5fc00000,0x0000005d5fd00000) (1024K)]
  0x000001d1c2e5cb80 JavaThread "Thread-1"                   daemon [_thread_blocked, id=26420, stack(0x0000005d60300000,0x0000005d60400000) (1024K)]
  0x000001d1c3a61250 JavaThread "C2 CompilerThread2"         daemon [_thread_in_native, id=32464, stack(0x0000005d60500000,0x0000005d60600000) (1024K)]
Total: 14

Other Threads:
  0x000001d1a0b1c3e0 VMThread "VM Thread"                           [id=25120, stack(0x0000005d5f100000,0x0000005d5f200000) (1024K)]
  0x000001d1bdf1cd30 WatcherThread "VM Periodic Task Thread"        [id=31652, stack(0x0000005d5f000000,0x0000005d5f100000) (1024K)]
  0x000001d1a0aa1cb0 WorkerThread "GC Thread#0"                     [id=34316, stack(0x0000005d5ea00000,0x0000005d5eb00000) (1024K)]
  0x000001d1c2380230 WorkerThread "GC Thread#1"                     [id=20632, stack(0x0000005d5fd00000,0x0000005d5fe00000) (1024K)]
  0x000001d1c2cf37a0 WorkerThread "GC Thread#2"                     [id=37016, stack(0x0000005d5fe00000,0x0000005d5ff00000) (1024K)]
  0x000001d1c31583d0 WorkerThread "GC Thread#3"                     [id=25572, stack(0x0000005d60000000,0x0000005d60100000) (1024K)]
  0x000001d1c315a200 WorkerThread "GC Thread#4"                     [id=9976, stack(0x0000005d5ff00000,0x0000005d60000000) (1024K)]
  0x000001d1c3159510 WorkerThread "GC Thread#5"                     [id=33168, stack(0x0000005d60100000,0x0000005d60200000) (1024K)]
  0x000001d1c31590c0 WorkerThread "GC Thread#6"                     [id=28600, stack(0x0000005d60200000,0x0000005d60300000) (1024K)]
  0x000001d1c3159db0 WorkerThread "GC Thread#7"                     [id=28172, stack(0x0000005d60400000,0x0000005d60500000) (1024K)]
  0x000001d1a0aba5f0 ConcurrentGCThread "G1 Main Marker"            [id=8436, stack(0x0000005d5eb00000,0x0000005d5ec00000) (1024K)]
  0x000001d1a0abd180 WorkerThread "G1 Conc#0"                       [id=19564, stack(0x0000005d5ec00000,0x0000005d5ed00000) (1024K)]
  0x000001d1a0afe7a0 WorkerThread "G1 Refinement Workers#0"         [id=8596, stack(0x0000005d5ee00000,0x0000005d5ef00000) (1024K)]
  0x000001d1a0afdde0 ConcurrentGCThread "G1 Refine Control"         [id=8256, stack(0x0000005d5ed00000,0x0000005d5ee00000) (1024K)]
  0x000001d1a0aff120 ConcurrentGCThread "G1 Service"                [id=30756, stack(0x0000005d5ef00000,0x0000005d5f000000) (1024K)]
Total: 15

Threads with active compile tasks:
C2 CompilerThread0  3424 3989   !   4       org.codehaus.plexus.interpolation.StringSearchInterpolator::interpolate (692 bytes)
C1 CompilerThread0  3424 4396       3       org.apache.maven.repository.internal.DefaultVersionResolver::resolveVersion (953 bytes)
C2 CompilerThread1  3424 4278       4       java.util.concurrent.ConcurrentHashMap::putAll (75 bytes)
C2 CompilerThread2  3424 4321       4       org.apache.maven.model.interpolation.StringVisitorModelInterpolator$ModelVisitor::visit (117 bytes)
Total: 4

VM state: not at safepoint (normal execution)

VM Mutex/Monitor currently owned by a thread: None

Heap address: 0x0000000083000000, size: 2000 MB, Compressed Oops mode: 32-bit

CDS archive(s) mapped at: [0x0000000027000000-0x0000000027de0000-0x0000000027de0000), size 14548992, SharedBaseAddress: 0x0000000027000000, ArchiveRelocationMode: 1.
Compressed class space mapped at: 0x0000000028000000-0x0000000068000000, reserved size: 1073741824
UseCompressedClassPointers 1, UseCompactObjectHeaders 0
Narrow klass pointer bits 32, Max shift 3
Narrow klass base: 0x0000000027000000, Narrow klass shift: 0
Encoding Range: [0x0000000027000000 - 0x0000000127000000), (4294967296 bytes)
Klass Range:    [0x0000000027000000 - 0x0000000068000000), (1090519040 bytes)
Klass ID Range:  [8 - 1090519033) (1090519025)
Protection zone: [0x0000000027000000 - 0x0000000027010000), (65536 bytes)

GC Precious Log:
 CardTable entry size: 512
 Card Set container configuration: InlinePtr #cards 5 size 8 Array Of Cards #cards 10 size 36 Howl #buckets 4 coarsen threshold 1843 Howl Bitmap #cards 512 size 80 coarsen threshold 460 Card regions per heap region 1 cards per card region 2048
 CPUs: 8 total, 8 available
 Memory: 7998M
 Large Page Support: Disabled
 NUMA Support: Disabled
 Compressed Oops: Enabled (32-bit)
 Heap Region Size: 1M
 Heap Min Capacity: 8M
 Heap Initial Capacity: 8M
 Heap Max Capacity: 2000M
 Pre-touch: Disabled
 Parallel Workers: 8
 Concurrent Workers: 2
 Concurrent Refinement Workers: 8
 Periodic GC: Disabled

Heap:
 garbage-first heap   total reserved 2048000K, committed 51200K, used 25940K [0x0000000083000000, 0x0000000100000000)
  region size 1M, 11 eden (11M), 4 survivor (4M), 13 old (13M), 0 humongous (0M), 22 free (22M)

Heap Regions: E=young(eden), S=young(survivor), O=old, HS=humongous(starts), HC=humongous(continues), CS=collection set, F=free, TAMS=top-at-mark-start, PB=parsable bottom
|    0|0x0000000083000000, 0x0000000083100000, 0x0000000083100000|100%| O|  |TAMS 0x0000000083000000| PB 0x0000000083000000| Untracked |  0
|    1|0x0000000083100000, 0x0000000083200000, 0x0000000083200000|100%| O|  |TAMS 0x0000000083100000| PB 0x0000000083100000| Untracked |  0
|    2|0x0000000083200000, 0x0000000083300000, 0x0000000083300000|100%| O|  |TAMS 0x0000000083200000| PB 0x0000000083200000| Untracked |  0
|    3|0x0000000083300000, 0x0000000083400000, 0x0000000083400000|100%| O|  |TAMS 0x0000000083300000| PB 0x0000000083300000| Untracked |  0
|    4|0x0000000083400000, 0x0000000083500000, 0x0000000083500000|100%| O|  |TAMS 0x0000000083400000| PB 0x0000000083400000| Untracked |  0
|    5|0x0000000083500000, 0x0000000083600000, 0x0000000083600000|100%| O|  |TAMS 0x0000000083500000| PB 0x0000000083500000| Untracked |  0
|    6|0x0000000083600000, 0x0000000083700000, 0x0000000083700000|100%| O|  |TAMS 0x0000000083600000| PB 0x0000000083600000| Untracked |  0
|    7|0x0000000083700000, 0x0000000083800000, 0x0000000083800000|100%| O|  |TAMS 0x0000000083700000| PB 0x0000000083700000| Untracked |  0
|    8|0x0000000083800000, 0x0000000083900000, 0x0000000083900000|100%| O|  |TAMS 0x0000000083800000| PB 0x0000000083800000| Untracked |  0
|    9|0x0000000083900000, 0x0000000083a00000, 0x0000000083a00000|100%| O|  |TAMS 0x0000000083900000| PB 0x0000000083900000| Untracked |  0
|   10|0x0000000083a00000, 0x0000000083a00000, 0x0000000083b00000|  0%| F|  |TAMS 0x0000000083a00000| PB 0x0000000083a00000| Untracked |  0
|   11|0x0000000083b00000, 0x0000000083bd2ac8, 0x0000000083c00000| 82%| O|  |TAMS 0x0000000083b00000| PB 0x0000000083b00000| Untracked |  0
|   12|0x0000000083c00000, 0x0000000083c00000, 0x0000000083d00000|  0%| F|  |TAMS 0x0000000083c00000| PB 0x0000000083c00000| Untracked |  0
|   13|0x0000000083d00000, 0x0000000083d00000, 0x0000000083e00000|  0%| F|  |TAMS 0x0000000083d00000| PB 0x0000000083d00000| Untracked |  0
|   14|0x0000000083e00000, 0x0000000083e00000, 0x0000000083f00000|  0%| F|  |TAMS 0x0000000083e00000| PB 0x0000000083e00000| Untracked |  0
|   15|0x0000000083f00000, 0x0000000083f00000, 0x0000000084000000|  0%| F|  |TAMS 0x0000000083f00000| PB 0x0000000083f00000| Untracked |  0
|   16|0x0000000084000000, 0x0000000084000000, 0x0000000084100000|  0%| F|  |TAMS 0x0000000084000000| PB 0x0000000084000000| Untracked |  0
|   17|0x0000000084100000, 0x0000000084100000, 0x0000000084200000|  0%| F|  |TAMS 0x0000000084100000| PB 0x0000000084100000| Untracked |  0
|   18|0x0000000084200000, 0x0000000084200000, 0x0000000084300000|  0%| F|  |TAMS 0x0000000084200000| PB 0x0000000084200000| Untracked |  0
|   19|0x0000000084300000, 0x0000000084359ac0, 0x0000000084400000| 35%| S|CS|TAMS 0x0000000084300000| PB 0x0000000084300000| Complete  |  0
|   20|0x0000000084400000, 0x0000000084500000, 0x0000000084500000|100%| S|CS|TAMS 0x0000000084400000| PB 0x0000000084400000| Complete  |  0
|   21|0x0000000084500000, 0x0000000084600000, 0x0000000084600000|100%| S|CS|TAMS 0x0000000084500000| PB 0x0000000084500000| Complete  |  0
|   22|0x0000000084600000, 0x0000000084700000, 0x0000000084700000|100%| S|CS|TAMS 0x0000000084600000| PB 0x0000000084600000| Complete  |  0
|   23|0x0000000084700000, 0x0000000084700000, 0x0000000084800000|  0%| F|  |TAMS 0x0000000084700000| PB 0x0000000084700000| Untracked |  0
|   24|0x0000000084800000, 0x0000000084800000, 0x0000000084900000|  0%| F|  |TAMS 0x0000000084800000| PB 0x0000000084800000| Untracked |  0
|   25|0x0000000084900000, 0x0000000084900000, 0x0000000084a00000|  0%| F|  |TAMS 0x0000000084900000| PB 0x0000000084900000| Untracked |  0
|   26|0x0000000084a00000, 0x0000000084a00000, 0x0000000084b00000|  0%| F|  |TAMS 0x0000000084a00000| PB 0x0000000084a00000| Untracked |  0
|   27|0x0000000084b00000, 0x0000000084b00000, 0x0000000084c00000|  0%| F|  |TAMS 0x0000000084b00000| PB 0x0000000084b00000| Untracked |  0
|   28|0x0000000084c00000, 0x0000000084c00000, 0x0000000084d00000|  0%| F|  |TAMS 0x0000000084c00000| PB 0x0000000084c00000| Untracked |  0
|   29|0x0000000084d00000, 0x0000000084d00000, 0x0000000084e00000|  0%| F|  |TAMS 0x0000000084d00000| PB 0x0000000084d00000| Untracked |  0
|   30|0x0000000084e00000, 0x0000000084e00000, 0x0000000084f00000|  0%| F|  |TAMS 0x0000000084e00000| PB 0x0000000084e00000| Untracked |  0
|   31|0x0000000084f00000, 0x0000000084f00000, 0x0000000085000000|  0%| F|  |TAMS 0x0000000084f00000| PB 0x0000000084f00000| Untracked |  0
|   32|0x0000000085000000, 0x0000000085000000, 0x0000000085100000|  0%| F|  |TAMS 0x0000000085000000| PB 0x0000000085000000| Untracked |  0
|   33|0x0000000085100000, 0x0000000085100000, 0x0000000085200000|  0%| F|  |TAMS 0x0000000085100000| PB 0x0000000085100000| Untracked |  0
|   34|0x0000000085200000, 0x0000000085200000, 0x0000000085300000|  0%| F|  |TAMS 0x0000000085200000| PB 0x0000000085200000| Untracked |  0
|   35|0x0000000085300000, 0x0000000085300000, 0x0000000085400000|  0%| F|  |TAMS 0x0000000085300000| PB 0x0000000085300000| Untracked |  0
|   36|0x0000000085400000, 0x0000000085400000, 0x0000000085500000|  0%| F|  |TAMS 0x0000000085400000| PB 0x0000000085400000| Untracked |  0
|   37|0x0000000085500000, 0x0000000085600000, 0x0000000085600000|100%| E|CS|TAMS 0x0000000085500000| PB 0x0000000085500000| Complete  |  0
|   38|0x0000000085600000, 0x0000000085700000, 0x0000000085700000|100%| E|CS|TAMS 0x0000000085600000| PB 0x0000000085600000| Complete  |  0
|   39|0x0000000085700000, 0x0000000085800000, 0x0000000085800000|100%| E|CS|TAMS 0x0000000085700000| PB 0x0000000085700000| Complete  |  0
|   40|0x0000000085800000, 0x0000000085900000, 0x0000000085900000|100%| E|CS|TAMS 0x0000000085800000| PB 0x0000000085800000| Complete  |  0
|   41|0x0000000085900000, 0x0000000085a00000, 0x0000000085a00000|100%| E|CS|TAMS 0x0000000085900000| PB 0x0000000085900000| Complete  |  0
|   42|0x0000000085a00000, 0x0000000085b00000, 0x0000000085b00000|100%| E|CS|TAMS 0x0000000085a00000| PB 0x0000000085a00000| Complete  |  0
|   43|0x0000000085b00000, 0x0000000085c00000, 0x0000000085c00000|100%| E|CS|TAMS 0x0000000085b00000| PB 0x0000000085b00000| Complete  |  0
|   44|0x0000000085c00000, 0x0000000085d00000, 0x0000000085d00000|100%| E|CS|TAMS 0x0000000085c00000| PB 0x0000000085c00000| Complete  |  0
|   45|0x0000000085d00000, 0x0000000085e00000, 0x0000000085e00000|100%| E|CS|TAMS 0x0000000085d00000| PB 0x0000000085d00000| Complete  |  0
|   46|0x0000000085e00000, 0x0000000085f00000, 0x0000000085f00000|100%| E|CS|TAMS 0x0000000085e00000| PB 0x0000000085e00000| Complete  |  0
|   47|0x0000000085f00000, 0x0000000086000000, 0x0000000086000000|100%| E|CS|TAMS 0x0000000085f00000| PB 0x0000000085f00000| Complete  |  0
| 1998|0x00000000ffe00000, 0x00000000fff00000, 0x00000000fff00000|100%| O|  |TAMS 0x00000000ffe00000| PB 0x00000000ffe00000| Untracked |  0
| 1999|0x00000000fff00000, 0x00000000fff28d80, 0x0000000100000000| 15%| O|  |TAMS 0x00000000fff00000| PB 0x00000000fff00000| Untracked |  0

Card table byte_map: [0x000001d1b8e50000,0x000001d1b9240000] _byte_map_base: 0x000001d1b8a38000
Refinement table byte_map: [0x000001d1b9240000,0x000001d1b9630000] _byte_map_base: 0x000001d1b8e28000

Marking Bits: (CMBitMap*) 0x000001d1a0aa2430
 Bits: [0x000001d1b9630000, 0x000001d1bb570000)

Polling page: 0x000001d19ea30000

Metaspace:
Metaspace        used 15758K, committed 16000K, reserved 1114112K
 class space     used 1926K, committed 2048K, reserved 1048576K

Usage:
  Non-class:     13.51 MB used.
      Class:      1.88 MB used.
       Both:     15.39 MB used.

Virtual space:
  Non-class space:       64.00 MB reserved,      13.62 MB ( 21%) committed,  1 nodes.
      Class space:        1.00 GB reserved,       2.00 MB ( <1%) committed,  1 nodes.
             Both:        1.06 GB reserved,      15.62 MB (  1%) committed. 

Chunk freelists:
   Non-Class:  1.94 MB
       Class:  13.85 MB
        Both:  15.79 MB

MaxMetaspaceSize: unlimited
CompressedClassSpaceSize: 1.00 GB
Initial GC threshold: 21.00 MB
Current GC threshold: 21.00 MB
CDS: on
 - commit_granule_bytes: 65536.
 - commit_granule_words: 8192.
 - virtual_space_node_default_size: 8388608.
 - enlarge_chunks_in_place: 1.
UseCompressedClassPointers 1, UseCompactObjectHeaders 0
Narrow klass pointer bits 32, Max shift 3
Narrow klass base: 0x0000000027000000, Narrow klass shift: 0
Encoding Range: [0x0000000027000000 - 0x0000000127000000), (4294967296 bytes)
Klass Range:    [0x0000000027000000 - 0x0000000068000000), (1090519040 bytes)
Klass ID Range:  [8 - 1090519033) (1090519025)
Protection zone: [0x0000000027000000 - 0x0000000027010000), (65536 bytes)


Internal statistics:

num_allocs_failed_limit: 0.
num_arena_births: 134.
num_arena_deaths: 0.
num_vsnodes_births: 2.
num_vsnodes_deaths: 0.
num_space_committed: 250.
num_space_uncommitted: 0.
num_chunks_returned_to_freelist: 0.
num_chunks_taken_from_freelist: 687.
num_chunk_merges: 0.
num_chunk_splits: 466.
num_chunks_enlarged: 374.
num_inconsistent_stats: 0.

CodeHeap 'non-profiled nmethods': size=120064Kb used=1612Kb max_used=1612Kb free=118451Kb
 bounds [0x000001d1b11f0000, 0x000001d1b1460000, 0x000001d1b8730000]
CodeHeap 'profiled nmethods': size=120064Kb used=6834Kb max_used=6834Kb free=113230Kb
 bounds [0x000001d1a9710000, 0x000001d1a9dc0000, 0x000001d1b0c50000]
CodeHeap 'non-nmethods': size=5760Kb used=1410Kb max_used=1440Kb free=4349Kb
 bounds [0x000001d1b0c50000, 0x000001d1b0ec0000, 0x000001d1b11f0000]
CodeCache: size=245888Kb, used=9856Kb, max_used=9886Kb, free=236030Kb
 total_blobs=4903, nmethods=4388, adapters=417, full_count=0
Compilation: enabled, stopped_count=0, restarted_count=0

Compilation events (20 events):
Event: 3.309 Thread 0x000001d1bdf3c380 4322       1       org.eclipse.aether.internal.impl.collect.DefaultDependencyCollectionContext::getDependency (5 bytes)
Event: 3.309 Thread 0x000001d1bdf3c380 nmethod 4322 0x000001d1b1380f08 code [0x000001d1b1381000, 0x000001d1b13810b8]
Event: 3.309 Thread 0x000001d1bdf3c380 4315       1       org.eclipse.aether.collection.DependencyManagement::getProperties (5 bytes)
Event: 3.309 Thread 0x000001d1bdf3c380 nmethod 4315 0x000001d1b1381208 code [0x000001d1b1381300, 0x000001d1b13813b8]
Event: 3.309 Thread 0x000001d1bdf3c380 4316       1       org.eclipse.aether.collection.DependencyManagement::getScope (5 bytes)
Event: 3.310 Thread 0x000001d1bdf3c380 nmethod 4316 0x000001d1b1381508 code [0x000001d1b1381600, 0x000001d1b13816b8]
Event: 3.310 Thread 0x000001d1bdf3c380 4317       1       org.eclipse.aether.collection.DependencyManagement::getOptional (5 bytes)
Event: 3.310 Thread 0x000001d1bdf3c380 nmethod 4317 0x000001d1b1381808 code [0x000001d1b1381900, 0x000001d1b13819b8]
Event: 3.310 Thread 0x000001d1bdf3c380 4318       1       org.eclipse.aether.collection.DependencyManagement::getExclusions (5 bytes)
Event: 3.310 Thread 0x000001d1bdf3c380 nmethod 4318 0x000001d1b1381b08 code [0x000001d1b1381c00, 0x000001d1b1381cb8]
Event: 3.310 Thread 0x000001d1bdf3c380 4312       1       org.apache.maven.model.DistributionManagement::getSnapshotRepository (5 bytes)
Event: 3.310 Thread 0x000001d1bdf3c380 nmethod 4312 0x000001d1b1381e08 code [0x000001d1b1381f00, 0x000001d1b1381fb8]
Event: 3.310 Thread 0x000001d1bdf3c380 4319       1       java.util.Formatter$FixedString::index (3 bytes)
Event: 3.310 Thread 0x000001d1bdf3c380 nmethod 4319 0x000001d1b1382108 code [0x000001d1b1382200, 0x000001d1b13822b8]
Event: 3.310 Thread 0x000001d1bdf3c380 4314       1       org.apache.maven.model.DistributionManagement::getSite (5 bytes)
Event: 3.310 Thread 0x000001d1bdf3c380 nmethod 4314 0x000001d1b1382408 code [0x000001d1b1382500, 0x000001d1b13825b8]
Event: 3.312 Thread 0x000001d1bdf3c380 4323       3       org.eclipse.aether.util.graph.manager.ClassicDependencyManager::deriveChildManager (470 bytes)
Event: 3.315 Thread 0x000001d1bdf3c380 nmethod 4323 0x000001d1a9d92808 code [0x000001d1a9d92900, 0x000001d1a9d958f0]
Event: 3.316 Thread 0x000001d1bdf3c380 4324       3       java.io.File::<init> (20 bytes)
Event: 3.316 Thread 0x000001d1bdf3c380 nmethod 4324 0x000001d1a9d95988 code [0x000001d1a9d95a80, 0x000001d1a9d95c60]

GC Heap Usage History (20 events):
Event: 0.800 {heap Before GC invocations=4 (full 0):
 garbage-first heap   total reserved 2048000K, committed 20480K, used 13387K [0x0000000083000000, 0x0000000100000000)
  region size 1M, 9 eden (9M), 2 survivor (2M), 4 old (4M), 0 humongous (0M), 5 free (5M)
}
Event: 0.804 {heap After GC invocations=5 (full 0):
 garbage-first heap   total reserved 2048000K, committed 20480K, used 4708K [0x0000000083000000, 0x0000000100000000)
  region size 1M, 0 eden (0M), 1 survivor (1M), 5 old (5M), 0 humongous (0M), 14 free (14M)
}
Event: 1.066 {heap Before GC invocations=5 (full 0):
 garbage-first heap   total reserved 2048000K, committed 20480K, used 13924K [0x0000000083000000, 0x0000000100000000)
  region size 1M, 9 eden (9M), 1 survivor (1M), 5 old (5M), 0 humongous (0M), 5 free (5M)
}
Event: 1.069 {heap After GC invocations=6 (full 0):
 garbage-first heap   total reserved 2048000K, committed 20480K, used 4889K [0x0000000083000000, 0x0000000100000000)
  region size 1M, 0 eden (0M), 1 survivor (1M), 5 old (5M), 0 humongous (0M), 14 free (14M)
}
Event: 1.347 {heap Before GC invocations=6 (full 0):
 garbage-first heap   total reserved 2048000K, committed 20480K, used 14105K [0x0000000083000000, 0x0000000100000000)
  region size 1M, 10 eden (10M), 1 survivor (1M), 5 old (5M), 0 humongous (0M), 4 free (4M)
}
Event: 1.350 {heap After GC invocations=7 (full 0):
 garbage-first heap   total reserved 2048000K, committed 20480K, used 5371K [0x0000000083000000, 0x0000000100000000)
  region size 1M, 0 eden (0M), 2 survivor (2M), 5 old (5M), 0 humongous (0M), 13 free (13M)
}
Event: 1.593 {heap Before GC invocations=7 (full 0):
 garbage-first heap   total reserved 2048000K, committed 20480K, used 15611K [0x0000000083000000, 0x0000000100000000)
  region size 1M, 10 eden (10M), 2 survivor (2M), 5 old (5M), 0 humongous (0M), 3 free (3M)
}
Event: 1.597 {heap After GC invocations=8 (full 0):
 garbage-first heap   total reserved 2048000K, committed 20480K, used 6078K [0x0000000083000000, 0x0000000100000000)
  region size 1M, 0 eden (0M), 2 survivor (2M), 6 old (6M), 0 humongous (0M), 12 free (12M)
}
Event: 1.836 {heap Before GC invocations=8 (full 0):
 garbage-first heap   total reserved 2048000K, committed 20480K, used 15294K [0x0000000083000000, 0x0000000100000000)
  region size 1M, 9 eden (9M), 2 survivor (2M), 6 old (6M), 0 humongous (0M), 3 free (3M)
}
Event: 1.840 {heap After GC invocations=9 (full 0):
 garbage-first heap   total reserved 2048000K, committed 27648K, used 7166K [0x0000000083000000, 0x0000000100000000)
  region size 1M, 0 eden (0M), 2 survivor (2M), 6 old (6M), 0 humongous (0M), 19 free (19M)
}
Event: 2.240 {heap Before GC invocations=9 (full 0):
 garbage-first heap   total reserved 2048000K, committed 27648K, used 20478K [0x0000000083000000, 0x0000000100000000)
  region size 1M, 14 eden (14M), 2 survivor (2M), 6 old (6M), 0 humongous (0M), 5 free (5M)
}
Event: 2.247 {heap After GC invocations=10 (full 0):
 garbage-first heap   total reserved 2048000K, committed 27648K, used 8531K [0x0000000083000000, 0x0000000100000000)
  region size 1M, 0 eden (0M), 2 survivor (2M), 8 old (8M), 0 humongous (0M), 17 free (17M)
}
Event: 2.505 {heap Before GC invocations=10 (full 0):
 garbage-first heap   total reserved 2048000K, committed 27648K, used 20819K [0x0000000083000000, 0x0000000100000000)
  region size 1M, 12 eden (12M), 2 survivor (2M), 8 old (8M), 0 humongous (0M), 5 free (5M)
}
Event: 2.512 {heap After GC invocations=11 (full 0):
 garbage-first heap   total reserved 2048000K, committed 27648K, used 10701K [0x0000000083000000, 0x0000000100000000)
  region size 1M, 0 eden (0M), 2 survivor (2M), 10 old (10M), 0 humongous (0M), 15 free (15M)
}
Event: 2.655 {heap Before GC invocations=11 (full 0):
 garbage-first heap   total reserved 2048000K, committed 27648K, used 21965K [0x0000000083000000, 0x0000000100000000)
  region size 1M, 11 eden (11M), 2 survivor (2M), 10 old (10M), 0 humongous (0M), 4 free (4M)
}
Event: 2.661 {heap After GC invocations=12 (full 0):
 garbage-first heap   total reserved 2048000K, committed 27648K, used 12330K [0x0000000083000000, 0x0000000100000000)
  region size 1M, 0 eden (0M), 2 survivor (2M), 11 old (11M), 0 humongous (0M), 14 free (14M)
}
Event: 2.823 {heap Before GC invocations=12 (full 0):
 garbage-first heap   total reserved 2048000K, committed 27648K, used 22570K [0x0000000083000000, 0x0000000100000000)
  region size 1M, 10 eden (10M), 2 survivor (2M), 11 old (11M), 0 humongous (0M), 4 free (4M)
}
Event: 2.833 {heap After GC invocations=13 (full 0):
 garbage-first heap   total reserved 2048000K, committed 51200K, used 14303K [0x0000000083000000, 0x0000000100000000)
  region size 1M, 0 eden (0M), 2 survivor (2M), 13 old (13M), 0 humongous (0M), 35 free (35M)
}
Event: 3.243 {heap Before GC invocations=13 (full 0):
 garbage-first heap   total reserved 2048000K, committed 51200K, used 38879K [0x0000000083000000, 0x0000000100000000)
  region size 1M, 25 eden (25M), 2 survivor (2M), 13 old (13M), 0 humongous (0M), 10 free (10M)
}
Event: 3.249 {heap After GC invocations=14 (full 0):
 garbage-first heap   total reserved 2048000K, committed 51200K, used 15700K [0x0000000083000000, 0x0000000100000000)
  region size 1M, 0 eden (0M), 4 survivor (4M), 13 old (13M), 0 humongous (0M), 33 free (33M)
}

Metaspace Usage History (20 events):
Event: 0.800 {metaspace Before GC invocations=4 (full 0):
 Metaspace       used 5651K, committed 5824K, reserved 1114112K
  class space    used 687K, committed 768K, reserved 1048576K
}
Event: 0.804 {metaspace After GC invocations=5 (full 0):
 Metaspace       used 5651K, committed 5824K, reserved 1114112K
  class space    used 687K, committed 768K, reserved 1048576K
}
Event: 1.066 {metaspace Before GC invocations=5 (full 0):
 Metaspace       used 6563K, committed 6720K, reserved 1114112K
  class space    used 801K, committed 896K, reserved 1048576K
}
Event: 1.069 {metaspace After GC invocations=6 (full 0):
 Metaspace       used 6563K, committed 6720K, reserved 1114112K
  class space    used 801K, committed 896K, reserved 1048576K
}
Event: 1.347 {metaspace Before GC invocations=6 (full 0):
 Metaspace       used 7496K, committed 7680K, reserved 1114112K
  class space    used 917K, committed 1024K, reserved 1048576K
}
Event: 1.350 {metaspace After GC invocations=7 (full 0):
 Metaspace       used 7496K, committed 7680K, reserved 1114112K
  class space    used 917K, committed 1024K, reserved 1048576K
}
Event: 1.593 {metaspace Before GC invocations=7 (full 0):
 Metaspace       used 9546K, committed 9728K, reserved 1114112K
  class space    used 1191K, committed 1280K, reserved 1048576K
}
Event: 1.597 {metaspace After GC invocations=8 (full 0):
 Metaspace       used 9546K, committed 9728K, reserved 1114112K
  class space    used 1191K, committed 1280K, reserved 1048576K
}
Event: 1.836 {metaspace Before GC invocations=8 (full 0):
 Metaspace       used 11198K, committed 11392K, reserved 1114112K
  class space    used 1429K, committed 1536K, reserved 1048576K
}
Event: 1.840 {metaspace After GC invocations=9 (full 0):
 Metaspace       used 11198K, committed 11392K, reserved 1114112K
  class space    used 1429K, committed 1536K, reserved 1048576K
}
Event: 2.240 {metaspace Before GC invocations=9 (full 0):
 Metaspace       used 13927K, committed 14208K, reserved 1114112K
  class space    used 1778K, committed 1920K, reserved 1048576K
}
Event: 2.247 {metaspace After GC invocations=10 (full 0):
 Metaspace       used 13927K, committed 14208K, reserved 1114112K
  class space    used 1778K, committed 1920K, reserved 1048576K
}
Event: 2.505 {metaspace Before GC invocations=10 (full 0):
 Metaspace       used 14628K, committed 14848K, reserved 1114112K
  class space    used 1845K, committed 1920K, reserved 1048576K
}
Event: 2.512 {metaspace After GC invocations=11 (full 0):
 Metaspace       used 14628K, committed 14848K, reserved 1114112K
  class space    used 1845K, committed 1920K, reserved 1048576K
}
Event: 2.655 {metaspace Before GC invocations=11 (full 0):
 Metaspace       used 14894K, committed 15168K, reserved 1114112K
  class space    used 1865K, committed 1984K, reserved 1048576K
}
Event: 2.661 {metaspace After GC invocations=12 (full 0):
 Metaspace       used 14894K, committed 15168K, reserved 1114112K
  class space    used 1865K, committed 1984K, reserved 1048576K
}
Event: 2.823 {metaspace Before GC invocations=12 (full 0):
 Metaspace       used 15388K, committed 15680K, reserved 1114112K
  class space    used 1920K, committed 2048K, reserved 1048576K
}
Event: 2.833 {metaspace After GC invocations=13 (full 0):
 Metaspace       used 15388K, committed 15680K, reserved 1114112K
  class space    used 1920K, committed 2048K, reserved 1048576K
}
Event: 3.243 {metaspace Before GC invocations=13 (full 0):
 Metaspace       used 15614K, committed 15872K, reserved 1114112K
  class space    used 1924K, committed 2048K, reserved 1048576K
}
Event: 3.249 {metaspace After GC invocations=14 (full 0):
 Metaspace       used 15614K, committed 15872K, reserved 1114112K
  class space    used 1924K, committed 2048K, reserved 1048576K
}

Dll operation events (14 events):
Event: 0.005 Attempting to load shared library C:\Program Files\Java\jdk-26.0.1\bin\java.dll
Event: 0.007 Loaded shared library C:\Program Files\Java\jdk-26.0.1\bin\java.dll
Event: 0.045 Attempting to load shared library C:\Program Files\Java\jdk-26.0.1\bin\net.dll
Event: 0.045 Loaded shared library C:\Program Files\Java\jdk-26.0.1\bin\net.dll
Event: 0.046 Attempting to load shared library C:\Program Files\Java\jdk-26.0.1\bin\nio.dll
Event: 0.046 Loaded shared library C:\Program Files\Java\jdk-26.0.1\bin\nio.dll
Event: 0.050 Attempting to load shared library C:\Program Files\Java\jdk-26.0.1\bin\zip.dll
Event: 0.050 Loaded shared library C:\Program Files\Java\jdk-26.0.1\bin\zip.dll
Event: 0.237 Attempting to load shared library C:\Users\ceaser\.m2\wrapper\dists\apache-maven-3.9.16\0daed3be3ebd1c706f0e69e8b07c6b73f5cc4ea3dfce72a8d0ec2e849ca2ddb0\lib\jansi-native\Windows\x86_64\jansi.dll
Event: 0.237 Loaded shared library C:\Users\ceaser\.m2\wrapper\dists\apache-maven-3.9.16\0daed3be3ebd1c706f0e69e8b07c6b73f5cc4ea3dfce72a8d0ec2e849ca2ddb0\lib\jansi-native\Windows\x86_64\jansi.dll
Event: 0.238 Attempting to load shared library C:\Program Files\Java\jdk-26.0.1\bin\jimage.dll
Event: 0.238 Loaded shared library C:\Program Files\Java\jdk-26.0.1\bin\jimage.dll
Event: 0.264 Attempting to load shared library C:\Program Files\Java\jdk-26.0.1\bin\verify.dll
Event: 0.264 Loaded shared library C:\Program Files\Java\jdk-26.0.1\bin\verify.dll

Deoptimization events (20 events):
Event: 3.145 Thread 0x000001d1a0a63530 Uncommon trap: trap_request=0xffffffbe fr.pc=0x000001d1b1371da0 relative=0x0000000000000ca0
Event: 3.145 Thread 0x000001d1a0a63530 Uncommon trap: reason=profile_predicate action=maybe_recompile pc=0x000001d1b1371da0 method=java.util.regex.Pattern$CharPropertyGreedy.match(Ljava/util/regex/Matcher;ILjava/lang/CharSequence;)Z @ 103 c2
Event: 3.145 Thread 0x000001d1a0a63530 DEOPT PACKING pc=0x000001d1b1371da0 sp=0x0000005d5e9fce40
Event: 3.145 Thread 0x000001d1a0a63530 DEOPT UNPACKING pc=0x000001d1b0d73582 sp=0x0000005d5e9fcdd0 mode 2
Event: 3.252 Thread 0x000001d1a0a63530 Uncommon trap: trap_request=0xffffffbe fr.pc=0x000001d1b1379018 relative=0x0000000000000398
Event: 3.252 Thread 0x000001d1a0a63530 Uncommon trap: reason=profile_predicate action=maybe_recompile pc=0x000001d1b1379018 method=java.util.regex.Pattern$Slice.match(Ljava/util/regex/Matcher;ILjava/lang/CharSequence;)Z @ 18 c2
Event: 3.252 Thread 0x000001d1a0a63530 DEOPT PACKING pc=0x000001d1b1379018 sp=0x0000005d5e9fbd10
Event: 3.252 Thread 0x000001d1a0a63530 DEOPT UNPACKING pc=0x000001d1b0d73582 sp=0x0000005d5e9fbca0 mode 2
Event: 3.252 Thread 0x000001d1a0a63530 Uncommon trap: trap_request=0xffffffbe fr.pc=0x000001d1b1379018 relative=0x0000000000000398
Event: 3.252 Thread 0x000001d1a0a63530 Uncommon trap: reason=profile_predicate action=maybe_recompile pc=0x000001d1b1379018 method=java.util.regex.Pattern$Slice.match(Ljava/util/regex/Matcher;ILjava/lang/CharSequence;)Z @ 18 c2
Event: 3.252 Thread 0x000001d1a0a63530 DEOPT PACKING pc=0x000001d1b1379018 sp=0x0000005d5e9fbd10
Event: 3.252 Thread 0x000001d1a0a63530 DEOPT UNPACKING pc=0x000001d1b0d73582 sp=0x0000005d5e9fbca0 mode 2
Event: 3.252 Thread 0x000001d1a0a63530 Uncommon trap: trap_request=0xffffffbe fr.pc=0x000001d1b1379018 relative=0x0000000000000398
Event: 3.252 Thread 0x000001d1a0a63530 Uncommon trap: reason=profile_predicate action=maybe_recompile pc=0x000001d1b1379018 method=java.util.regex.Pattern$Slice.match(Ljava/util/regex/Matcher;ILjava/lang/CharSequence;)Z @ 18 c2
Event: 3.252 Thread 0x000001d1a0a63530 DEOPT PACKING pc=0x000001d1b1379018 sp=0x0000005d5e9fbd10
Event: 3.252 Thread 0x000001d1a0a63530 DEOPT UNPACKING pc=0x000001d1b0d73582 sp=0x0000005d5e9fbca0 mode 2
Event: 3.252 Thread 0x000001d1a0a63530 Uncommon trap: trap_request=0xffffffbe fr.pc=0x000001d1b1379018 relative=0x0000000000000398
Event: 3.252 Thread 0x000001d1a0a63530 Uncommon trap: reason=profile_predicate action=maybe_recompile pc=0x000001d1b1379018 method=java.util.regex.Pattern$Slice.match(Ljava/util/regex/Matcher;ILjava/lang/CharSequence;)Z @ 18 c2
Event: 3.252 Thread 0x000001d1a0a63530 DEOPT PACKING pc=0x000001d1b1379018 sp=0x0000005d5e9fbd10
Event: 3.252 Thread 0x000001d1a0a63530 DEOPT UNPACKING pc=0x000001d1b0d73582 sp=0x0000005d5e9fbca0 mode 2

Classes loaded (20 events):
Event: 2.343 Loading class java/lang/invoke/BoundMethodHandle$Species_LI
Event: 2.343 Loading class java/lang/invoke/BoundMethodHandle$Species_LI done
Event: 2.343 Loading class java/lang/invoke/ClassSpecializer$Factory$1
Event: 2.344 Loading class java/lang/invoke/ClassSpecializer$Factory$1 done
Event: 2.344 Loading class java/lang/invoke/ClassSpecializer$Factory$1$1
Event: 2.344 Loading class java/lang/invoke/ClassSpecializer$Factory$1$1 done
Event: 2.344 Loading class java/lang/invoke/ClassSpecializer$Factory$1$1Var
Event: 2.344 Loading class java/lang/invoke/ClassSpecializer$Factory$1$1Var done
Event: 2.344 Loading class java/lang/invoke/ClassSpecializer$Factory$1$2
Event: 2.344 Loading class java/lang/invoke/ClassSpecializer$Factory$1$2 done
Event: 2.344 Loading class java/lang/invoke/ClassSpecializer$Factory$1$3
Event: 2.345 Loading class java/lang/invoke/ClassSpecializer$Factory$1$3 done
Event: 2.345 Loading class java/lang/invoke/ClassSpecializer$Factory$1$4
Event: 2.345 Loading class java/lang/invoke/ClassSpecializer$Factory$1$4 done
Event: 2.345 Loading class java/lang/invoke/ClassSpecializer$Factory$1$5
Event: 2.345 Loading class java/lang/invoke/ClassSpecializer$Factory$1$5 done
Event: 2.345 Loading class java/lang/invoke/ClassSpecializer$Factory$1$5$1
Event: 2.345 Loading class java/lang/invoke/ClassSpecializer$Factory$1$5$1 done
Event: 2.408 Loading class java/util/stream/Streams$RangeIntSpliterator
Event: 2.408 Loading class java/util/stream/Streams$RangeIntSpliterator done

Classes unloaded (0 events):
No events

Classes redefined (0 events):
No events

Internal exceptions (20 events):
Event: 0.694 Thread 0x000001d1a0a63530 Exception <a 'java/lang/NoSuchMethodError'{0x0000000083f73f28}: 'java.lang.Object java.lang.invoke.DirectMethodHandle$Holder.newInvokeSpecial(java.lang.Object, java.lang.Object, java.lang.Object, java.lang.Object, java.lang.Object)'> (0x0000000083f73f28) 
thrown [s\open\src\hotspot\share\interpreter\linkResolver.cpp, line 804]
Event: 0.727 Thread 0x000001d1a0a63530 Exception <a 'java/lang/NoSuchMethodError'{0x0000000083eb3ff0}: 'int java.lang.invoke.DirectMethodHandle$Holder.invokeStaticInit(java.lang.Object, java.lang.Object)'> (0x0000000083eb3ff0) 
thrown [s\open\src\hotspot\share\interpreter\linkResolver.cpp, line 804]
Event: 0.735 Thread 0x000001d1a0a63530 Exception <a 'java/lang/NoClassDefFoundError'{0x0000000083ef5d60}: javax/enterprise/inject/Typed> (0x0000000083ef5d60) 
thrown [s\open\src\hotspot\share\classfile\systemDictionary.cpp, line 318]
Event: 1.729 Thread 0x000001d1a0a63530 Exception <a 'java/lang/NoSuchMethodError'{0x0000000083dfeeb0}: 'void java.lang.invoke.DirectMethodHandle$Holder.invokeStaticInit(java.lang.Object, java.lang.Object, java.lang.Object)'> (0x0000000083dfeeb0) 
thrown [s\open\src\hotspot\share\interpreter\linkResolver.cpp, line 804]
Event: 1.741 Thread 0x000001d1a0a63530 Implicit null exception at 0x000001d1b1284ba0 to 0x000001d1b1284d28
Event: 1.743 Thread 0x000001d1a0a63530 Exception <a 'java/lang/NoSuchMethodError'{0x0000000083c95b60}: 'java.lang.Object java.lang.invoke.Invokers$Holder.invokeExact_MT(java.lang.Object, int, java.lang.Object)'> (0x0000000083c95b60) 
thrown [s\open\src\hotspot\share\interpreter\linkResolver.cpp, line 804]
Event: 1.967 Thread 0x000001d1a0a63530 Exception <a 'java/lang/NoSuchMethodError'{0x00000000843243f8}: 'void java.lang.invoke.Invokers$Holder.invokeExact_MT(java.lang.Object, java.lang.Object, java.lang.Object, java.lang.Object)'> (0x00000000843243f8) 
thrown [s\open\src\hotspot\share\interpreter\linkResolver.cpp, line 804]
Event: 1.990 Thread 0x000001d1a0a63530 Exception <a 'java/lang/NoClassDefFoundError'{0x00000000843bb958}: com/google/inject/servlet/ServletModuleTargetVisitor> (0x00000000843bb958) 
thrown [s\open\src\hotspot\share\classfile\systemDictionary.cpp, line 318]
Event: 2.078 Thread 0x000001d1a0a63530 Exception <a 'java/lang/NoSuchMethodError'{0x000000008405a840}: 'java.lang.Object java.lang.invoke.DirectMethodHandle$Holder.invokeStaticInit(java.lang.Object, int, int, int, int)'> (0x000000008405a840) 
thrown [s\open\src\hotspot\share\interpreter\linkResolver.cpp, line 804]
Event: 2.174 Thread 0x000001d1a0a63530 Implicit null exception at 0x000001d1b1234d36 to 0x000001d1b123575c
Event: 2.235 Thread 0x000001d1a0a63530 Exception <a 'java/lang/NoSuchMethodError'{0x0000000083be6bc8}: 'void java.lang.invoke.DirectMethodHandle$Holder.invokeSpecial(java.lang.Object, java.lang.Object, java.lang.Object, java.lang.Object, java.lang.Object, java.lang.Object)'> (0x0000000083be6bc8) 
thrown [s\open\src\hotspot\share\interpreter\linkResolver.cpp, line 804]
Event: 2.264 Thread 0x000001d1a0a63530 Exception <a 'java/lang/NoSuchMethodError'{0x0000000084740160}: 'java.lang.Object java.lang.invoke.DirectMethodHandle$Holder.invokeVirtual(java.lang.Object, java.lang.Object, java.lang.Object)'> (0x0000000084740160) 
thrown [s\open\src\hotspot\share\interpreter\linkResolver.cpp, line 804]
Event: 2.343 Thread 0x000001d1a0a63530 Exception <a 'java/lang/NoSuchMethodError'{0x000000008459fb68}: 'void java.lang.invoke.DirectMethodHandle$Holder.invokeVirtual(java.lang.Object, java.lang.Object, int)'> (0x000000008459fb68) 
thrown [s\open\src\hotspot\share\interpreter\linkResolver.cpp, line 804]
Event: 2.347 Thread 0x000001d1a0a63530 Exception <a 'java/lang/NoSuchMethodError'{0x00000000845b82c0}: 'java.lang.Object java.lang.invoke.DirectMethodHandle$Holder.invokeStatic(java.lang.Object, java.lang.Object, java.lang.Object, java.lang.Object, int)'> (0x00000000845b82c0) 
thrown [s\open\src\hotspot\share\interpreter\linkResolver.cpp, line 804]
Event: 2.348 Thread 0x000001d1a0a63530 Exception <a 'java/lang/NoSuchMethodError'{0x00000000845c99f0}: 'void java.lang.invoke.DirectMethodHandle$Holder.invokeSpecial(java.lang.Object, java.lang.Object, java.lang.Object, int)'> (0x00000000845c99f0) 
thrown [s\open\src\hotspot\share\interpreter\linkResolver.cpp, line 804]
Event: 2.349 Thread 0x000001d1a0a63530 Exception <a 'java/lang/NoSuchMethodError'{0x00000000845d1d88}: 'void java.lang.invoke.DelegatingMethodHandle$Holder.reinvoke_L(java.lang.Object, java.lang.Object, int)'> (0x00000000845d1d88) 
thrown [s\open\src\hotspot\share\interpreter\linkResolver.cpp, line 804]
Event: 2.770 Thread 0x000001d1a0a63530 Implicit null exception at 0x000001d1b12ea4d4 to 0x000001d1b12eb058
Event: 2.770 Thread 0x000001d1a0a63530 Implicit null exception at 0x000001d1b12a9dcd to 0x000001d1b12a9fa8
Event: 2.770 Thread 0x000001d1a0a63530 Implicit null exception at 0x000001d1b12fb4b9 to 0x000001d1b12fba54
Event: 2.772 Thread 0x000001d1a0a63530 Exception <a 'java/lang/NoSuchMethodError'{0x000000008411d5f0}: 'void java.lang.invoke.DirectMethodHandle$Holder.invokeStatic(java.lang.Object, java.lang.Object, java.lang.Object, java.lang.Object)'> (0x000000008411d5f0) 
thrown [s\open\src\hotspot\share\interpreter\linkResolver.cpp, line 804]

VM Operations (20 events):
Event: 2.066 Executing non-safepoint VM operation: HandshakeAllThreads (Deoptimize)
Event: 2.066 Executing non-safepoint VM operation: HandshakeAllThreads (Deoptimize) done
Event: 2.091 Executing non-safepoint VM operation: HandshakeAllThreads (Deoptimize)
Event: 2.091 Executing non-safepoint VM operation: HandshakeAllThreads (Deoptimize) done
Event: 2.109 Executing non-safepoint VM operation: HandshakeAllThreads (Deoptimize)
Event: 2.109 Executing non-safepoint VM operation: HandshakeAllThreads (Deoptimize) done
Event: 2.143 Executing non-safepoint VM operation: HandshakeAllThreads (Deoptimize)
Event: 2.143 Executing non-safepoint VM operation: HandshakeAllThreads (Deoptimize) done
Event: 2.143 Executing non-safepoint VM operation: HandshakeAllThreads (Deoptimize)
Event: 2.143 Executing non-safepoint VM operation: HandshakeAllThreads (Deoptimize) done
Event: 2.240 Executing safepoint VM operation: G1CollectForAllocation (G1 Evacuation Pause)
Event: 2.247 Executing safepoint VM operation: G1CollectForAllocation (G1 Evacuation Pause) done
Event: 2.505 Executing safepoint VM operation: G1CollectForAllocation (G1 Evacuation Pause)
Event: 2.512 Executing safepoint VM operation: G1CollectForAllocation (G1 Evacuation Pause) done
Event: 2.655 Executing safepoint VM operation: G1CollectForAllocation (G1 Evacuation Pause)
Event: 2.661 Executing safepoint VM operation: G1CollectForAllocation (G1 Evacuation Pause) done
Event: 2.823 Executing safepoint VM operation: G1CollectForAllocation (G1 Evacuation Pause)
Event: 2.833 Executing safepoint VM operation: G1CollectForAllocation (G1 Evacuation Pause) done
Event: 3.243 Executing safepoint VM operation: G1CollectForAllocation (G1 Evacuation Pause)
Event: 3.249 Executing safepoint VM operation: G1CollectForAllocation (G1 Evacuation Pause) done

Memory protections (0 events):
No events

Nmethod flushes (0 events):
No events

Events (18 events):
Event: 0.022 Thread 0x000001d1a0a63530 Thread added: 0x000001d1a0a63530
Event: 0.033 Thread 0x000001d1a0a63530 Thread added: 0x000001d1a0b298a0
Event: 0.033 Thread 0x000001d1a0a63530 Thread added: 0x000001d1a0b2a2f0
Event: 0.033 Thread 0x000001d1a0a63530 Thread added: 0x000001d1bdf263c0
Event: 0.033 Thread 0x000001d1a0a63530 Thread added: 0x000001d1bdf26f70
Event: 0.034 Thread 0x000001d1a0a63530 Thread added: 0x000001d1bdf2a1d0
Event: 0.034 Thread 0x000001d1a0a63530 Thread added: 0x000001d1bdf2ad80
Event: 0.034 Thread 0x000001d1a0a63530 Thread added: 0x000001d1bdf2c680
Event: 0.034 Thread 0x000001d1a0a63530 Thread added: 0x000001d1bdf3c380
Event: 0.041 Thread 0x000001d1a0a63530 Thread added: 0x000001d1c20949d0
Event: 0.043 Thread 0x000001d1a0a63530 Thread added: 0x000001d1c2096d30
Event: 0.152 Thread 0x000001d1bdf3c380 Thread added: 0x000001d1c275eed0
Event: 0.234 Thread 0x000001d1a0a63530 Thread added: 0x000001d1c215bf20
Event: 0.256 Thread 0x000001d1c215bf20 Thread exited: 0x000001d1c215bf20
Event: 0.771 Thread 0x000001d1bdf3c380 Thread added: 0x000001d1c2f61270
Event: 1.496 Thread 0x000001d1c2f61270 Thread exited: 0x000001d1c2f61270
Event: 2.108 Thread 0x000001d1a0a63530 Thread added: 0x000001d1c2e5cb80
Event: 2.288 Thread 0x000001d1bdf3c380 Thread added: 0x000001d1c3a61250


Dynamic libraries:
0x00007ff6c51c0000 - 0x00007ff6c51d0000 	C:\Program Files\Java\jdk-26.0.1\bin\java.exe
0x00007ffc9f290000 - 0x00007ffc9f488000 	C:\Windows\SYSTEM32\ntdll.dll
0x00007ffc9ea20000 - 0x00007ffc9eae2000 	C:\Windows\System32\KERNEL32.DLL
0x00007ffc9cbd0000 - 0x00007ffc9cec6000 	C:\Windows\System32\KERNELBASE.dll
0x00007ffc9ca40000 - 0x00007ffc9cb40000 	C:\Windows\System32\ucrtbase.dll
0x00007ffc7e4b0000 - 0x00007ffc7e4c7000 	C:\Program Files\Java\jdk-26.0.1\bin\jli.dll
0x00007ffc7c640000 - 0x00007ffc7c65e000 	C:\Program Files\Java\jdk-26.0.1\bin\VCRUNTIME140.dll
0x00007ffc9daf0000 - 0x00007ffc9dc91000 	C:\Windows\System32\USER32.dll
0x00007ffc9ced0000 - 0x00007ffc9cef2000 	C:\Windows\System32\win32u.dll
0x00007ffc81f00000 - 0x00007ffc8219b000 	C:\Windows\WinSxS\amd64_microsoft.windows.common-controls_6595b64144ccf1df_6.0.19041.6456_none_60b8a6cb71f64256\COMCTL32.dll
0x00007ffc9eb50000 - 0x00007ffc9eb7b000 	C:\Windows\System32\GDI32.dll
0x00007ffc9d2b0000 - 0x00007ffc9d34e000 	C:\Windows\System32\msvcrt.dll
0x00007ffc9c920000 - 0x00007ffc9ca39000 	C:\Windows\System32\gdi32full.dll
0x00007ffc9d1e0000 - 0x00007ffc9d27d000 	C:\Windows\System32\msvcp_win.dll
0x00007ffc9dac0000 - 0x00007ffc9daef000 	C:\Windows\System32\IMM32.DLL
0x00007ffc82c90000 - 0x00007ffc82c9c000 	C:\Program Files\Java\jdk-26.0.1\bin\vcruntime140_1.dll
0x00007ffc711f0000 - 0x00007ffc7127d000 	C:\Program Files\Java\jdk-26.0.1\bin\msvcp140.dll
0x00007ffc47ab0000 - 0x00007ffc4897e000 	C:\Program Files\Java\jdk-26.0.1\bin\server\jvm.dll
0x00007ffc9e7d0000 - 0x00007ffc9e881000 	C:\Windows\System32\ADVAPI32.dll
0x00007ffc9eb80000 - 0x00007ffc9ec1f000 	C:\Windows\System32\sechost.dll
0x00007ffc9e890000 - 0x00007ffc9e9b0000 	C:\Windows\System32\RPCRT4.dll
0x00007ffc9d280000 - 0x00007ffc9d2a7000 	C:\Windows\System32\bcrypt.dll
0x00007ffc9dde0000 - 0x00007ffc9de4b000 	C:\Windows\System32\WS2_32.dll
0x00007ffc9c780000 - 0x00007ffc9c7cb000 	C:\Windows\SYSTEM32\POWRPROF.dll
0x00007ffc8d190000 - 0x00007ffc8d1b7000 	C:\Windows\SYSTEM32\WINMM.dll
0x00007ffc96b90000 - 0x00007ffc96b9a000 	C:\Windows\SYSTEM32\VERSION.dll
0x00007ffc9c760000 - 0x00007ffc9c772000 	C:\Windows\SYSTEM32\UMPDC.dll
0x00007ffc9b160000 - 0x00007ffc9b172000 	C:\Windows\SYSTEM32\kernel.appcore.dll
0x00007ffc80800000 - 0x00007ffc8080a000 	C:\Program Files\Java\jdk-26.0.1\bin\jimage.dll
0x00007ffc9a360000 - 0x00007ffc9a561000 	C:\Windows\SYSTEM32\DBGHELP.DLL
0x00007ffc79ac0000 - 0x00007ffc79af4000 	C:\Windows\SYSTEM32\dbgcore.DLL
0x00007ffc9cb40000 - 0x00007ffc9cbc2000 	C:\Windows\System32\bcryptPrimitives.dll
0x00007ffc7aea0000 - 0x00007ffc7aebf000 	C:\Program Files\Java\jdk-26.0.1\bin\java.dll
0x00007ffc9e440000 - 0x00007ffc9e56b000 	C:\Windows\System32\ole32.dll
0x00007ffc9eef0000 - 0x00007ffc9f244000 	C:\Windows\System32\combase.dll
0x00007ffc9d350000 - 0x00007ffc9dac0000 	C:\Windows\System32\SHELL32.dll
0x00007ffc9a970000 - 0x00007ffc9b115000 	C:\Windows\SYSTEM32\windows.storage.dll
0x00007ffc9c270000 - 0x00007ffc9c29b000 	C:\Windows\SYSTEM32\Wldp.dll
0x00007ffc9ec30000 - 0x00007ffc9ecfd000 	C:\Windows\System32\OLEAUT32.dll
0x00007ffc9ed00000 - 0x00007ffc9edad000 	C:\Windows\System32\SHCORE.dll
0x00007ffc9e3e0000 - 0x00007ffc9e43b000 	C:\Windows\System32\shlwapi.dll
0x00007ffc9c850000 - 0x00007ffc9c874000 	C:\Windows\SYSTEM32\profapi.dll
0x00007ffc7a850000 - 0x00007ffc7a862000 	C:\Program Files\Java\jdk-26.0.1\bin\net.dll
0x00007ffc9bfd0000 - 0x00007ffc9c03a000 	C:\Windows\system32\mswsock.dll
0x00007ffc7a460000 - 0x00007ffc7a476000 	C:\Program Files\Java\jdk-26.0.1\bin\nio.dll
0x00007ffc7a0f0000 - 0x00007ffc7a107000 	C:\Program Files\Java\jdk-26.0.1\bin\zip.dll
0x00007ffc73880000 - 0x00007ffc738a4000 	C:\Users\ceaser\.m2\wrapper\dists\apache-maven-3.9.16\0daed3be3ebd1c706f0e69e8b07c6b73f5cc4ea3dfce72a8d0ec2e849ca2ddb0\lib\jansi-native\Windows\x86_64\jansi.dll
0x00007ffc7fb30000 - 0x00007ffc7fb40000 	C:\Program Files\Java\jdk-26.0.1\bin\verify.dll

JVMTI agents: none

dbghelp: loaded successfully - version: 4.0.5 - missing functions: none
symbol engine: initialized successfully - sym options: 0x614 - pdb path: .;C:\Program Files\Java\jdk-26.0.1\bin;C:\Windows\SYSTEM32;C:\Windows\WinSxS\amd64_microsoft.windows.common-controls_6595b64144ccf1df_6.0.19041.6456_none_60b8a6cb71f64256;C:\Program Files\Java\jdk-26.0.1\bin\server;C:\Users\ceaser\.m2\wrapper\dists\apache-maven-3.9.16\0daed3be3ebd1c706f0e69e8b07c6b73f5cc4ea3dfce72a8d0ec2e849ca2ddb0\lib\jansi-native\Windows\x86_64

VM Arguments:
jvm_args: --enable-native-access=ALL-UNNAMED -Dclassworlds.conf=C:\Users\ceaser\.m2\wrapper\dists\apache-maven-3.9.16\0daed3be3ebd1c706f0e69e8b07c6b73f5cc4ea3dfce72a8d0ec2e849ca2ddb0\bin\m2.conf -Dmaven.home=C:\Users\ceaser\.m2\wrapper\dists\apache-maven-3.9.16\0daed3be3ebd1c706f0e69e8b07c6b73f5cc4ea3dfce72a8d0ec2e849ca2ddb0 -Dlibrary.jansi.path=C:\Users\ceaser\.m2\wrapper\dists\apache-maven-3.9.16\0daed3be3ebd1c706f0e69e8b07c6b73f5cc4ea3dfce72a8d0ec2e849ca2ddb0\lib\jansi-native -Dmaven.multiModuleProjectDirectory=E:\Java\CareFlow\Backend\careflow-backend 
java_command: org.codehaus.plexus.classworlds.launcher.Launcher spring-boot:run -Dspring-boot.run.jvmArguments='-Xms256m -Xmx512m'
java_class_path (initial): C:\Users\ceaser\.m2\wrapper\dists\apache-maven-3.9.16\0daed3be3ebd1c706f0e69e8b07c6b73f5cc4ea3dfce72a8d0ec2e849ca2ddb0\boot\plexus-classworlds-2.11.0.jar
Launcher Type: SUN_STANDARD

[Global flags]
     bool AOTAdapterCaching                        = false                                  {diagnostic} {ergonomic}
     bool AOTInvokeDynamicLinking                  = false                                  {diagnostic} {ergonomic}
     bool AOTRecordTraining                        = false                                  {diagnostic} {ergonomic}
     bool AOTReplayTraining                        = false                                  {diagnostic} {ergonomic}
     bool AOTStubCaching                           = false                                  {diagnostic} {ergonomic}
     intx CICompilerCount                          = 4                                         {product} {ergonomic}
     uint ConcGCThreads                            = 2                                         {product} {ergonomic}
     uint G1ConcRefinementThreads                  = 8                                         {product} {ergonomic}
     uint G1EagerReclaimRemSetThreshold            = 10                                   {experimental} {ergonomic}
   size_t G1HeapRegionSize                         = 1048576                                   {product} {ergonomic}
     uint G1RemSetArrayOfCardsEntries              = 10                                   {experimental} {ergonomic}
     uint G1RemSetHowlMaxNumBuckets                = 8                                    {experimental} {ergonomic}
     uint G1RemSetHowlNumBuckets                   = 4                                    {experimental} {ergonomic}
   size_t InitialHeapSize                          = 8388608                                   {product} {ergonomic}
     bool IntelJccErratumMitigation                = true                              {ARCH diagnostic} {ergonomic}
   size_t MarkStackSize                            = 4194304                                   {product} {ergonomic}
   size_t MarkStackSizeMax                         = 536870912                                 {product} {ergonomic}
   size_t MaxHeapSize                              = 2097152000                                {product} {ergonomic}
   size_t MaxNewSize                               = 1258291200                                {product} {ergonomic}
 uint64_t MaxRAM                                   = 8386813952                                {product} {ergonomic}
   size_t MinHeapDeltaBytes                        = 1048576                                   {product} {ergonomic}
   size_t MinHeapSize                              = 8388608                                   {product} {ergonomic}
   size_t NonNMethodCodeHeapSize                   = 5898240                                {pd product} {ergonomic}
   size_t NonProfiledCodeHeapSize                  = 122945536                              {pd product} {ergonomic}
   size_t ProfiledCodeHeapSize                     = 122945536                              {pd product} {ergonomic}
   size_t ReservedCodeCacheSize                    = 251789312                              {pd product} {ergonomic}
     bool SegmentedCodeCache                       = true                                      {product} {ergonomic}
   size_t SoftMaxHeapSize                          = 2097152000                             {manageable} {ergonomic}
     bool UseCompressedOops                        = true                           {product lp64_product} {ergonomic}
     bool UseCondCardMark                          = true                                      {product} {ergonomic}
     bool UseFastUnorderedTimeStamps               = true                                 {experimental} {ergonomic}
     bool UseG1GC                                  = true                                      {product} {ergonomic}
     bool UseLargePagesIndividualAllocation        = false                                  {pd product} {ergonomic}
      int X86ICacheSync                            = 2                                 {ARCH diagnostic} {ergonomic}

Logging:
Log output configuration:
 #0: stdout all=warning uptime,level,tags foldmultilines=false
 #1: stderr all=off uptime,level,tags foldmultilines=false

Release file:
IMPLEMENTOR="Oracle Corporation" 
JAVA_RUNTIME_VERSION="26.0.1+8-34" 
JAVA_VERSION="26.0.1" 
JAVA_VERSION_DATE="2026-04-21" 
LIBC="default" 
MODULES="java.base java.compiler java.datatransfer java.xml java.prefs java.desktop java.instrument java.logging java.management java.security.sasl java.naming java.rmi java.management.rmi java.net.http java.scripting java.security.jgss java.transaction.xa java.sql java.sql.rowset java.xml.crypto java.se java.smartcardio jdk.accessibility jdk.internal.jvmstat jdk.attach jdk.charsets jdk.internal.opt jdk.zipfs jdk.compiler jdk.crypto.cryptoki jdk.crypto.ec jdk.crypto.mscapi jdk.dynalink jdk.internal.ed jdk.editpad jdk.internal.vm.ci jdk.graal.compiler jdk.graal.compiler.management jdk.hotspot.agent jdk.httpserver jdk.incubator.vector jdk.internal.le jdk.internal.md jdk.jartool jdk.javadoc jdk.jcmd jdk.management jdk.management.agent jdk.jconsole jdk.jdeps jdk.jdwp.agent jdk.jdi jdk.jfr jdk.jlink jdk.jpackage jdk.jshell jdk.jstatd jdk.localedata jdk.management.jfr jdk.naming.dns jdk.naming.rmi jdk.net jdk.nio.mapmode jdk.sctp jdk.security.auth jdk.security.jgss jdk.unsupported jdk.unsupported.desktop jdk.xml.dom" 
OS_ARCH="x86_64" 
OS_NAME="Windows" 
SOURCE=".:git:8fcde8268d22 open:git:fcc00fc4aee7" 

Environment Variables:
PATH=C:\Program Files\Common Files\Oracle\Java\javapath;C:\Windows\system32;C:\Windows;C:\Windows\System32\Wbem;C:\Windows\System32\WindowsPowerShell\v1.0\;C:\Windows\System32\OpenSSH\;C:\Program Files\Git\cmd;C:\Program Files\nodejs\;C:\Program Files\dotnet\;C:\Users\ceaser\.local\bin;C:\Users\ceaser\AppData\Local\Programs\Python\Python314\Scripts\;C:\Users\ceaser\AppData\Local\Programs\Python\Python314\;C:\Users\ceaser\AppData\Local\Microsoft\WindowsApps;C:\Users\ceaser\AppData\Local\Programs\Antigravity\bin;C:\Users\ceaser\AppData\Roaming\npm;C:\Users\ceaser\AppData\Local\Programs\Antigravity IDE\bin;C:\Users\ceaser\.dotnet\tools;c:\Users\ceaser\.antigravity-ide\extensions\vscjava.vscode-java-debug-0.59.0-universal\bundled\scripts\noConfigScripts
USERNAME=ceaser
LANG=en_US.UTF-8
OS=Windows_NT
PROCESSOR_IDENTIFIER=Intel64 Family 6 Model 142 Stepping 12, GenuineIntel
TMP=C:\Users\ceaser\AppData\Local\Temp
TEMP=C:\Users\ceaser\AppData\Local\Temp




Compilation memory statistics disabled.

Periodic native trim disabled

---------------  S Y S T E M  ---------------

OS:
 Windows 10 , 64 bit Build 19041 (10.0.19041.5915)
OS uptime: 66 days 2:04 hours

CPU: total 8 (initial active 8) (4 cores per cpu, 2 threads per core) family 6 model 142 stepping 12 microcode 0x100, cx8, cmov, fxsr, ht, mmx, 3dnowpref, sse, sse2, sse3, ssse3, sse4.1, sse4.2, popcnt, lzcnt, tsc, tscinvbit, avx, avx2, aes, erms, clmul, bmi1, bmi2, adx, fma, vzeroupper, clflush, clflushopt, rdtscp, f16c
Processor Information for the first 8 processors :
  Max Mhz: 1800, Current Mhz: 1600, Mhz Limit: 1584

Memory: 4k page, system-wide physical 7998M (690M free)
TotalPageFile size 23177M (AvailPageFile size 7M)
current process WorkingSet (physical memory assigned to process): 146M, peak: 149M
current process commit charge ("private bytes"): 187M, peak: 194M

vm_info: Java HotSpot(TM) 64-Bit Server VM (26.0.1+8-34) for windows-amd64 JRE (26.0.1+8-34), built on 2026-03-10T17:24:10Z with MS VC++ 17.13 (VS2022)

END.
