#
# There is insufficient memory for the Java Runtime Environment to continue.
# Native memory allocation (mmap) failed to map 65536 bytes. Error detail: Failed to commit metaspace.
# Possible reasons:
#   The system is out of physical RAM or swap space
#   This process is running with CompressedOops enabled, and the Java Heap may be blocking the growth of the native heap
# Possible solutions:
#   Reduce memory load on the system
#   Increase physical memory or swap space
#   Check if swap backing store is full
#   Decrease Java heap size (-Xmx/-Xms)
#   Decrease number of Java threads
#   Decrease Java thread stack sizes (-Xss)
#   Set larger code cache with -XX:ReservedCodeCacheSize=
#   JVM is running with Unscaled Compressed Oops mode in which the Java heap is
#     placed in the first 4GB address space. The Java Heap base address is the
#     maximum limit for the native heap growth. Please use -XX:HeapBaseMinAddress
#     to set the Java Heap base and to place the Java Heap above 4GB virtual address.
# This output file may be truncated or incomplete.
#
#  Out of Memory Error (virtualSpaceNode.cpp:113), pid=32216, tid=38468
#
# JRE version: Java(TM) SE Runtime Environment (26.0.1+8) (build 26.0.1+8-34)
# Java VM: Java HotSpot(TM) 64-Bit Server VM (26.0.1+8-34, mixed mode, emulated-client, sharing, tiered, compressed oops, compressed class ptrs, g1 gc, windows-amd64)
# No core dump will be written. Minidumps are not enabled by default on client versions of Windows
#

---------------  S U M M A R Y ------------

Command Line: -XX:TieredStopAtLevel=1 com.careflow.CareFlowApplication

Host: Intel(R) Core(TM) i5-8265U CPU @ 1.60GHz, 8 cores, 7G,  Windows 10 , 64 bit Build 19041 (10.0.19041.5915)
Time: Mon Sep  7 02:04:32 2026 Morocco Daylight Time elapsed time: 0.574825 seconds (0d 0h 0m 0s)

---------------  T H R E A D  ---------------

Current thread (0x0000027636129d70):  JavaThread "main"             [_thread_in_vm, id=38468, stack(0x000000ba80500000,0x000000ba80600000) (1024K)]

Stack: [0x000000ba80500000,0x000000ba80600000]
Native frames: (J=compiled Java code, j=interpreted, Vv=VM code, C=native code)
V  [jvm.dll+0x7d5879]  (no source info available)
V  [jvm.dll+0x7a37dd]  (no source info available)
V  [jvm.dll+0x9b0c10]  (no source info available)
V  [jvm.dll+0x9b3061]  (no source info available)
V  [jvm.dll+0x9b3773]  (no source info available)
V  [jvm.dll+0x30df76]  (no source info available)
V  [jvm.dll+0x9ad9ce]  (no source info available)
V  [jvm.dll+0x773cd4]  (no source info available)
V  [jvm.dll+0x773d3a]  (no source info available)
V  [jvm.dll+0x776626]  (no source info available)
V  [jvm.dll+0x7763b5]  (no source info available)
V  [jvm.dll+0x2aba92]  (no source info available)
V  [jvm.dll+0x7746fe]  (no source info available)
V  [jvm.dll+0x77b82c]  (no source info available)
V  [jvm.dll+0x29a4b2]  (no source info available)
V  [jvm.dll+0x29a9d5]  (no source info available)
V  [jvm.dll+0x29b3fd]  (no source info available)
V  [jvm.dll+0x290d20]  (no source info available)
V  [jvm.dll+0x69eda4]  (no source info available)
V  [jvm.dll+0x2a3881]  (no source info available)
V  [jvm.dll+0x91d63f]  (no source info available)
V  [jvm.dll+0x91e84a]  (no source info available)
V  [jvm.dll+0x91ed82]  (no source info available)
V  [jvm.dll+0x538ee8]  (no source info available)
C  [java.dll+0x1a19]  (no source info available)
C  0x00000276412f9213  (no source info available)

The last pc belongs to native nmethod (printed below).
Java frames: (J=compiled Java code, j=interpreted, Vv=VM code)
J 377  java.lang.ClassLoader.findBootstrapClass(Ljava/lang/String;)Ljava/lang/Class; java.base@26.0.1 (0 bytes) @ 0x00000276412f91da [0x00000276412f9180+0x000000000000005a]
J 604 c1 jdk.internal.loader.ClassLoaders$BootClassLoader.loadClassOrNull(Ljava/lang/String;Z)Ljava/lang/Class; java.base@26.0.1 (10 bytes) @ 0x0000027641340e7c [0x0000027641340e00+0x000000000000007c]
J 460 c1 jdk.internal.loader.BuiltinClassLoader.loadClassOrNull(Ljava/lang/String;Z)Ljava/lang/Class; java.base@26.0.1 (143 bytes) @ 0x0000027641316444 [0x0000027641316100+0x0000000000000344]
J 603 c1 jdk.internal.loader.BuiltinClassLoader.loadClass(Ljava/lang/String;Z)Ljava/lang/Class; java.base@26.0.1 (22 bytes) @ 0x0000027641340b5c [0x0000027641340b00+0x000000000000005c]
J 602 c1 java.lang.ClassLoader.loadClass(Ljava/lang/String;)Ljava/lang/Class; java.base@26.0.1 (7 bytes) @ 0x0000027641340854 [0x0000027641340800+0x0000000000000054]
v  ~StubRoutines::Stub Generator call_stub_stub 0x00000276411018e2
J 945  java.lang.Class.forName0(Ljava/lang/String;ZLjava/lang/ClassLoader;)Ljava/lang/Class; java.base@26.0.1 (0 bytes) @ 0x000002764142fcf6 [0x000002764142fc80+0x0000000000000076]
j  java.lang.Class.forName(Ljava/lang/String;ZLjava/lang/ClassLoader;)Ljava/lang/Class;+7 java.base@26.0.1
j  org.springframework.util.ClassUtils.forName(Ljava/lang/String;Ljava/lang/ClassLoader;)Ljava/lang/Class;+85
j  org.springframework.util.ClassUtils.isPresent(Ljava/lang/String;Ljava/lang/ClassLoader;)Z+2
j  org.springframework.web.context.support.StandardServletEnvironment.<clinit>()V+7
v  ~StubRoutines::Stub Generator call_stub_stub 0x00000276411018e2
j  org.springframework.boot.web.server.servlet.context.ServletWebServerApplicationContextFactory.createEnvironment(Lorg/springframework/boot/WebApplicationType;)Lorg/springframework/core/env/ConfigurableEnvironment;+11
j  org.springframework.boot.DefaultApplicationContextFactory$$Lambda+0x000000003c0a68e0.apply(Ljava/lang/Object;Ljava/lang/Object;)Ljava/lang/Object;+8
j  org.springframework.boot.DefaultApplicationContextFactory.getFromSpringFactories(Lorg/springframework/boot/WebApplicationType;Ljava/util/function/BiFunction;Ljava/util/function/Supplier;)Ljava/lang/Object;+45
j  org.springframework.boot.DefaultApplicationContextFactory.createEnvironment(Lorg/springframework/boot/WebApplicationType;)Lorg/springframework/core/env/ConfigurableEnvironment;+8
j  org.springframework.boot.SpringApplication.getOrCreateEnvironment()Lorg/springframework/core/env/ConfigurableEnvironment;+25
j  org.springframework.boot.SpringApplication.prepareEnvironment(Lorg/springframework/boot/SpringApplicationRunListeners;Lorg/springframework/boot/bootstrap/DefaultBootstrapContext;Lorg/springframework/boot/ApplicationArguments;)Lorg/springframework/core/env/ConfigurableEnvironment;+1
j  org.springframework.boot.SpringApplication.run([Ljava/lang/String;)Lorg/springframework/context/ConfigurableApplicationContext;+65
j  org.springframework.boot.SpringApplication.run([Ljava/lang/Class;[Ljava/lang/String;)Lorg/springframework/context/ConfigurableApplicationContext;+9
j  org.springframework.boot.SpringApplication.run(Ljava/lang/Class;[Ljava/lang/String;)Lorg/springframework/context/ConfigurableApplicationContext;+9
j  com.careflow.CareFlowApplication.main([Ljava/lang/String;)V+3
v  ~StubRoutines::Stub Generator call_stub_stub 0x00000276411018e2
Lock stack of current Java thread (top to bottom):
LockStack[0]: java.lang.Object 
{0x0000000084d93498} - klass: 'java/lang/Object' - flags: 

 - ---- fields (total size 2 words):


Compiled method (n/a) 680  377     n 0       java.lang.ClassLoader::findBootstrapClass (native)
 total in heap  [0x00000276412f9088,0x00000276412f9440] = 952
 main code      [0x00000276412f9180,0x00000276412f943c] = 700
 stub code      [0x00000276412f943c,0x00000276412f9440] = 4
 mutable data [0x000002764e061e50,0x000002764e061e70] = 32
 relocation     [0x000002764e061e50,0x000002764e061e70] = 32

[Constant Pool (empty)]


Loading hsdis library failed, undisassembled code is shown in MachCode section
[MachCode]
[Entry Point]
  # {method} {0x000000003b4acd20} 'findBootstrapClass' '(Ljava/lang/String;)Ljava/lang/Class;' in 'java/lang/ClassLoader'
  # parm0:    rdx:rdx   = 'java/lang/String'
  #           [sp+0x70]  (sp of caller)
  0x00000276412f9180: 6690 448b | 5208 443b 

  0x00000276412f9188: ;   {runtime_call Shared Runtime ic_miss_blob}
  0x00000276412f9188: 5008 0f85 | 505c e5ff 
[Verified Entry Point]
  0x00000276412f9190: 8984 2400 | 80ff ff55 | 488b ec48 | 83ec 6090 | 4181 7f20 | 0300 0000 

  0x00000276412f91a8: ;   {runtime_call Stub::Stub Generator method_entry_barrier_stub}
  0x00000276412f91a8: 7405 e8d1 | aee3 ff48 | 8954 2420 | 4883 fa00 | 4c8d 4424 | 204c 0f44 

  0x00000276412f91c0: ;   {oop(a 'java/lang/Class'{0x00000000ffe3ede8} = 'java/lang/ClassLoader')}
  0x00000276412f91c0: 4424 2049 | bee8 ede3 | ff00 0000 | 004c 8974 | 2450 4c8d | 7424 5049 | 8bd6 c5f8 

  0x00000276412f91dc: ;   {internal_word}
  0x00000276412f91dc: 7749 bada | 912f 4176 | 0200 004d | 8997 1804 | 0000 4989 | a710 0400 | 0049 8d8f | 3004 0000 
  0x00000276412f91fc: 41c7 87ac | 0400 0004 

  0x00000276412f9204: ;   {runtime_call}
  0x00000276412f9204: 0000 0048 | b8ac 197f | 81fc 7f00 | 00ff d0c5 | f877 41c7 | 87ac 0400 | 0005 0000 | 00f0 8344 
  0x00000276412f9224: 24c0 0049 | 3b6f 280f | 870e 0000 | 0041 83bf | a804 0000 | 000f 842b | 0000 00c5 | f877 4889 
  0x00000276412f9244: 45f8 498b | cf4c 8be4 | 4883 ec20 | 4883 e4f0 

  0x00000276412f9254: ;   {runtime_call}
  0x00000276412f9254: 48b8 5006 | f73d fc7f | 0000 ffd0 | 498b e44d | 33e4 488b | 45f8 41c7 | 87ac 0400 | 0008 0000 
  0x00000276412f9274: 0041 83bf | 3005 0000 | 020f 848c | 0100 0049 | c787 1004 | 0000 0000 | 0000 49c7 | 8718 0400 
  0x00000276412f9294: 0000 0000 | 00c5 f877 | 4885 c00f | 842a 0100 | 00a8 030f | 8508 0000 | 0048 8b00 | e91a 0100 
  0x00000276412f92b4: 00a8 010f | 8509 0000 | 0048 8b40 | fee9 0901 | 0000 488b | 40ff 4180 | 7f48 000f | 84fa 0000 
  0x00000276412f92d4: 0048 85c0 | 0f84 f100 | 0000 498b | 4f38 4885 | c974 1448 | 83e9 0849 | 894f 3849 | 034f 4048 
  0x00000276412f92f4: 8901 e9d4 | 0000 0048 | 83ec 7048 | 8904 2448 | 894c 2408 | 4889 5424 | 104c 8944 | 2418 4c89 
  0x00000276412f9314: 4c24 204c | 8954 2428 | 4c89 5c24 | 30c5 fb11 | 4424 40c5 | fb11 4c24 | 48c5 fb11 | 5424 50c5 
  0x00000276412f9334: fb11 5c24 | 58c5 fb11 | 6424 60c5 | fb11 6c24 | 6849 8bd7 | 488b c848 | 83ec 2040 

  0x00000276412f9350: ;   {other}
  0x00000276412f9350: f6c4 0f0f | 8419 0000 | 0048 83ec 

  0x00000276412f935c: ;   {runtime_call}
  0x00000276412f935c: 0848 b880 | ade9 3dfc | 7f00 00ff | d048 83c4 | 08e9 0c00 

  0x00000276412f9370: ;   {runtime_call}
  0x00000276412f9370: 0000 48b8 | 80ad e93d | fc7f 0000 | ffd0 4883 | c420 c5fb | 106c 2468 | c5fb 1064 | 2460 c5fb 
  0x00000276412f9390: 105c 2458 | c5fb 1054 | 2450 c5fb | 104c 2448 | c5fb 1044 | 2440 4c8b | 5c24 304c | 8b54 2428 
  0x00000276412f93b0: 4c8b 4c24 | 204c 8b44 | 2418 488b | 5424 1048 | 8b4c 2408 | 488b 0424 | 4883 c470 | c5f8 7749 
  0x00000276412f93d0: 8b8f 9004 | 0000 c781 | 0001 0000 | 0000 0000 

  0x00000276412f93e0: ;   {poll_return}
  0x00000276412f93e0: c941 f647 | 2801 7416 

  0x00000276412f93e8: ;   {internal_word}
  0x00000276412f93e8: 49ba e193 | 2f41 7602 | 0000 4d89 | 97b8 0400 

  0x00000276412f93f8: ;   {runtime_call SafepointBlob}
  0x00000276412f93f8: 00e9 627e | e5ff 4983 | 7f08 000f | 8501 0000 

  0x00000276412f9408: ;   {runtime_call Stub::Stub Generator forward_exception_stub}
  0x00000276412f9408: 00c3 e9d1 | 83e0 ffc5 | f877 4889 | 45f8 4c8b | e448 83ec | 2048 83e4 

  0x00000276412f9420: ;   {runtime_call}
  0x00000276412f9420: f048 b890 | 3732 3efc | 7f00 00ff | d049 8be4 | 4d33 e448 | 8b45 f8e9 | 47fe ffff 
[Stub Code]
  0x00000276412f943c: f4f4 f4f4 
[/MachCode]


Compiled method (c1) 687  604       1       jdk.internal.loader.ClassLoaders$BootClassLoader::loadClassOrNull (10 bytes)
 total in heap  [0x0000027641340d08,0x0000027641340f20] = 536
 main code      [0x0000027641340e00,0x0000027641340ed8] = 216
 stub code      [0x0000027641340ed8,0x0000027641340f20] = 72
 mutable data [0x000002764e5a31f0,0x000002764e5a3248] = 88
 relocation     [0x000002764e5a31f0,0x000002764e5a3230] = 64
 metadata       [0x000002764e5a3230,0x000002764e5a3248] = 24
 immutable data [0x000002764e090320,0x000002764e09039c] = 124
 dependencies   [0x000002764e090320,0x000002764e090328] = 8
 scopes pcs     [0x000002764e090328,0x000002764e090368] = 64
 scopes data    [0x000002764e090368,0x000002764e090398] = 48

[Constant Pool (empty)]


Loading hsdis library failed, undisassembled code is shown in MachCode section
[MachCode]
[Instructions begin]
  0x0000027641340e00: 6666 660f | 1f84 0000 | 0000 0066 | 6666 9066 | 6690 448b | 5208 443b 

  0x0000027641340e18: ;   {runtime_call Shared Runtime ic_miss_blob}
  0x0000027641340e18: 5008 0f85 | c0df e0ff 
[Verified Entry Point]
  0x0000027641340e20: 8984 2400 | 80ff ff55 | 4883 ec50 | 4181 7f20 | 0300 0000 

  0x0000027641340e34: ;   {runtime_call Stub::Stub Generator method_entry_barrier_stub}
  0x0000027641340e34: 7405 e845 | 32df ff49 | 8bd0 4c89 | 4424 380f 

  0x0000027641340e44: ;   {static_call}
  0x0000027641340e44: 1f40 00e8 

  0x0000027641340e48: ; ImmutableOopMap {[56]=Oop }
                      ;*invokestatic checkName {reexecute=0 rethrow=0 return_oop=0}
                      ; - java.lang.ClassLoader::findBootstrapClassOrNull@1 (line 1242)
                      ; - java.lang.System$1::findBootstrapClassOrNull@1 (line 2057)
                      ; - jdk.internal.loader.ClassLoaders$BootClassLoader::loadClassOrNull@4 (line 138)
  0x0000027641340e48: b47a faff 

  0x0000027641340e4c: ;   {post_call_nop}
  0x0000027641340e4c: 0f1f 8400 | 4401 0000 | 85c0 0f85 | 0f00 0000 

  0x0000027641340e5c: ;   {oop(nullptr)}
  0x0000027641340e5c: 48be 0000 | 0000 0000 | 0000 e91c | 0000 004c | 8b44 2438 | 498b d00f 

  0x0000027641340e74: ;   {static_call}
  0x0000027641340e74: 1f40 00e8 

  0x0000027641340e78: ; ImmutableOopMap {}
                      ;*invokestatic findBootstrapClass {reexecute=0 rethrow=0 return_oop=0}
                      ; - java.lang.ClassLoader::findBootstrapClassOrNull@10 (line 1244)
                      ; - java.lang.System$1::findBootstrapClassOrNull@1 (line 2057)
                      ; - jdk.internal.loader.ClassLoaders$BootClassLoader::loadClassOrNull@4 (line 138)
  0x0000027641340e78: 1483 fbff 

  0x0000027641340e7c: ;   {post_call_nop}
  0x0000027641340e7c: 0f1f 8400 | 7401 0001 | 488b f048 | 8bc6 4883 

  0x0000027641340e8c: ;   {poll_return}
  0x0000027641340e8c: c450 5d49 | 3b67 280f | 8701 0000 

  0x0000027641340e98: ;   {internal_word}
  0x0000027641340e98: 00c3 49ba | 8f0e 3441 | 7602 0000 | 4d89 97b8 

  0x0000027641340ea8: ;   {runtime_call SafepointBlob}
  0x0000027641340ea8: 0400 00e9 | b003 e1ff | 498b 8768 | 0500 0049 | c787 6805 | 0000 0000 | 0000 49c7 | 8770 0500 
  0x0000027641340ec8: 0000 0000 | 0048 83c4 

  0x0000027641340ed0: ;   {runtime_call C1 Runtime unwind_exception_blob}
  0x0000027641340ed0: 505d e989 | 92eb fff4 
[Stub Code]
  0x0000027641340ed8: ;   {static_stub}
  0x0000027641340ed8: 48bb 0000 | 0000 0000 

  0x0000027641340ee0: ;   {runtime_call nmethod}
  0x0000027641340ee0: 0000 e9fb 

  0x0000027641340ee4: ;   {static_stub}
  0x0000027641340ee4: ffff ff48 | bb00 0000 | 0000 0000 

  0x0000027641340ef0: ;   {runtime_call nmethod}
  0x0000027641340ef0: 00e9 fbff 

  0x0000027641340ef4: ;   {runtime_call C1 Runtime handle_exception_from_callee_blob}
  0x0000027641340ef4: ffff e865 

  0x0000027641340ef8: ;   {external_word}
  0x0000027641340ef8: cbeb ff48 | b938 725d | 3efc 7f00 | 0048 83e4 

  0x0000027641340f08: ;   {runtime_call}
  0x0000027641340f08: f048 b830 | e51e 3efc | 7f00 00ff 

  0x0000027641340f14: ;   {runtime_call DeoptimizationBlob}
  0x0000027641340f14: d0f4 e845 | 06e1 ffeb | f9f4 f4f4 
[/MachCode]


Compiled method (c1) 691  460   !   1       jdk.internal.loader.BuiltinClassLoader::loadClassOrNull (143 bytes)
 total in heap  [0x0000027641316008,0x0000027641316870] = 2152
 main code      [0x0000027641316100,0x0000027641316798] = 1688
 stub code      [0x0000027641316798,0x0000027641316870] = 216
 mutable data [0x000002764e0162e0,0x000002764e016460] = 384
 relocation     [0x000002764e0162e0,0x000002764e0163d0] = 240
 metadata       [0x000002764e0163d0,0x000002764e016460] = 144
 immutable data [0x000002764e05e010,0x000002764e05e5c4] = 1460
 dependencies   [0x000002764e05e010,0x000002764e05e048] = 56
 nul chk table  [0x000002764e05e048,0x000002764e05e088] = 64
 handler table  [0x000002764e05e088,0x000002764e05e238] = 432
 scopes pcs     [0x000002764e05e238,0x000002764e05e3c8] = 400
 scopes data    [0x000002764e05e3c8,0x000002764e05e5c0] = 504

[Constant Pool (empty)]


Loading hsdis library failed, undisassembled code is shown in MachCode section
[MachCode]
[Instructions begin]
  0x0000027641316100: 6666 660f | 1f84 0000 | 0000 0066 | 6666 9066 | 6690 448b | 5208 443b 

  0x0000027641316118: ;   {runtime_call Shared Runtime ic_miss_blob}
  0x0000027641316118: 5008 0f85 | c08c e3ff 
[Verified Entry Point]
  0x0000027641316120: 8984 2400 | 80ff ff55 | 4881 ecf0 | 0000 0090 | 4181 7f20 | 0300 0000 

  0x0000027641316138: ;   {runtime_call Stub::Stub Generator method_entry_barrier_stub}
  0x0000027641316138: 7405 e841 | dfe1 ff48 | 8994 24a0 | 0000 004c | 8984 2498 | 0000 008b | 5a28 4885 | db0f 8510 
  0x0000027641316158: 0000 0048 | 8bf2 4489 | 8c24 a800 | 0000 e995 | 0000 0044 | 898c 24a8 

  0x0000027641316170: ;   {metadata('java/lang/Object')}
  0x0000027641316170: 0000 0048 | bae0 6a18 | 3b00 0000 | 0049 8b87 | b001 0000 | 488d 7810 | 493b bfc0 | 0100 000f 
  0x0000027641316190: 8738 0500 | 0049 89bf | b001 0000 | 48c7 0001 | 0000 0048 | 8bca 41ba | 0000 003b | 492b ca89 
  0x00000276413161b0: 4808 4833 | c989 480c | 4833 c948 | 3b03 498b | f04c 8bc6 | 4c8b c8bf | 0100 0000 | 488b d348 
  0x00000276413161d0: 8984 2490 

  0x00000276413161d4: ;   {optimized virtual_call}
  0x00000276413161d4: 0000 00e8 

  0x00000276413161d8: ; ImmutableOopMap {[144]=Oop [152]=Oop [160]=Oop }
                      ;*invokevirtual putVal {reexecute=0 rethrow=0 return_oop=0}
                      ; - java.util.concurrent.ConcurrentHashMap::putIfAbsent@4 (line 1566)
                      ; - java.lang.ClassLoader::getClassLoadingLock@23 (line 657)
                      ; - jdk.internal.loader.BuiltinClassLoader::loadClassOrNull@2 (line 590)
  0x00000276413161d8: c4ab fdff 

  0x00000276413161dc: ;   {post_call_nop}
  0x00000276413161dc: 0f1f 8400 | d401 0000 | 4885 c00f | 8408 0000 | 0048 8bf0 | e90b 0000 | 0048 8b84 | 2490 0000 
  0x00000276413161fc: 0048 8bf0 | 488d 9424 | d000 0000 | 4889 7208 

  0x000002764131620c: ; implicit exception: dispatches to 0x00000276413166df
  0x000002764131620c: 488b 0641 | 8bbf c806 | 0000 81ff | 1807 0000 | 0f8d c204 | 0000 493b | 743f f80f | 8425 0000 
  0x000002764131622c: 00a8 020f | 85af 0400 | 0048 8bf8 | 4883 e7fe | 4883 c801 | f048 0fb1 | 3e0f 8599 | 0400 0041 
  0x000002764131624c: 8bbf c806 | 0000 4989 | 343f 83c7 | 0841 89bf | c806 0000 | 488b 9424 | 9800 0000 | 4889 b424 
  0x000002764131626c: b000 0000 | 0f1f 8000 

  0x0000027641316274: ;   {static_call}
  0x0000027641316274: 0000 00e8 

  0x0000027641316278: ; ImmutableOopMap {[152]=Oop [160]=Oop [176]=Oop [216]=Oop }
                      ;*invokestatic checkName {reexecute=0 rethrow=0 return_oop=0}
                      ; - java.lang.ClassLoader::findLoadedClass@1 (line 1265)
                      ; - jdk.internal.loader.BuiltinClassLoader::loadClassOrNull@10 (line 592)
  0x0000027641316278: 8426 fdff 

  0x000002764131627c: ;   {post_call_nop}
  0x000002764131627c: 0f1f 8400 | 7402 0001 | 85c0 0f85 | 0f00 0000 

  0x000002764131628c: ;   {oop(nullptr)}
  0x000002764131628c: 48be 0000 | 0000 0000 | 0000 e924 | 0000 004c | 8b84 2498 | 0000 0048 | 8b94 24a0 | 0000 000f 
  0x00000276413162ac: ;   {optimized virtual_call}
  0x00000276413162ac: 1f40 00e8 

  0x00000276413162b0: ; ImmutableOopMap {[152]=Oop [160]=Oop [176]=Oop [216]=Oop }
                      ;*invokevirtual findLoadedClass0 {reexecute=0 rethrow=0 return_oop=0}
                      ; - java.lang.ClassLoader::findLoadedClass@11 (line 1267)
                      ; - jdk.internal.loader.BuiltinClassLoader::loadClassOrNull@10 (line 592)
  0x00000276413162b0: 5c1f fdff 

  0x00000276413162b4: ;   {post_call_nop}
  0x00000276413162b4: 0f1f 8400 | ac02 0002 | 488b f048 | 85f6 0f85 | 5f02 0000 | 4889 b424 | b800 0000 | 4c8b 8424 
  0x00000276413162d4: 9800 0000 

  0x00000276413162d8: ; implicit exception: dispatches to 0x00000276413166f7
  0x00000276413162d8: 418b 4814 

  0x00000276413162dc: ; implicit exception: dispatches to 0x00000276413166fc
  0x00000276413162dc: 448b 490c | 410f be48 | 10c1 e118 | c1f9 1841 | d3f9 41ff | c949 8bf8 | 41b8 2e00 | 0000 488b 
  0x00000276413162fc: ;   {optimized virtual_call}
  0x00000276413162fc: d766 90e8 

  0x0000027641316300: ; ImmutableOopMap {[152]=Oop [160]=Oop [176]=Oop [184]=Oop [216]=Oop }
                      ;*invokevirtual lastIndexOf {reexecute=0 rethrow=0 return_oop=0}
                      ; - java.lang.String::lastIndexOf@8 (line 2887)
                      ; - jdk.internal.loader.BuiltinClassLoader::findLoadedModule@3 (line 648)
                      ; - jdk.internal.loader.BuiltinClassLoader::loadClassOrNull@22 (line 597)
  0x0000027641316300: 1c2d fbff 

  0x0000027641316304: ;   {post_call_nop}
  0x0000027641316304: 0f1f 8400 | fc02 0003 | 85c0 0f8d | 0f00 0000 

  0x0000027641316314: ;   {oop(nullptr)}
  0x0000027641316314: 48be 0000 | 0000 0000 | 0000 e975 | 0000 0041 | b800 0000 | 004c 8bc8 | 488b 9424 | 9800 0000 
  0x0000027641316334: ;   {optimized virtual_call}
  0x0000027641316334: 6666 90e8 

  0x0000027641316338: ; ImmutableOopMap {[152]=Oop [160]=Oop [176]=Oop [184]=Oop [216]=Oop }
                      ;*invokevirtual substring {reexecute=0 rethrow=0 return_oop=0}
                      ; - jdk.internal.loader.BuiltinClassLoader::findLoadedModule@16 (line 652)
                      ; - jdk.internal.loader.BuiltinClassLoader::loadClassOrNull@22 (line 597)
  0x0000027641316338: 64fb faff 

  0x000002764131633c: ;   {post_call_nop}
  0x000002764131633c: 0f1f 8400 | 3403 0004 

  0x0000027641316344: ;   {oop(a 'java/util/concurrent/ConcurrentHashMap'{0x00000000ffe31e60})}
  0x0000027641316344: 4c8b c048 | ba60 1ee3 | ff00 0000 | 0066 0f1f 

  0x0000027641316354: ;   {optimized virtual_call}
  0x0000027641316354: 4400 00e8 

  0x0000027641316358: ; ImmutableOopMap {[152]=Oop [160]=Oop [176]=Oop [184]=Oop [216]=Oop }
                      ;*invokeinterface get {reexecute=0 rethrow=0 return_oop=0}
                      ; - jdk.internal.loader.BuiltinClassLoader::findLoadedModule@24 (line 653)
                      ; - jdk.internal.loader.BuiltinClassLoader::loadClassOrNull@22 (line 597)
  0x0000027641316358: 4447 fcff 

  0x000002764131635c: ;   {post_call_nop}
  0x000002764131635c: 0f1f 8400 | 5403 0005 | 4885 c00f | 8425 0000 

  0x000002764131636c: ;   {metadata('jdk/internal/loader/BuiltinClassLoader$LoadedModule')}
  0x000002764131636c: 0048 be60 | ee2a 3b00 | 0000 0044 | 8b48 0841 | ba00 0000 | 3b4d 03ca | 493b f10f | 8574 0300 
  0x000002764131638c: 00e9 0000 | 0000 4c8b | c049 8bf0 | 4885 f648 | 8b94 24a0 | 0000 000f | 84ab 0000 | 008b 7e0c 
  0x00000276413163ac: 483b fa0f | 8567 0000 

  0x00000276413163b4: ;   {oop(a 'java/lang/Class'{0x00000000ffe9c170} = 'jdk/internal/misc/VM')}
  0x00000276413163b4: 0049 b870 | c1e9 ff00 | 0000 0045 | 8b80 a400 | 0000 4183 | f802 41b8 | 0000 0000 | 7c06 41b8 
  0x00000276413163d4: 0100 0000 | 4183 e001 | 4585 c00f | 850d 0000 | 0048 8bb4 | 24b8 0000 | 00e9 3501 | 0000 4c8b 
  0x00000276413163f4: 8424 9800 | 0000 4c8b | ce48 8bf2 | 488b d60f 

  0x0000027641316404: ;   {optimized virtual_call}
  0x0000027641316404: 1f40 00e8 

  0x0000027641316408: ; ImmutableOopMap {[160]=Oop [176]=Oop [216]=Oop }
                      ;*invokevirtual defineClass {reexecute=0 rethrow=0 return_oop=0}
                      ; - jdk.internal.loader.BuiltinClassLoader::findClassInModuleOrNull@3 (line 678)
                      ; - jdk.internal.loader.BuiltinClassLoader::loadClassOrNull@55 (line 604)
  0x0000027641316408: d48c e3ff 

  0x000002764131640c: ;   {post_call_nop}
  0x000002764131640c: 0f1f 8400 | 0404 0006 | 488b f0e9 | 0b01 0000 

  0x000002764131641c: ; implicit exception: dispatches to 0x000002764131670f
  0x000002764131641c: 483b 074c | 8b84 2498 | 0000 0041 | b900 0000 | 0048 8bd7 | 0f1f 4400 | 0048 b890 | 2108 4e76 
  0x000002764131643c: ;   {virtual_call}
  0x000002764131643c: 0200 00e8 

  0x0000027641316440: ; ImmutableOopMap {[160]=Oop [176]=Oop [216]=Oop }
                      ;*invokevirtual loadClassOrNull {reexecute=0 rethrow=0 return_oop=0}
                      ; - jdk.internal.loader.BuiltinClassLoader::loadClassOrNull@3 (line 639)
                      ; - jdk.internal.loader.BuiltinClassLoader::loadClassOrNull@66 (line 608)
  0x0000027641316440: cea9 0200 

  0x0000027641316444: ;   {post_call_nop}
  0x0000027641316444: 0f1f 8400 | 3c04 0007 | 488b f0e9 | d300 0000 | 8b72 5448 | 85f6 0f85 | 0d00 0000 | 488b b424 
  0x0000027641316464: b800 0000 | e932 0000 | 0048 3b06 | 4c8b 8424 | 9800 0000 | 41b9 0000 | 0000 488b | d60f 1f40 
  0x0000027641316484: 0048 b8b8 | 2108 4e76 

  0x000002764131648c: ;   {virtual_call}
  0x000002764131648c: 0200 00e8 

  0x0000027641316490: ; ImmutableOopMap {[152]=Oop [160]=Oop [176]=Oop [216]=Oop }
                      ;*invokevirtual loadClassOrNull {reexecute=0 rethrow=0 return_oop=0}
                      ; - jdk.internal.loader.BuiltinClassLoader::loadClassOrNull@3 (line 639)
                      ; - jdk.internal.loader.BuiltinClassLoader::loadClassOrNull@86 (line 615)
  0x0000027641316490: 2c62 faff 

  0x0000027641316494: ;   {post_call_nop}
  0x0000027641316494: 0f1f 8400 | 8c04 0008 | 488b f048 | 85f6 0f85 | 7f00 0000 | 488b 9424 | a000 0000 | 448b 4258 
  0x00000276413164b4: 4d85 c041 | b800 0000 | 0074 0641 | b801 0000 | 0041 83e0 | 0145 85c0 | 0f84 5500 

  0x00000276413164d0: ;   {oop(a 'java/lang/Class'{0x00000000ffe9c170} = 'jdk/internal/misc/VM')}
  0x00000276413164d0: 0000 49b8 | 70c1 e9ff | 0000 0000 | 458b 80a4 | 0000 0041 | 83f8 0241 | b800 0000 | 007c 0641 
  0x00000276413164f0: b801 0000 | 0041 83e0 | 0145 85c0 | 0f84 2500 | 0000 4c8b | 8424 9800 | 0000 488b | f248 8bd6 
  0x0000027641316510: 0f1f 8000 

  0x0000027641316514: ;   {optimized virtual_call}
  0x0000027641316514: 0000 00e8 

  0x0000027641316518: ; ImmutableOopMap {[160]=Oop [176]=Oop [216]=Oop }
                      ;*invokevirtual findClassOnClassPathOrNull {reexecute=0 rethrow=0 return_oop=0}
                      ; - jdk.internal.loader.BuiltinClassLoader::loadClassOrNull@111 (line 620)
  0x0000027641316518: 841c 1000 

  0x000002764131651c: ;   {post_call_nop}
  0x000002764131651c: 0f1f 8400 | 1405 0009 | 488b f044 | 8b8c 24a8 | 0000 0045 | 85c9 0f84 | 1200 0000 | 4885 f60f 
  0x000002764131653c: 8409 0000 | 0048 85f6 | 0f84 7100 | 0000 488d | 8424 d000 | 0000 488b | 7808 418b | 97c8 0600 
  0x000002764131655c: 0049 3b7c | 17f8 0f85 | b101 0000 | 4183 afc8 | 0600 0008 | 493b 7c17 | f00f 842a | 0000 0048 
  0x000002764131657c: 8b07 a802 | 0f85 1200 | 0000 488b | d048 83ca | 01f0 480f | b117 0f84 | 0d00 0000 | 4183 87c8 
  0x000002764131659c: 0600 0008 | e974 0100 | 0048 8bc6 | 4881 c4f0 | 0000 005d 

  0x00000276413165b0: ;   {poll_return}
  0x00000276413165b0: 493b 6728 | 0f87 7501 | 0000 c348 | 89b4 24c8 

  0x00000276413165c0: ;   {metadata('java/lang/NullPointerException')}
  0x00000276413165c0: 0000 0048 | ba18 4a1e | 3b00 0000 | 0049 8b87 | b001 0000 | 488d 7830 | 493b bfc0 | 0100 000f 
  0x00000276413165e0: 8760 0100 | 0049 89bf | b001 0000 | 48c7 0001 | 0000 0048 | 8bca 41ba | 0000 003b | 492b ca89 
  0x0000027641316600: 4808 4833 | c989 480c | 4833 c948 | 8948 1048 | 8948 1848 | 8948 2048 | 8948 2848 | 8bd0 4889 
  0x0000027641316620: 8424 c000 

  0x0000027641316624: ;   {optimized virtual_call}
  0x0000027641316624: 0000 90e8 

  0x0000027641316628: ; ImmutableOopMap {[176]=Oop [192]=Oop [200]=Oop [216]=Oop }
                      ;*invokespecial <init> {reexecute=0 rethrow=0 return_oop=0}
                      ; - java.lang.ClassLoader::resolveClass@8 (line 1205)
                      ; - jdk.internal.loader.BuiltinClassLoader::loadClassOrNull@128 (line 627)
  0x0000027641316628: b48a e3ff 

  0x000002764131662c: ;   {post_call_nop}
  0x000002764131662c: 0f1f 8400 | 2406 000a | 488b 8424 

  0x0000027641316638: ; ImmutableOopMap {rax=Oop [176]=Oop [200]=Oop [216]=Oop }
                      ;*athrow {reexecute=1 rethrow=0 return_oop=0}
                      ; - (reexecute) java.lang.ClassLoader::resolveClass@11 (line 1205)
                      ; - jdk.internal.loader.BuiltinClassLoader::loadClassOrNull@128 (line 627)
  0x0000027641316638: c000 0000 

  0x000002764131663c: ;   {section_word}
  0x000002764131663c: 48ba 3c66 | 3141 7602 

  0x0000027641316644: ;   {runtime_call C1 Runtime handle_exception_nofpu_blob}
  0x0000027641316644: 0000 e815 | 6eee ff90 | 498b 8768 | 0500 004d | 33d2 4d89 | 9768 0500 | 004d 33d2 | 4d89 9770 
  0x0000027641316664: 0500 0048 | 8bf0 488d | 8424 d000 | 0000 488b | 5808 418b | bfc8 0600 | 0049 3b5c | 3ff8 0f85 
  0x0000027641316684: ca00 0000 | 4183 afc8 | 0600 0008 | 493b 5c3f | f00f 842a | 0000 0048 | 8b03 a802 | 0f85 1200 
  0x00000276413166a4: 0000 488b | f848 83cf | 01f0 480f | b13b 0f84 | 0d00 0000 | 4183 87c8 | 0600 0008 | e98d 0000 
  0x00000276413166c4: 0048 8bc6 | e9b8 0000 | 0048 8bd2 

  0x00000276413166d0: ;   {runtime_call C1 Runtime fast_new_instance_blob}
  0x00000276413166d0: e80b 56ee 

  0x00000276413166d4: ; ImmutableOopMap {r8=Oop rbx=Oop [152]=Oop [160]=Oop }
                      ;*new {reexecute=0 rethrow=0 return_oop=0}
                      ; - java.lang.ClassLoader::getClassLoadingLock@9 (line 656)
                      ; - jdk.internal.loader.BuiltinClassLoader::loadClassOrNull@2 (line 590)
  0x00000276413166d4: ffe9 e1fa 

  0x00000276413166d8: ;   {runtime_call C1 Runtime throw_null_pointer_exception_blob}
  0x00000276413166d8: ffff e801 

  0x00000276413166dc: ; ImmutableOopMap {r8=Oop rbx=Oop rax=Oop [152]=Oop [160]=Oop }
                      ;*invokevirtual putIfAbsent {reexecute=0 rethrow=0 return_oop=0}
                      ; - java.lang.ClassLoader::getClassLoadingLock@23 (line 657)
                      ; - jdk.internal.loader.BuiltinClassLoader::loadClassOrNull@2 (line 590)
                      ;   {runtime_call C1 Runtime throw_null_pointer_exception_blob}
  0x00000276413166dc: 4dee ffe8 

  0x00000276413166e0: ; ImmutableOopMap {rsi=Oop [152]=Oop [160]=Oop }
                      ;*monitorenter {reexecute=0 rethrow=0 return_oop=0}
                      ; - jdk.internal.loader.BuiltinClassLoader::loadClassOrNull@7 (line 590)
  0x00000276413166e0: fc4c eeff | 4889 7424 | 0848 8914 

  0x00000276413166ec: ;   {runtime_call C1 Runtime monitorenter_nofpu_blob}
  0x00000276413166ec: 24e8 6e88 

  0x00000276413166f0: ; ImmutableOopMap {rsi=Oop [152]=Oop [160]=Oop [216]=Oop }
                      ;*monitorenter {reexecute=0 rethrow=0 return_oop=0}
                      ; - jdk.internal.loader.BuiltinClassLoader::loadClassOrNull@7 (line 590)
  0x00000276413166f0: eeff e969 

  0x00000276413166f4: ;   {runtime_call C1 Runtime throw_null_pointer_exception_blob}
  0x00000276413166f4: fbff ffe8 

  0x00000276413166f8: ; ImmutableOopMap {r8=Oop [152]=Oop [160]=Oop [176]=Oop [184]=Oop [216]=Oop }
                      ;*invokevirtual lastIndexOf {reexecute=0 rethrow=0 return_oop=0}
                      ; - jdk.internal.loader.BuiltinClassLoader::findLoadedModule@3 (line 648)
                      ; - jdk.internal.loader.BuiltinClassLoader::loadClassOrNull@22 (line 597)
  0x00000276413166f8: e44c eeff 

  0x00000276413166fc: ;   {runtime_call C1 Runtime throw_null_pointer_exception_blob}
  0x00000276413166fc: e8df 4cee 

  0x0000027641316700: ; ImmutableOopMap {r8=Oop [152]=Oop [160]=Oop [176]=Oop [184]=Oop [216]=Oop }
                      ;*arraylength {reexecute=0 rethrow=0 return_oop=0}
                      ; - java.lang.String::length@4 (line 1744)
                      ; - java.lang.String::lastIndexOf@3 (line 2887)
                      ; - jdk.internal.loader.BuiltinClassLoader::findLoadedModule@3 (line 648)
                      ; - jdk.internal.loader.BuiltinClassLoader::loadClassOrNull@22 (line 597)
  0x0000027641316700: ff48 8904 

  0x0000027641316704: ;   {runtime_call C1 Runtime throw_class_cast_exception_blob}
  0x0000027641316704: 24e8 5679 

  0x0000027641316708: ; ImmutableOopMap {[152]=Oop [160]=Oop [176]=Oop [184]=Oop [216]=Oop }
                      ;*checkcast {reexecute=0 rethrow=0 return_oop=0}
                      ; - jdk.internal.loader.BuiltinClassLoader::findLoadedModule@29 (line 653)
                      ; - jdk.internal.loader.BuiltinClassLoader::loadClassOrNull@22 (line 597)
                      ;   {runtime_call C1 Runtime throw_null_pointer_exception_blob}
  0x0000027641316708: eeff e8d1 

  0x000002764131670c: ; ImmutableOopMap {rsi=Oop rdx=Oop [152]=Oop [160]=Oop [176]=Oop [184]=Oop [216]=Oop }
                      ;*invokevirtual loader {reexecute=0 rethrow=0 return_oop=0}
                      ; - jdk.internal.loader.BuiltinClassLoader::loadClassOrNull@34 (line 601)
                      ;   {runtime_call C1 Runtime throw_null_pointer_exception_blob}
  0x000002764131670c: 4cee ffe8 

  0x0000027641316710: ; ImmutableOopMap {rdi=Oop [152]=Oop [160]=Oop [176]=Oop [216]=Oop }
                      ;*invokevirtual loadClassOrNull {reexecute=0 rethrow=0 return_oop=0}
                      ; - jdk.internal.loader.BuiltinClassLoader::loadClassOrNull@66 (line 608)
  0x0000027641316710: cc4c eeff 

  0x0000027641316714: ;   {runtime_call C1 Runtime throw_null_pointer_exception_blob}
  0x0000027641316714: e8c7 4cee 

  0x0000027641316718: ; ImmutableOopMap {rsi=Oop [152]=Oop [160]=Oop [176]=Oop [216]=Oop }
                      ;*invokevirtual loadClassOrNull {reexecute=0 rethrow=0 return_oop=0}
                      ; - jdk.internal.loader.BuiltinClassLoader::loadClassOrNull@86 (line 615)
  0x0000027641316718: ff48 8d84 | 24d0 0000 | 0048 8904 

  0x0000027641316724: ;   {runtime_call C1 Runtime monitorexit_nofpu_blob}
  0x0000027641316724: 24e8 368e | eeff e976 

  0x000002764131672c: ;   {internal_word}
  0x000002764131672c: feff ff49 | bab0 6531 | 4176 0200 | 004d 8997 | b804 0000 

  0x0000027641316740: ;   {runtime_call SafepointBlob}
  0x0000027641316740: e91b abe3 | ff48 8bd2 

  0x0000027641316748: ;   {runtime_call C1 Runtime fast_new_instance_blob}
  0x0000027641316748: e893 55ee 

  0x000002764131674c: ; ImmutableOopMap {[176]=Oop [200]=Oop [216]=Oop }
                      ;*new {reexecute=0 rethrow=0 return_oop=0}
                      ; - java.lang.ClassLoader::resolveClass@4 (line 1205)
                      ; - jdk.internal.loader.BuiltinClassLoader::loadClassOrNull@128 (line 627)
  0x000002764131674c: ffe9 c9fe | ffff 488d | 8424 d000 | 0000 4889 

  0x000002764131675c: ;   {runtime_call C1 Runtime monitorexit_nofpu_blob}
  0x000002764131675c: 0424 e8fd | 8dee ffe9 | 5dff ffff | 498b 8768 | 0500 0049 | c787 6805 | 0000 0000 | 0000 49c7 
  0x000002764131677c: 8770 0500 | 0000 0000 | 0048 81c4 | f000 0000 

  0x000002764131678c: ;   {runtime_call C1 Runtime unwind_exception_blob}
  0x000002764131678c: 5de9 ce39 | eeff f4f4 | f4f4 f4f4 
[Stub Code]
  0x0000027641316798: ;   {other}
  0x0000027641316798: 0f1f 4400 

  0x000002764131679c: ;   {static_stub}
  0x000002764131679c: 0048 bb00 | 0000 0000 

  0x00000276413167a4: ;   {runtime_call nmethod}
  0x00000276413167a4: 0000 00e9 | fbff ffff 

  0x00000276413167ac: ;   {static_stub}
  0x00000276413167ac: 9048 bb00 | 0000 0000 

  0x00000276413167b4: ;   {runtime_call nmethod}
  0x00000276413167b4: 0000 00e9 | fbff ffff 

  0x00000276413167bc: ;   {static_stub}
  0x00000276413167bc: 9048 bb00 | 0000 0000 

  0x00000276413167c4: ;   {runtime_call nmethod}
  0x00000276413167c4: 0000 00e9 | fbff ffff 

  0x00000276413167cc: ;   {static_stub}
  0x00000276413167cc: 48bb 0000 | 0000 0000 

  0x00000276413167d4: ;   {runtime_call nmethod}
  0x00000276413167d4: 0000 e9fb 

  0x00000276413167d8: ;   {static_stub}
  0x00000276413167d8: ffff ff48 | bb00 0000 | 0000 0000 

  0x00000276413167e4: ;   {runtime_call nmethod}
  0x00000276413167e4: 00e9 fbff 

  0x00000276413167e8: ;   {static_stub}
  0x00000276413167e8: ffff 48bb | 0000 0000 | 0000 0000 

  0x00000276413167f4: ;   {runtime_call nmethod}
  0x00000276413167f4: e9fb ffff 

  0x00000276413167f8: ;   {static_stub}
  0x00000276413167f8: ff48 bb00 | 0000 0000 

  0x0000027641316800: ;   {runtime_call nmethod}
  0x0000027641316800: 0000 00e9 | fbff ffff 

  0x0000027641316808: ;   {static_stub}
  0x0000027641316808: 48bb 0000 | 0000 0000 

  0x0000027641316810: ;   {runtime_call nmethod}
  0x0000027641316810: 0000 e9fb 

  0x0000027641316814: ;   {static_stub}
  0x0000027641316814: ffff ff48 | bb00 0000 | 0000 0000 

  0x0000027641316820: ;   {runtime_call nmethod}
  0x0000027641316820: 00e9 fbff 

  0x0000027641316824: ;   {static_stub}
  0x0000027641316824: ffff 48bb | 20fe 1d3b | 0000 0000 

  0x0000027641316830: ;   {runtime_call I2C/C2I adapters}
  0x0000027641316830: e901 f7e3 

  0x0000027641316834: ;   {static_stub}
  0x0000027641316834: ff48 bb00 | 0000 0000 

  0x000002764131683c: ;   {runtime_call nmethod}
  0x000002764131683c: 0000 00e9 | fbff ffff 
[Exception Handler]
  0x0000027641316844: ;   {runtime_call C1 Runtime handle_exception_from_callee_blob}
  0x0000027641316844: e817 72ee 

  0x0000027641316848: ;   {external_word}
  0x0000027641316848: ff48 b938 | 725d 3efc | 7f00 0048 

  0x0000027641316854: ;   {runtime_call}
  0x0000027641316854: 83e4 f048 | b830 e51e | 3efc 7f00 | 00ff d0f4 

  0x0000027641316864: ;   {runtime_call DeoptimizationBlob}
  0x0000027641316864: e8f7 ace3 | ffeb f9f4 | f4f4 f4f4 
[/MachCode]


---------------  P R O C E S S  ---------------

Threads class SMR info:
_java_thread_list=0x000002764e6a2960, length=12, elements={
0x0000027636129d70, 0x00000276497215c0, 0x0000027649722010, 0x00000276497237d0,
0x0000027649724060, 0x0000027649724a90, 0x0000027649727660, 0x0000027649751e40,
0x00000276497caad0, 0x00000276497cf290, 0x000002763847fe00, 0x000002763847e5d0
}

Java Threads: ( => current thread )
=>0x0000027636129d70 JavaThread "main"                              [_thread_in_vm, id=38468, stack(0x000000ba80500000,0x000000ba80600000) (1024K)]
  0x00000276497215c0 JavaThread "Reference Handler"          daemon [_thread_blocked, id=21388, stack(0x000000ba80e00000,0x000000ba80f00000) (1024K)]
  0x0000027649722010 JavaThread "Finalizer"                  daemon [_thread_blocked, id=39296, stack(0x000000ba80f00000,0x000000ba81000000) (1024K)]
  0x00000276497237d0 JavaThread "Signal Dispatcher"          daemon [_thread_blocked, id=36808, stack(0x000000ba81000000,0x000000ba81100000) (1024K)]
  0x0000027649724060 JavaThread "Attach Listener"            daemon [_thread_blocked, id=7388, stack(0x000000ba81100000,0x000000ba81200000) (1024K)]
  0x0000027649724a90 JavaThread "Service Thread"             daemon [_thread_blocked, id=38816, stack(0x000000ba81200000,0x000000ba81300000) (1024K)]
  0x0000027649727660 JavaThread "Monitor Deflation Thread"   daemon [_thread_blocked, id=26868, stack(0x000000ba81300000,0x000000ba81400000) (1024K)]
  0x0000027649751e40 JavaThread "C1 CompilerThread0"         daemon [_thread_blocked, id=40248, stack(0x000000ba81400000,0x000000ba81500000) (1024K)]
  0x00000276497caad0 JavaThread "Notification Thread"        daemon [_thread_blocked, id=30544, stack(0x000000ba81500000,0x000000ba81600000) (1024K)]
  0x00000276497cf290 JavaThread "Common-Cleaner"             daemon [_thread_blocked, id=3748, stack(0x000000ba81600000,0x000000ba81700000) (1024K)]
  0x000002763847fe00 JavaThread "C1 CompilerThread1"         daemon [_thread_blocked, id=37844, stack(0x000000ba81700000,0x000000ba81800000) (1024K)]
  0x000002763847e5d0 JavaThread "C1 CompilerThread2"         daemon [_thread_blocked, id=40152, stack(0x000000ba81a00000,0x000000ba81b00000) (1024K)]
Total: 12

Other Threads:
  0x00000276497138e0 VMThread "VM Thread"                           [id=37008, stack(0x000000ba80d00000,0x000000ba80e00000) (1024K)]
  0x0000027638515590 WatcherThread "VM Periodic Task Thread"        [id=30500, stack(0x000000ba80c00000,0x000000ba80d00000) (1024K)]
  0x00000276384ad440 WorkerThread "GC Thread#0"                     [id=30708, stack(0x000000ba80600000,0x000000ba80700000) (1024K)]
  0x0000027649c26b10 WorkerThread "GC Thread#1"                     [id=39804, stack(0x000000ba81800000,0x000000ba81900000) (1024K)]
  0x000002764e7de500 WorkerThread "GC Thread#2"                     [id=32960, stack(0x000000ba81b00000,0x000000ba81c00000) (1024K)]
  0x00000276384c6d90 ConcurrentGCThread "G1 Main Marker"            [id=33784, stack(0x000000ba80700000,0x000000ba80800000) (1024K)]
  0x00000276384c80b0 WorkerThread "G1 Conc#0"                       [id=24816, stack(0x000000ba80800000,0x000000ba80900000) (1024K)]
  0x0000027649c2b2d0 WorkerThread "G1 Conc#1"                       [id=19008, stack(0x000000ba81900000,0x000000ba81a00000) (1024K)]
  0x0000027638503130 WorkerThread "G1 Refinement Workers#0"         [id=4980, stack(0x000000ba80a00000,0x000000ba80b00000) (1024K)]
  0x0000027638502570 ConcurrentGCThread "G1 Refine Control"         [id=24724, stack(0x000000ba80900000,0x000000ba80a00000) (1024K)]
  0x0000027638503e20 ConcurrentGCThread "G1 Service"                [id=33716, stack(0x000000ba80b00000,0x000000ba80c00000) (1024K)]
Total: 11

Threads with active compile tasks:
Total: 0

VM state: not at safepoint (normal execution)

VM Mutex/Monitor currently owned by a thread:  ([mutex/lock_event])
[0x00007ffc3e8acb08] Metaspace_lock - owner thread: 0x0000027636129d70

Heap address: 0x0000000083000000, size: 2000 MB, Compressed Oops mode: 32-bit

CDS archive(s) mapped at: [0x000000003b000000-0x000000003bde0000-0x000000003bde0000), size 14548992, SharedBaseAddress: 0x000000003b000000, ArchiveRelocationMode: 1.
Compressed class space mapped at: 0x000000003c000000-0x000000007c000000, reserved size: 1073741824
UseCompressedClassPointers 1, UseCompactObjectHeaders 0
Narrow klass pointer bits 32, Max shift 3
Narrow klass base: 0x000000003b000000, Narrow klass shift: 0
Encoding Range: [0x000000003b000000 - 0x000000013b000000), (4294967296 bytes)
Klass Range:    [0x000000003b000000 - 0x000000007c000000), (1090519040 bytes)
Klass ID Range:  [8 - 1090519033) (1090519025)
Protection zone: [0x000000003b000000 - 0x000000003b010000), (65536 bytes)

GC Precious Log:
 CardTable entry size: 512
 Card Set container configuration: InlinePtr #cards 5 size 8 Array Of Cards #cards 10 size 36 Howl #buckets 4 coarsen threshold 1843 Howl Bitmap #cards 512 size 80 coarsen threshold 460 Card regions per heap region 1 cards per card region 2048
 CPUs: 8 total, 8 available
 Memory: 7998M
 Large Page Support: Disabled
 NUMA Support: Disabled
 Compressed Oops: Enabled (32-bit)
 Heap Region Size: 1M
 Heap Min Capacity: 8M
 Heap Initial Capacity: 8M
 Heap Max Capacity: 2000M
 Pre-touch: Disabled
 Parallel Workers: 8
 Concurrent Workers: 2
 Concurrent Refinement Workers: 8
 Periodic GC: Disabled

Heap:
 garbage-first heap   total reserved 2048000K, committed 33792K, used 8851K [0x0000000083000000, 0x0000000100000000)
  region size 1M, 2 eden (2M), 2 survivor (2M), 6 old (6M), 1 humongous (1M), 22 free (22M)

Heap Regions: E=young(eden), S=young(survivor), O=old, HS=humongous(starts), HC=humongous(continues), CS=collection set, F=free, TAMS=top-at-mark-start, PB=parsable bottom
|    0|0x0000000083000000, 0x0000000083100000, 0x0000000083100000|100%|HS|  |TAMS 0x0000000083000000| PB 0x0000000083000000| Complete  |  0
|    1|0x0000000083100000, 0x0000000083200000, 0x0000000083200000|100%| O|  |TAMS 0x0000000083100000| PB 0x0000000083100000| Untracked |  0
|    2|0x0000000083200000, 0x0000000083300000, 0x0000000083300000|100%| O|  |TAMS 0x0000000083200000| PB 0x0000000083200000| Untracked |  0
|    3|0x0000000083300000, 0x0000000083400000, 0x0000000083400000|100%| O|  |TAMS 0x0000000083300000| PB 0x0000000083300000| Untracked |  0
|    4|0x0000000083400000, 0x0000000083500000, 0x0000000083500000|100%| O|  |TAMS 0x0000000083400000| PB 0x0000000083400000| Untracked |  0
|    5|0x0000000083500000, 0x0000000083500000, 0x0000000083600000|  0%| F|  |TAMS 0x0000000083500000| PB 0x0000000083500000| Untracked |  0
|    6|0x0000000083600000, 0x0000000083600000, 0x0000000083700000|  0%| F|  |TAMS 0x0000000083600000| PB 0x0000000083600000| Untracked |  0
|    7|0x0000000083700000, 0x0000000083700000, 0x0000000083800000|  0%| F|  |TAMS 0x0000000083700000| PB 0x0000000083700000| Untracked |  0
|    8|0x0000000083800000, 0x0000000083800000, 0x0000000083900000|  0%| F|  |TAMS 0x0000000083800000| PB 0x0000000083800000| Untracked |  0
|    9|0x0000000083900000, 0x0000000083900000, 0x0000000083a00000|  0%| F|  |TAMS 0x0000000083900000| PB 0x0000000083900000| Untracked |  0
|   10|0x0000000083a00000, 0x0000000083a00000, 0x0000000083b00000|  0%| F|  |TAMS 0x0000000083a00000| PB 0x0000000083a00000| Untracked |  0
|   11|0x0000000083b00000, 0x0000000083b00000, 0x0000000083c00000|  0%| F|  |TAMS 0x0000000083b00000| PB 0x0000000083b00000| Untracked |  0
|   12|0x0000000083c00000, 0x0000000083c00000, 0x0000000083d00000|  0%| F|  |TAMS 0x0000000083c00000| PB 0x0000000083c00000| Untracked |  0
|   13|0x0000000083d00000, 0x0000000083d00000, 0x0000000083e00000|  0%| F|  |TAMS 0x0000000083d00000| PB 0x0000000083d00000| Untracked |  0
|   14|0x0000000083e00000, 0x0000000083e00000, 0x0000000083f00000|  0%| F|  |TAMS 0x0000000083e00000| PB 0x0000000083e00000| Untracked |  0
|   15|0x0000000083f00000, 0x0000000083f00000, 0x0000000084000000|  0%| F|  |TAMS 0x0000000083f00000| PB 0x0000000083f00000| Untracked |  0
|   16|0x0000000084000000, 0x0000000084000000, 0x0000000084100000|  0%| F|  |TAMS 0x0000000084000000| PB 0x0000000084000000| Untracked |  0
|   17|0x0000000084100000, 0x0000000084100000, 0x0000000084200000|  0%| F|  |TAMS 0x0000000084100000| PB 0x0000000084100000| Untracked |  0
|   18|0x0000000084200000, 0x0000000084200000, 0x0000000084300000|  0%| F|  |TAMS 0x0000000084200000| PB 0x0000000084200000| Untracked |  0
|   19|0x0000000084300000, 0x000000008434e100, 0x0000000084400000| 30%| S|CS|TAMS 0x0000000084300000| PB 0x0000000084300000| Complete  |  0
|   20|0x0000000084400000, 0x0000000084500000, 0x0000000084500000|100%| S|CS|TAMS 0x0000000084400000| PB 0x0000000084400000| Complete  |  0
|   21|0x0000000084500000, 0x0000000084500000, 0x0000000084600000|  0%| F|  |TAMS 0x0000000084500000| PB 0x0000000084500000| Untracked |  0
|   22|0x0000000084600000, 0x0000000084600000, 0x0000000084700000|  0%| F|  |TAMS 0x0000000084600000| PB 0x0000000084600000| Untracked |  0
|   23|0x0000000084700000, 0x0000000084700000, 0x0000000084800000|  0%| F|  |TAMS 0x0000000084700000| PB 0x0000000084700000| Untracked |  0
|   24|0x0000000084800000, 0x0000000084800000, 0x0000000084900000|  0%| F|  |TAMS 0x0000000084800000| PB 0x0000000084800000| Untracked |  0
|   25|0x0000000084900000, 0x0000000084900000, 0x0000000084a00000|  0%| F|  |TAMS 0x0000000084900000| PB 0x0000000084900000| Untracked |  0
|   26|0x0000000084a00000, 0x0000000084a00000, 0x0000000084b00000|  0%| F|  |TAMS 0x0000000084a00000| PB 0x0000000084a00000| Untracked |  0
|   27|0x0000000084b00000, 0x0000000084b00000, 0x0000000084c00000|  0%| F|  |TAMS 0x0000000084b00000| PB 0x0000000084b00000| Untracked |  0
|   28|0x0000000084c00000, 0x0000000084c00000, 0x0000000084d00000|  0%| F|  |TAMS 0x0000000084c00000| PB 0x0000000084c00000| Untracked |  0
|   29|0x0000000084d00000, 0x0000000084db74f8, 0x0000000084e00000| 71%| E|CS|TAMS 0x0000000084d00000| PB 0x0000000084d00000| Complete  |  0
| 1997|0x00000000ffd00000, 0x00000000ffd56e98, 0x00000000ffe00000| 33%| O|  |TAMS 0x00000000ffd00000| PB 0x00000000ffd00000| Untracked |  0
| 1998|0x00000000ffe00000, 0x00000000fff00000, 0x00000000fff00000|100%| O|  |TAMS 0x00000000ffe00000| PB 0x00000000ffe00000| Untracked |  0
| 1999|0x00000000fff00000, 0x0000000100000000, 0x0000000100000000|100%| E|CS|TAMS 0x00000000fff00000| PB 0x00000000fff00000| Complete  |  0

Card table byte_map: [0x00000276449f0000,0x0000027644de0000] _byte_map_base: 0x00000276445d8000
Refinement table byte_map: [0x0000027644600000,0x00000276449f0000] _byte_map_base: 0x00000276441e8000

Marking Bits: (CMBitMap*) 0x00000276384adbc0
 Bits: [0x0000027644de0000, 0x0000027646d20000)

Polling page: 0x00000276362f0000

Metaspace:
Metaspace        used 4505K, committed 4608K, reserved 1114112K
 class space     used 590K, committed 640K, reserved 1048576K

Usage:
  Non-class:      3.82 MB used.
      Class:    590.45 KB used.
       Both:      4.40 MB used.

Virtual space:
  Non-class space:       64.00 MB reserved,       3.88 MB (  6%) committed,  1 nodes.
      Class space:        1.00 GB reserved,     640.00 KB ( <1%) committed,  1 nodes.
             Both:        1.06 GB reserved,       4.50 MB ( <1%) committed. 

Chunk freelists:
   Non-Class:  9.45 MB
       Class:  15.34 MB
        Both:  24.80 MB

MaxMetaspaceSize: unlimited
CompressedClassSpaceSize: 1.00 GB
Initial GC threshold: 21.00 MB
Current GC threshold: 21.00 MB
CDS: on
 - commit_granule_bytes: 65536.
 - commit_granule_words: 8192.
 - virtual_space_node_default_size: 8388608.
 - enlarge_chunks_in_place: 1.
UseCompressedClassPointers 1, UseCompactObjectHeaders 0
Narrow klass pointer bits 32, Max shift 3
Narrow klass base: 0x000000003b000000, Narrow klass shift: 0
Encoding Range: [0x000000003b000000 - 0x000000013b000000), (4294967296 bytes)
Klass Range:    [0x000000003b000000 - 0x000000007c000000), (1090519040 bytes)
Klass ID Range:  [8 - 1090519033) (1090519025)
Protection zone: [0x000000003b000000 - 0x000000003b010000), (65536 bytes)


Internal statistics:

num_allocs_failed_limit: 0.
num_arena_births: 66.
num_arena_deaths: 0.
num_vsnodes_births: 2.
num_vsnodes_deaths: 0.
num_space_committed: 72.
num_space_uncommitted: 0.
num_chunks_returned_to_freelist: 0.
num_chunks_taken_from_freelist: 215.
num_chunk_merges: 0.
num_chunk_splits: 135.
num_chunks_enlarged: 102.
num_inconsistent_stats: 0.

CodeCache: size=49152Kb used=3406Kb max_used=3406Kb free=45745Kb
 bounds [0x0000027641100000, 0x0000027641460000, 0x0000027644100000]
 total_blobs=1511, nmethods=1077, adapters=358, full_count=0
Compilation: enabled, stopped_count=0, restarted_count=0

Compilation events (20 events):
Event: 0.555 Thread 0x000002763847e5d0 1067   !   1       java.lang.invoke.MethodHandle::setVarargs (50 bytes)
Event: 0.555 Thread 0x0000027649751e40 1068       1       java.lang.invoke.MemberName::isVarargs (23 bytes)
Event: 0.555 Thread 0x000002763847fe00 1069       1       java.lang.invoke.DirectMethodHandle::preparedLambdaForm (6 bytes)
Event: 0.556 Thread 0x000002763847fe00 nmethod 1069 0x0000027641450d88 code [0x0000027641450e80, 0x0000027641450f40]
Event: 0.556 Thread 0x0000027649751e40 nmethod 1068 0x0000027641451088 code [0x0000027641451180, 0x0000027641451290]
Event: 0.556 Thread 0x000002763847e5d0 nmethod 1067 0x0000027641451388 code [0x0000027641451480, 0x00000276414518e8]
Event: 0.558 Thread 0x000002763847e5d0 1070       1       java.lang.invoke.MethodHandleNatives::findMethodHandleType (7 bytes)
Event: 0.558 Thread 0x000002763847e5d0 nmethod 1070 0x0000027641452388 code [0x0000027641452480, 0x0000027641452540]
Event: 0.562 Thread 0x000002763847e5d0 1071       1       java.util.Arrays::hashCode (15 bytes)
Event: 0.562 Thread 0x000002763847fe00 1072       1       jdk.internal.util.ArraysSupport::hashCode (42 bytes)
Event: 0.562 Thread 0x000002763847e5d0 nmethod 1071 0x0000027641452688 code [0x0000027641452780, 0x0000027641452880]
Event: 0.562 Thread 0x000002763847fe00 nmethod 1072 0x0000027641452988 code [0x0000027641452a80, 0x0000027641452bd8]
Event: 0.563 Thread 0x0000027649751e40 1074       1       java.lang.invoke.MethodHandle::isBuiltinLoader (24 bytes)
Event: 0.563 Thread 0x0000027649751e40 nmethod 1074 0x0000027641452f88 code [0x0000027641453080, 0x0000027641453158]
Event: 0.564 Thread 0x000002763847fe00 1075       1       java.lang.invoke.DirectMethodHandle::internalMemberName (8 bytes)
Event: 0.565 Thread 0x000002763847fe00 nmethod 1075 0x0000027641453288 code [0x0000027641453380, 0x0000027641453458]
Event: 0.567 Thread 0x000002763847e5d0 1076       1       java.util.concurrent.CopyOnWriteArrayList::getArray (5 bytes)
Event: 0.567 Thread 0x000002763847e5d0 nmethod 1076 0x0000027641453588 code [0x0000027641453680, 0x0000027641453738]
Event: 0.567 Thread 0x000002763847fe00 1077       1       org.springframework.util.Assert::notNull (14 bytes)
Event: 0.568 Thread 0x000002763847fe00 nmethod 1077 0x0000027641453888 code [0x0000027641453980, 0x0000027641453ab0]

GC Heap Usage History (10 events):
Event: 0.176 {heap Before GC invocations=0 (full 0):
 garbage-first heap   total reserved 2048000K, committed 10240K, used 5283K [0x0000000083000000, 0x0000000100000000)
  region size 1M, 4 eden (4M), 0 survivor (0M), 2 old (2M), 1 humongous (1M), 3 free (3M)
}
Event: 0.180 {heap After GC invocations=1 (full 0):
 garbage-first heap   total reserved 2048000K, committed 10240K, used 5223K [0x0000000083000000, 0x0000000100000000)
  region size 1M, 0 eden (0M), 1 survivor (1M), 4 old (4M), 1 humongous (1M), 4 free (4M)
}
Event: 0.191 {heap Before GC invocations=1 (full 0):
 garbage-first heap   total reserved 2048000K, committed 10240K, used 5223K [0x0000000083000000, 0x0000000100000000)
  region size 1M, 1 eden (1M), 1 survivor (1M), 4 old (4M), 1 humongous (1M), 3 free (3M)
}
Event: 0.194 {heap After GC invocations=2 (full 0):
 garbage-first heap   total reserved 2048000K, committed 10240K, used 5854K [0x0000000083000000, 0x0000000100000000)
  region size 1M, 0 eden (0M), 1 survivor (1M), 5 old (5M), 1 humongous (1M), 3 free (3M)
}
Event: 0.215 {heap Before GC invocations=3 (full 0):
 garbage-first heap   total reserved 2048000K, committed 10240K, used 5854K [0x0000000083000000, 0x0000000100000000)
  region size 1M, 1 eden (1M), 1 survivor (1M), 5 old (5M), 1 humongous (1M), 2 free (2M)
}
Event: 0.216 {heap After GC invocations=4 (full 0):
 garbage-first heap   total reserved 2048000K, committed 10240K, used 6525K [0x0000000083000000, 0x0000000100000000)
  region size 1M, 0 eden (0M), 1 survivor (1M), 6 old (6M), 1 humongous (1M), 2 free (2M)
}
Event: 0.246 {heap Before GC invocations=4 (full 0):
 garbage-first heap   total reserved 2048000K, committed 10240K, used 7549K [0x0000000083000000, 0x0000000100000000)
  region size 1M, 1 eden (1M), 1 survivor (1M), 6 old (6M), 1 humongous (1M), 1 free (1M)
}
Event: 0.248 {heap After GC invocations=5 (full 0):
 garbage-first heap   total reserved 2048000K, committed 33792K, used 6585K [0x0000000083000000, 0x0000000100000000)
  region size 1M, 0 eden (0M), 1 survivor (1M), 6 old (6M), 1 humongous (1M), 25 free (25M)
}
Event: 0.520 {heap Before GC invocations=5 (full 0):
 garbage-first heap   total reserved 2048000K, committed 33792K, used 15801K [0x0000000083000000, 0x0000000100000000)
  region size 1M, 10 eden (10M), 1 survivor (1M), 6 old (6M), 1 humongous (1M), 15 free (15M)
}
Event: 0.524 {heap After GC invocations=6 (full 0):
 garbage-first heap   total reserved 2048000K, committed 33792K, used 7827K [0x0000000083000000, 0x0000000100000000)
  region size 1M, 0 eden (0M), 2 survivor (2M), 6 old (6M), 1 humongous (1M), 24 free (24M)
}

Metaspace Usage History (10 events):
Event: 0.176 {metaspace Before GC invocations=0 (full 0):
 Metaspace       used 240K, committed 384K, reserved 1114112K
  class space    used 7K, committed 128K, reserved 1048576K
}
Event: 0.180 {metaspace After GC invocations=1 (full 0):
 Metaspace       used 240K, committed 384K, reserved 1114112K
  class space    used 7K, committed 128K, reserved 1048576K
}
Event: 0.191 {metaspace Before GC invocations=1 (full 0):
 Metaspace       used 241K, committed 384K, reserved 1114112K
  class space    used 7K, committed 128K, reserved 1048576K
}
Event: 0.194 {metaspace After GC invocations=2 (full 0):
 Metaspace       used 241K, committed 384K, reserved 1114112K
  class space    used 7K, committed 128K, reserved 1048576K
}
Event: 0.215 {metaspace Before GC invocations=3 (full 0):
 Metaspace       used 357K, committed 512K, reserved 1114112K
  class space    used 29K, committed 128K, reserved 1048576K
}
Event: 0.216 {metaspace After GC invocations=4 (full 0):
 Metaspace       used 357K, committed 512K, reserved 1114112K
  class space    used 29K, committed 128K, reserved 1048576K
}
Event: 0.246 {metaspace Before GC invocations=4 (full 0):
 Metaspace       used 862K, committed 1024K, reserved 1114112K
  class space    used 76K, committed 192K, reserved 1048576K
}
Event: 0.248 {metaspace After GC invocations=5 (full 0):
 Metaspace       used 862K, committed 1024K, reserved 1114112K
  class space    used 76K, committed 192K, reserved 1048576K
}
Event: 0.520 {metaspace Before GC invocations=5 (full 0):
 Metaspace       used 4040K, committed 4160K, reserved 1114112K
  class space    used 530K, committed 576K, reserved 1048576K
}
Event: 0.524 {metaspace After GC invocations=6 (full 0):
 Metaspace       used 4040K, committed 4160K, reserved 1114112K
  class space    used 530K, committed 576K, reserved 1048576K
}

Dll operation events (10 events):
Event: 0.008 Attempting to load shared library C:\Program Files\Java\jdk-26.0.1\bin\java.dll
Event: 0.011 Loaded shared library C:\Program Files\Java\jdk-26.0.1\bin\java.dll
Event: 0.107 Attempting to load shared library C:\Program Files\Java\jdk-26.0.1\bin\net.dll
Event: 0.107 Loaded shared library C:\Program Files\Java\jdk-26.0.1\bin\net.dll
Event: 0.109 Attempting to load shared library C:\Program Files\Java\jdk-26.0.1\bin\nio.dll
Event: 0.109 Loaded shared library C:\Program Files\Java\jdk-26.0.1\bin\nio.dll
Event: 0.113 Attempting to load shared library C:\Program Files\Java\jdk-26.0.1\bin\zip.dll
Event: 0.113 Loaded shared library C:\Program Files\Java\jdk-26.0.1\bin\zip.dll
Event: 0.226 Attempting to load shared library C:\Program Files\Java\jdk-26.0.1\bin\jimage.dll
Event: 0.226 Loaded shared library C:\Program Files\Java\jdk-26.0.1\bin\jimage.dll

Deoptimization events (0 events):
No events

Classes loaded (20 events):
Event: 0.563 Loading class sun/util/logging/PlatformLogger$ConfigurableBridge$LoggerConfiguration done
Event: 0.563 Loading class jdk/internal/logger/SimpleConsoleLogger done
Event: 0.563 Loading class jdk/internal/logger/SurrogateLogger done
Event: 0.563 Loading class java/lang/System$Logger$Level
Event: 0.563 Loading class java/lang/System$Logger$Level done
Event: 0.563 Loading class sun/util/logging/PlatformLogger
Event: 0.563 Loading class sun/util/logging/PlatformLogger done
Event: 0.563 Loading class sun/util/logging/PlatformLogger$Level
Event: 0.564 Loading class sun/util/logging/PlatformLogger$Level done
Event: 0.564 Loading class jdk/internal/logger/SimpleConsoleLogger$Formatting
Event: 0.564 Loading class jdk/internal/logger/SimpleConsoleLogger$Formatting done
Event: 0.564 Loading class java/util/logging/ErrorManager
Event: 0.564 Loading class java/util/logging/ErrorManager done
Event: 0.565 Loading class java/util/logging/LogManager$CloseOnReset
Event: 0.565 Loading class java/util/logging/LogManager$CloseOnReset done
Event: 0.565 Loading class java/util/MissingResourceException
Event: 0.565 Loading class java/util/MissingResourceException done
Event: 0.572 Loading class javax/naming/InitialContext
Event: 0.572 Loading class javax/naming/Context
Event: 0.572 Loading class javax/naming/Context done

Classes unloaded (0 events):
No events

Classes redefined (0 events):
No events

Internal exceptions (18 events):
Event: 0.219 Thread 0x0000027636129d70 Exception <a 'java/lang/NoSuchMethodError'{0x0000000083714008}: 'java.lang.Object java.lang.invoke.DirectMethodHandle$Holder.invokeStaticInit(java.lang.Object, java.lang.Object, java.lang.Object)'> (0x0000000083714008) 
thrown [s\open\src\hotspot\share\interpreter\linkResolver.cpp, line 804]
Event: 0.252 Thread 0x0000027636129d70 Exception <a 'java/lang/NoSuchMethodError'{0x00000000fff21608}: 'java.lang.Object java.lang.invoke.DirectMethodHandle$Holder.invokeStaticInit(java.lang.Object)'> (0x00000000fff21608) 
thrown [s\open\src\hotspot\share\interpreter\linkResolver.cpp, line 804]
Event: 0.260 Thread 0x0000027636129d70 Exception <a 'java/lang/NoSuchMethodError'{0x00000000fff48f90}: 'void java.lang.invoke.DirectMethodHandle$Holder.invokeStatic(java.lang.Object, java.lang.Object, java.lang.Object, java.lang.Object)'> (0x00000000fff48f90) 
thrown [s\open\src\hotspot\share\interpreter\linkResolver.cpp, line 804]
Event: 0.276 Thread 0x0000027636129d70 Exception <a 'java/lang/NoSuchMethodError'{0x00000000fffc2e30}: 'int java.lang.invoke.DirectMethodHandle$Holder.invokeStatic(java.lang.Object)'> (0x00000000fffc2e30) 
thrown [s\open\src\hotspot\share\interpreter\linkResolver.cpp, line 804]
Event: 0.277 Thread 0x0000027636129d70 Exception <a 'java/lang/NoSuchMethodError'{0x00000000fffcab38}: 'int java.lang.invoke.DirectMethodHandle$Holder.invokeStaticInit(java.lang.Object)'> (0x00000000fffcab38) 
thrown [s\open\src\hotspot\share\interpreter\linkResolver.cpp, line 804]
Event: 0.284 Thread 0x0000027636129d70 Exception <a 'java/lang/NoSuchMethodError'{0x0000000084d1aa58}: 'void java.lang.invoke.DirectMethodHandle$Holder.invokeStatic(java.lang.Object, java.lang.Object, java.lang.Object)'> (0x0000000084d1aa58) 
thrown [s\open\src\hotspot\share\interpreter\linkResolver.cpp, line 804]
Event: 0.288 Thread 0x0000027636129d70 Exception <a 'java/lang/NoSuchMethodError'{0x0000000084d3cc90}: 'java.lang.Object java.lang.invoke.DirectMethodHandle$Holder.invokeStatic(java.lang.Object, int, java.lang.Object)'> (0x0000000084d3cc90) 
thrown [s\open\src\hotspot\share\interpreter\linkResolver.cpp, line 804]
Event: 0.296 Thread 0x0000027636129d70 Exception <a 'java/lang/NoSuchMethodError'{0x0000000084d6c8a8}: 'java.lang.Object java.lang.invoke.DirectMethodHandle$Holder.invokeInterface(java.lang.Object, java.lang.Object)'> (0x0000000084d6c8a8) 
thrown [s\open\src\hotspot\share\interpreter\linkResolver.cpp, line 804]
Event: 0.317 Thread 0x0000027636129d70 Exception <a 'java/lang/NoSuchMethodError'{0x0000000084dfa1a8}: 'void java.lang.invoke.DirectMethodHandle$Holder.invokeStaticInit(java.lang.Object, java.lang.Object, java.lang.Object, java.lang.Object)'> (0x0000000084dfa1a8) 
thrown [s\open\src\hotspot\share\interpreter\linkResolver.cpp, line 804]
Event: 0.355 Thread 0x0000027636129d70 Exception <a 'java/lang/NoSuchMethodError'{0x0000000084b4b578}: 'void java.lang.invoke.DirectMethodHandle$Holder.invokeSpecial(java.lang.Object, java.lang.Object, java.lang.Object)'> (0x0000000084b4b578) 
thrown [s\open\src\hotspot\share\interpreter\linkResolver.cpp, line 804]
Event: 0.367 Thread 0x0000027636129d70 Exception <a 'java/lang/NoSuchMethodError'{0x0000000084bbda88}: 'java.lang.Object java.lang.invoke.DelegatingMethodHandle$Holder.reinvoke_L(java.lang.Object, java.lang.Object, java.lang.Object, long, java.lang.Object)'> (0x0000000084bbda88) 
thrown [s\open\src\hotspot\share\interpreter\linkResolver.cpp, line 804]
Event: 0.368 Thread 0x0000027636129d70 Exception <a 'java/lang/NoSuchMethodError'{0x0000000084bce110}: 'java.lang.Object java.lang.invoke.Invokers$Holder.linkToTargetMethod(java.lang.Object, long, java.lang.Object, java.lang.Object)'> (0x0000000084bce110) 
thrown [s\open\src\hotspot\share\interpreter\linkResolver.cpp, line 804]
Event: 0.444 Thread 0x0000027636129d70 Exception <a 'java/lang/NoSuchMethodError'{0x00000000848e2360}: 'int java.lang.invoke.DirectMethodHandle$Holder.invokeStaticInit(java.lang.Object, java.lang.Object)'> (0x00000000848e2360) 
thrown [s\open\src\hotspot\share\interpreter\linkResolver.cpp, line 804]
Event: 0.454 Thread 0x0000027636129d70 Exception <a 'java/lang/NoSuchMethodError'{0x0000000084778a10}: 'void java.lang.invoke.DirectMethodHandle$Holder.invokeInterface(java.lang.Object, java.lang.Object, java.lang.Object, java.lang.Object)'> (0x0000000084778a10) 
thrown [s\open\src\hotspot\share\interpreter\linkResolver.cpp, line 804]
Event: 0.501 Thread 0x0000027636129d70 Exception <a 'java/lang/NoSuchMethodError'{0x0000000084550d20}: 'java.lang.Object java.lang.invoke.DirectMethodHandle$Holder.invokeSpecialIFC(java.lang.Object, java.lang.Object, java.lang.Object, java.lang.Object)'> (0x0000000084550d20) 
thrown [s\open\src\hotspot\share\interpreter\linkResolver.cpp, line 804]
Event: 0.504 Thread 0x0000027636129d70 Exception <a 'java/lang/NoSuchMethodError'{0x0000000084570f78}: 'java.lang.Object java.lang.invoke.DirectMethodHandle$Holder.invokeInterface(java.lang.Object, java.lang.Object, java.lang.Object)'> (0x0000000084570f78) 
thrown [s\open\src\hotspot\share\interpreter\linkResolver.cpp, line 804]
Event: 0.540 Thread 0x0000027636129d70 Exception <a 'java/lang/NoSuchMethodError'{0x00000000fff91a38}: 'java.lang.Object java.lang.invoke.DirectMethodHandle$Holder.newInvokeSpecial(java.lang.Object, java.lang.Object, java.lang.Object, java.lang.Object, java.lang.Object)'> (0x00000000fff91a38) 
thrown [s\open\src\hotspot\share\interpreter\linkResolver.cpp, line 804]
Event: 0.567 Thread 0x0000027636129d70 Exception <a 'java/lang/IncompatibleClassChangeError'{0x0000000084d6da60}: Found class java.lang.Object, but interface was expected> (0x0000000084d6da60) 
thrown [s\open\src\hotspot\share\interpreter\linkResolver.cpp, line 871]

VM Operations (20 events):
Event: 0.176 Executing safepoint VM operation: G1CollectForAllocation (G1 Evacuation Pause)
Event: 0.180 Executing safepoint VM operation: G1CollectForAllocation (G1 Evacuation Pause) done
Event: 0.191 Executing safepoint VM operation: G1CollectForAllocation (G1 Evacuation Pause)
Event: 0.194 Executing safepoint VM operation: G1CollectForAllocation (G1 Evacuation Pause) done
Event: 0.198 Executing safepoint VM operation: G1PauseRemark
Event: 0.199 Executing safepoint VM operation: G1PauseRemark done
Event: 0.201 Executing safepoint VM operation: G1PauseCleanup
Event: 0.201 Executing safepoint VM operation: G1PauseCleanup done
Event: 0.215 Executing safepoint VM operation: G1CollectForAllocation (G1 Evacuation Pause)
Event: 0.216 Executing safepoint VM operation: G1CollectForAllocation (G1 Evacuation Pause) done
Event: 0.246 Executing safepoint VM operation: G1CollectForAllocation (G1 Evacuation Pause)
Event: 0.248 Executing safepoint VM operation: G1CollectForAllocation (G1 Evacuation Pause) done
Event: 0.257 Executing non-safepoint VM operation: HandshakeAllThreads (Deoptimize)
Event: 0.257 Executing non-safepoint VM operation: HandshakeAllThreads (Deoptimize) done
Event: 0.302 Executing non-safepoint VM operation: HandshakeAllThreads (Deoptimize)
Event: 0.302 Executing non-safepoint VM operation: HandshakeAllThreads (Deoptimize) done
Event: 0.325 Executing non-safepoint VM operation: HandshakeAllThreads (Deoptimize)
Event: 0.325 Executing non-safepoint VM operation: HandshakeAllThreads (Deoptimize) done
Event: 0.520 Executing safepoint VM operation: G1CollectForAllocation (G1 Evacuation Pause)
Event: 0.524 Executing safepoint VM operation: G1CollectForAllocation (G1 Evacuation Pause) done

Memory protections (0 events):
No events

Nmethod flushes (0 events):
No events

Events (12 events):
Event: 0.027 Thread 0x0000027636129d70 Thread added: 0x0000027636129d70
Event: 0.041 Thread 0x0000027636129d70 Thread added: 0x00000276497215c0
Event: 0.041 Thread 0x0000027636129d70 Thread added: 0x0000027649722010
Event: 0.041 Thread 0x0000027636129d70 Thread added: 0x00000276497237d0
Event: 0.041 Thread 0x0000027636129d70 Thread added: 0x0000027649724060
Event: 0.041 Thread 0x0000027636129d70 Thread added: 0x0000027649724a90
Event: 0.041 Thread 0x0000027636129d70 Thread added: 0x0000027649727660
Event: 0.041 Thread 0x0000027636129d70 Thread added: 0x0000027649751e40
Event: 0.100 Thread 0x0000027636129d70 Thread added: 0x00000276497caad0
Event: 0.104 Thread 0x0000027636129d70 Thread added: 0x00000276497cf290
Event: 0.111 Thread 0x0000027649751e40 Thread added: 0x000002763847fe00
Event: 0.380 Thread 0x000002763847fe00 Thread added: 0x000002763847e5d0


Dynamic libraries:
0x00007ff6462c0000 - 0x00007ff6462d0000 	C:\Program Files\Java\jdk-26.0.1\bin\java.exe
0x00007ffc9f290000 - 0x00007ffc9f488000 	C:\Windows\SYSTEM32\ntdll.dll
0x00007ffc9ea20000 - 0x00007ffc9eae2000 	C:\Windows\System32\KERNEL32.DLL
0x00007ffc9cbd0000 - 0x00007ffc9cec6000 	C:\Windows\System32\KERNELBASE.dll
0x00007ffc9ca40000 - 0x00007ffc9cb40000 	C:\Windows\System32\ucrtbase.dll
0x00007ffc81820000 - 0x00007ffc8183e000 	C:\Program Files\Java\jdk-26.0.1\bin\VCRUNTIME140.dll
0x00007ffc81840000 - 0x00007ffc81857000 	C:\Program Files\Java\jdk-26.0.1\bin\jli.dll
0x00007ffc9daf0000 - 0x00007ffc9dc91000 	C:\Windows\System32\USER32.dll
0x00007ffc81f00000 - 0x00007ffc8219b000 	C:\Windows\WinSxS\amd64_microsoft.windows.common-controls_6595b64144ccf1df_6.0.19041.6456_none_60b8a6cb71f64256\COMCTL32.dll
0x00007ffc9ced0000 - 0x00007ffc9cef2000 	C:\Windows\System32\win32u.dll
0x00007ffc9d2b0000 - 0x00007ffc9d34e000 	C:\Windows\System32\msvcrt.dll
0x00007ffc9eb50000 - 0x00007ffc9eb7b000 	C:\Windows\System32\GDI32.dll
0x00007ffc9c920000 - 0x00007ffc9ca39000 	C:\Windows\System32\gdi32full.dll
0x00007ffc9d1e0000 - 0x00007ffc9d27d000 	C:\Windows\System32\msvcp_win.dll
0x00007ffc9dac0000 - 0x00007ffc9daef000 	C:\Windows\System32\IMM32.DLL
0x00007ffc81870000 - 0x00007ffc8187c000 	C:\Program Files\Java\jdk-26.0.1\bin\vcruntime140_1.dll
0x00007ffc710d0000 - 0x00007ffc7115d000 	C:\Program Files\Java\jdk-26.0.1\bin\msvcp140.dll
0x00007ffc3dad0000 - 0x00007ffc3e99e000 	C:\Program Files\Java\jdk-26.0.1\bin\server\jvm.dll
0x00007ffc9e7d0000 - 0x00007ffc9e881000 	C:\Windows\System32\ADVAPI32.dll
0x00007ffc9eb80000 - 0x00007ffc9ec1f000 	C:\Windows\System32\sechost.dll
0x00007ffc9e890000 - 0x00007ffc9e9b0000 	C:\Windows\System32\RPCRT4.dll
0x00007ffc9d280000 - 0x00007ffc9d2a7000 	C:\Windows\System32\bcrypt.dll
0x00007ffc9dde0000 - 0x00007ffc9de4b000 	C:\Windows\System32\WS2_32.dll
0x00007ffc9c780000 - 0x00007ffc9c7cb000 	C:\Windows\SYSTEM32\POWRPROF.dll
0x00007ffc8d190000 - 0x00007ffc8d1b7000 	C:\Windows\SYSTEM32\WINMM.dll
0x00007ffc96b90000 - 0x00007ffc96b9a000 	C:\Windows\SYSTEM32\VERSION.dll
0x00007ffc9c760000 - 0x00007ffc9c772000 	C:\Windows\SYSTEM32\UMPDC.dll
0x00007ffc9b160000 - 0x00007ffc9b172000 	C:\Windows\SYSTEM32\kernel.appcore.dll
0x00007ffc81810000 - 0x00007ffc8181a000 	C:\Program Files\Java\jdk-26.0.1\bin\jimage.dll
0x00007ffc9a360000 - 0x00007ffc9a561000 	C:\Windows\SYSTEM32\DBGHELP.DLL
0x00007ffc79ac0000 - 0x00007ffc79af4000 	C:\Windows\SYSTEM32\dbgcore.DLL
0x00007ffc9cb40000 - 0x00007ffc9cbc2000 	C:\Windows\System32\bcryptPrimitives.dll
0x00007ffc817f0000 - 0x00007ffc8180f000 	C:\Program Files\Java\jdk-26.0.1\bin\java.dll
0x00007ffc9e440000 - 0x00007ffc9e56b000 	C:\Windows\System32\ole32.dll
0x00007ffc9eef0000 - 0x00007ffc9f244000 	C:\Windows\System32\combase.dll
0x00007ffc9d350000 - 0x00007ffc9dac0000 	C:\Windows\System32\SHELL32.dll
0x00007ffc9a970000 - 0x00007ffc9b115000 	C:\Windows\SYSTEM32\windows.storage.dll
0x00007ffc9c270000 - 0x00007ffc9c29b000 	C:\Windows\SYSTEM32\Wldp.dll
0x00007ffc9ec30000 - 0x00007ffc9ecfd000 	C:\Windows\System32\OLEAUT32.dll
0x00007ffc9ed00000 - 0x00007ffc9edad000 	C:\Windows\System32\SHCORE.dll
0x00007ffc9e3e0000 - 0x00007ffc9e43b000 	C:\Windows\System32\shlwapi.dll
0x00007ffc9c850000 - 0x00007ffc9c874000 	C:\Windows\SYSTEM32\profapi.dll
0x00007ffc81760000 - 0x00007ffc81772000 	C:\Program Files\Java\jdk-26.0.1\bin\net.dll
0x00007ffc9bfd0000 - 0x00007ffc9c03a000 	C:\Windows\system32\mswsock.dll
0x00007ffc81740000 - 0x00007ffc81756000 	C:\Program Files\Java\jdk-26.0.1\bin\nio.dll
0x00007ffc81460000 - 0x00007ffc81477000 	C:\Program Files\Java\jdk-26.0.1\bin\zip.dll

JVMTI agents: none

dbghelp: loaded successfully - version: 4.0.5 - missing functions: none
symbol engine: initialized successfully - sym options: 0x614 - pdb path: .;C:\Program Files\Java\jdk-26.0.1\bin;C:\Windows\SYSTEM32;C:\Windows\WinSxS\amd64_microsoft.windows.common-controls_6595b64144ccf1df_6.0.19041.6456_none_60b8a6cb71f64256;C:\Program Files\Java\jdk-26.0.1\bin\server

VM Arguments:
jvm_args: -XX:TieredStopAtLevel=1 
java_command: com.careflow.CareFlowApplication
java_class_path (initial): E:\Java\CareFlow\Backend\careflow-backend\target\classes;C:\Users\ceaser\.m2\repository\ch\qos\logback\logback-classic\1.5.38\logback-classic-1.5.38.jar;C:\Users\ceaser\.m2\repository\ch\qos\logback\logback-core\1.5.38\logback-core-1.5.38.jar;C:\Users\ceaser\.m2\repository\org\apache\logging\log4j\log4j-to-slf4j\2.25.5\log4j-to-slf4j-2.25.5.jar;C:\Users\ceaser\.m2\repository\org\apache\logging\log4j\log4j-api\2.25.5\log4j-api-2.25.5.jar;C:\Users\ceaser\.m2\repository\org\slf4j\jul-to-slf4j\2.0.18\jul-to-slf4j-2.0.18.jar;C:\Users\ceaser\.m2\repository\org\springframework\boot\spring-boot-autoconfigure\4.1.1\spring-boot-autoconfigure-4.1.1.jar;C:\Users\ceaser\.m2\repository\jakarta\annotation\jakarta.annotation-api\3.0.0\jakarta.annotation-api-3.0.0.jar;C:\Users\ceaser\.m2\repository\org\yaml\snakeyaml\2.6\snakeyaml-2.6.jar;C:\Users\ceaser\.m2\repository\org\springframework\boot\spring-boot-jackson\4.1.1\spring-boot-jackson-4.1.1.jar;C:\Users\ceaser\.m2\repository\org\springframework\boot\spring-boot-web-server\4.1.1\spring-boot-web-server-4.1.1.jar;C:\Users\ceaser\.m2\repository\org\apache\tomcat\embed\tomcat-embed-core\11.0.24\tomcat-embed-core-11.0.24.jar;C:\Users\ceaser\.m2\repository\org\apache\tomcat\embed\tomcat-embed-websocket\11.0.24\tomcat-embed-websocket-11.0.24.jar;C:\Users\ceaser\.m2\repository\org\springframework\boot\spring-boot-tomcat\4.1.1\spring-boot-tomcat-4.1.1.jar;C:\Users\ceaser\.m2\repository\org\springframework\boot\spring-boot-http-converter\4.1.1\spring-boot-http-converter-4.1.1.jar;C:\Users\ceaser\.m2\repository\org\springframework\boot\spring-boot\4.1.1\spring-boot-4.1.1.jar;C:\Users\ceaser\.m2\repository\org\springframework\spring-context\7.0.9\spring-context-7.0.9.jar;C:\Users\ceaser\.m2\repository\org\springframework\spring-web\7.0.9\spring-web-7.0.9.jar;C:\Users\ceaser\.m2\repository\org\springframework\boot\spring-boot-webmvc\4.1.1\spring-boot-webmvc-4.1.1.jar;C:\Users\ceaser\.m2\repository\org\springframework\boot\spring-boot-servlet\4.1.1\spring-boot-servlet-4.1.1.jar;C:\Users\ceaser\.m2\repository\org\springframework\spring-webmvc\7.0.9\spring-webmvc-7.0.9.jar;C:\Users\ceaser\.m2\repository\org\springframework\spring-expression\7.0.9\spring-expression-7.0.9.jar;C:\Users\ceaser\.m2\repository\com\zaxxer\HikariCP\7.0.2\HikariCP-7.0.2.jar;C:\Users\ceaser\.m2\repository\org\springframework\boot\spring-boot-data-jpa\4.1.1\spring-boot-data-jpa-4.1.1.jar;C:\Users\ceaser\.m2\repository\org\springframework\boot\spring-boot-data-commons\4.1.1\spring-boot-data-commons-4.1.1.jar;C:\Users\ceaser\.m2\repository\org\springframework\boot\spring-boot-persistence\4.1.1\spring-boot-persistence-4.1.1.jar;C:\Users\ceaser\.m2\repository\org\springframework\data\spring-data-commons\4.1.1\spring-data-commons-4.1.1.jar;C:\Users\ceaser\.m2\repository\org\springframework\boot\spring-boot-hibernate\4.1.1\spring-boot-hibernate-4.1.1.jar;C:\Users\ceaser\.m2\repository\org\springframework\boot\spring-boot-jpa\4.1.1\spring-boot-jpa-4.1.1.jar;C:\Users\ceaser\.m2\repository\jakarta\persistence\jakarta.persistence-api\3.2.0\jakarta.persistence-api-3.2.0.jar;C:\Users\ceaser\.m2\repository\org\hibernate\orm\hibernate-core\7.4.5.Final\hibernate-core-7.4.5.Final.jar;C:\Users\ceaser\.m2\repository\jakarta\transaction\jakarta.transaction-api\2.0.1\jakarta.transaction-api-2.0.1.jar;C:\Users\ceaser\.m2\repository\org\hibernate\models\hibernate-models\1.1.1\hibernate-models-1.1.1.jar;C:\Users\ceaser\.m2\repository\org\glassfish\jaxb\jaxb-runtime\4.0.9\jaxb-runtime-4.0.9.jar;C:\Users\ceaser\.m2\repository\org\glassfish\jaxb\jaxb-core\4.0.9\jaxb-core-4.0.9.jar;C:\Users\ceaser\.m2\repository\org\eclipse\angus\angus-activation\2.0.3\angus-activation-2.0.3.jar;C:\Users\ceaser\.m2\repository\org\glassfish\jaxb\txw2\4.0.9\txw2-4.0.9.jar;C:\Users\ceaser\.m2\repository\com\sun\istack\istack-commons-runtime\4.1.2\istack-commons-runtime-4.1.2.jar;C:\Users\ceaser\.m2\repository\jakarta\inject\jakarta.inject-api\2.0.1\jakarta.inject-api-2.0.1.jar;C:\Users\ceaser\.m2\repository\org\springframework\spring-orm\7.0.9\spring-orm-7.0.9.jar;C:\Users\ceaser\.m2\repository\org\springframework\data\spring-data-jpa\4.1.1\spring-data-jpa-4.1.1.jar;C:\Users\ceaser\.m2\repository\org\springframework\spring-tx\7.0.9\spring-tx-7.0.9.jar;C:\Users\ceaser\.m2\repository\org\antlr\antlr4-runtime\4.13.2\antlr4-runtime-4.13.2.jar;C:\Users\ceaser\.m2\repository\org\springframework\spring-aspects\7.0.9\spring-aspects-7.0.9.jar;C:\Users\ceaser\.m2\repository\org\aspectj\aspectjweaver\1.9.25.1\aspectjweaver-1.9.25.1.jar;C:\Users\ceaser\.m2\repository\org\springframework\boot\spring-boot-jdbc\4.1.1\spring-boot-jdbc-4.1.1.jar;C:\Users\ceaser\.m2\repository\org\springframework\boot\spring-boot-sql\4.1.1\spring-boot-sql-4.1.1.jar;C:\Users\ceaser\.m2\repository\org\springframework\boot\spring-boot-transaction\4.1.1\spring-boot-transaction-4.1.1.jar;C:\Users\ceaser\.m2\repository\org\springframework\spring-jdbc\7.0.9\spring-jdbc-7.0.9.jar;C:\Users\ceaser\.m2\repository\org\postgresql\postgresql\42.7.13\postgresql-42.7.13.jar;C:\Users\ceaser\.m2\repository\org\checkerframework\checker-qual\3.55.1\checker-qual-3.55.1.jar;C:\Users\ceaser\.m2\repository\org\springframework\boot\spring-boot-flyway\4.1.1\spring-boot-flyway-4.1.1.jar;C:\Users\ceaser\.m2\repository\org\flywaydb\flyway-database-postgresql\12.4.0\flyway-database-postgresql-12.4.0.jar;C:\Users\ceaser\.m2\repository\org\flywaydb\flyway-core\12.4.0\flyway-core-12.4.0.jar;C:\Users\ceaser\.m2\repository\tools\jackson\core\jackson-databind\3.1.5\jackson-databind-3.1.5.jar;C:\Users\ceaser\.m2\repository\com\fasterxml\jackson\core\jackson-annotations\2.21\jackson-annotations-2.21.jar;C:\Users\ceaser\.m2\repository\tools\jackson\core\jackson-core\3.1.5\jackson-core-3.1.5.jar;C:\Users\ceaser\.m2\repository\org\springframework\boot\spring-boot-security\4.1.1\spring-boot-security-4.1.1.jar;C:\Users\ceaser\.m2\repository\org\springframework\security\spring-security-config\7.1.1\spring-security-config-7.1.1.jar;C:\Users\ceaser\.m2\repository\org\springframework\security\spring-security-core\7.1.1\spring-security-core-7.1.1.jar;C:\Users\ceaser\.m2\repository\org\springframework\security\spring-security-crypto\7.1.1\spring-security-crypto-7.1.1.jar;C:\Users\ceaser\.m2\repository\org\springframework\security\spring-security-web\7.1.1\spring-security-web-7.1.1.jar;C:\Users\ceaser\.m2\repository\org\springframework\spring-aop\7.0.9\spring-aop-7.0.9.jar;C:\Users\ceaser\.m2\repository\org\springframework\spring-beans\7.0.9\spring-beans-7.0.9.jar;C:\Users\ceaser\.m2\repository\org\springframework\boot\spring-boot-validation\4.1.1\spring-boot-validation-4.1.1.jar;C:\Users\ceaser\.m2\repository\org\apache\tomcat\embed\tomcat-embed-el\11.0.24\tomcat-embed-el-11.0.24.jar;C:\Users\ceaser\.m2\repository\org\hibernate\validator\hibernate-validator\9.1.3.Final\hibernate-validator-9.1.3.Final.jar;C:\Users\ceaser\.m2\repository\jakarta\validation\jakarta.validation-api\3.1.1\jakarta.validation-api-3.1.1.jar;C:\Users\ceaser\.m2\repository\org\jboss\logging\jboss-logging\3.6.3.Final\jboss-logging-3.6.3.Final.jar;C:\Users\ceaser\.m2\repository\com\fasterxml\classmate\1.7.3\classmate-1.7.3.jar;C:\Users\ceaser\.m2\repository\org\springframework\boot\spring-boot-micrometer-metrics\4.1.1\spring-boot-micrometer-metrics-4.1.1.jar;C:\Users\ceaser\.m2\repository\org\springframework\boot\spring-boot-micrometer-observation\4.1.1\spring-boot-micrometer-observation-4.1.1.jar;C:\Users\ceaser\.m2\repository\org\springframework\boot\spring-boot-actuator-autoconfigure\4.1.1\spring-boot-actuator-autoconfigure-4.1.1.jar;C:\Users\ceaser\.m2\repository\org\springframework\boot\spring-boot-actuator\4.1.1\spring-boot-actuator-4.1.1.jar;C:\Users\ceaser\.m2\repository\org\springframework\boot\spring-boot-health\4.1.1\spring-boot-health-4.1.1.jar;C:\Users\ceaser\.m2\repository\io\micrometer\micrometer-observation\1.17.1\micrometer-observation-1.17.1.jar;C:\Users\ceaser\.m2\repository\org\jspecify\jspecify\1.0.1\jspecify-1.0.1.jar;C:\Users\ceaser\.m2\repository\io\micrometer\micrometer-commons\1.17.1\micrometer-commons-1.17.1.jar;C:\Users\ceaser\.m2\repository\io\micrometer\micrometer-jakarta9\1.17.1\micrometer-jakarta9-1.17.1.jar;C:\Users\ceaser\.m2\repository\io\micrometer\micrometer-core\1.17.1\micrometer-core-1.17.1.jar;C:\Users\ceaser\.m2\repository\org\hdrhistogram\HdrHistogram\2.2.2\HdrHistogram-2.2.2.jar;C:\Users\ceaser\.m2\repository\org\slf4j\slf4j-api\2.0.18\slf4j-api-2.0.18.jar;C:\Users\ceaser\.m2\repository\jakarta\xml\bind\jakarta.xml.bind-api\4.0.5\jakarta.xml.bind-api-4.0.5.jar;C:\Users\ceaser\.m2\repository\jakarta\activation\jakarta.activation-api\2.1.4\jakarta.activation-api-2.1.4.jar;C:\Users\ceaser\.m2\repository\net\bytebuddy\byte-buddy\1.18.11\byte-buddy-1.18.11.jar;C:\Users\ceaser\.m2\repository\org\springframework\spring-core\7.0.9\spring-core-7.0.9.jar;C:\Users\ceaser\.m2\repository\commons-logging\commons-logging\1.3.6\commons-logging-1.3.6.jar
Launcher Type: SUN_STANDARD

[Global flags]
     bool AOTAdapterCaching                        = false                                  {diagnostic} {ergonomic}
     bool AOTInvokeDynamicLinking                  = false                                  {diagnostic} {ergonomic}
     bool AOTRecordTraining                        = false                                  {diagnostic} {ergonomic}
     bool AOTReplayTraining                        = false                                  {diagnostic} {ergonomic}
     bool AOTStubCaching                           = false                                  {diagnostic} {ergonomic}
     intx CICompilerCount                          = 4                                         {product} {ergonomic}
     uint ConcGCThreads                            = 2                                         {product} {ergonomic}
     uint G1ConcRefinementThreads                  = 8                                         {product} {ergonomic}
     uint G1EagerReclaimRemSetThreshold            = 10                                   {experimental} {ergonomic}
   size_t G1HeapRegionSize                         = 1048576                                   {product} {ergonomic}
     uint G1RemSetArrayOfCardsEntries              = 10                                   {experimental} {ergonomic}
     uint G1RemSetHowlMaxNumBuckets                = 8                                    {experimental} {ergonomic}
     uint G1RemSetHowlNumBuckets                   = 4                                    {experimental} {ergonomic}
   size_t InitialHeapSize                          = 8388608                                   {product} {ergonomic}
     bool IntelJccErratumMitigation                = true                              {ARCH diagnostic} {ergonomic}
   size_t MarkStackSize                            = 4194304                                   {product} {ergonomic}
   size_t MarkStackSizeMax                         = 536870912                                 {product} {ergonomic}
   size_t MaxHeapSize                              = 2097152000                                {product} {ergonomic}
   size_t MaxNewSize                               = 1258291200                                {product} {ergonomic}
 uint64_t MaxRAM                                   = 8386813952                                {product} {ergonomic}
   size_t MinHeapDeltaBytes                        = 1048576                                   {product} {ergonomic}
   size_t MinHeapSize                              = 8388608                                   {product} {ergonomic}
   size_t NonNMethodCodeHeapSize                   = 4096                                   {pd product} {ergonomic}
   size_t NonProfiledCodeHeapSize                  = 0                                      {pd product} {ergonomic}
     bool ProfileInterpreter                       = false                                  {pd product} {command line}
   size_t ProfiledCodeHeapSize                     = 0                                      {pd product} {ergonomic}
   size_t SoftMaxHeapSize                          = 2097152000                             {manageable} {ergonomic}
     intx TieredStopAtLevel                        = 1                                         {product} {command line}
     bool UseCompressedOops                        = true                           {product lp64_product} {ergonomic}
     bool UseCondCardMark                          = true                                      {product} {ergonomic}
     bool UseFastUnorderedTimeStamps               = true                                 {experimental} {ergonomic}
     bool UseG1GC                                  = true                                      {product} {ergonomic}
     bool UseLargePagesIndividualAllocation        = false                                  {pd product} {ergonomic}
      int X86ICacheSync                            = 2                                 {ARCH diagnostic} {ergonomic}

Logging:
Log output configuration:
 #0: stdout all=warning uptime,level,tags foldmultilines=false
 #1: stderr all=off uptime,level,tags foldmultilines=false

Release file:
IMPLEMENTOR="Oracle Corporation" 
JAVA_RUNTIME_VERSION="26.0.1+8-34" 
JAVA_VERSION="26.0.1" 
JAVA_VERSION_DATE="2026-04-21" 
LIBC="default" 
MODULES="java.base java.compiler java.datatransfer java.xml java.prefs java.desktop java.instrument java.logging java.management java.security.sasl java.naming java.rmi java.management.rmi java.net.http java.scripting java.security.jgss java.transaction.xa java.sql java.sql.rowset java.xml.crypto java.se java.smartcardio jdk.accessibility jdk.internal.jvmstat jdk.attach jdk.charsets jdk.internal.opt jdk.zipfs jdk.compiler jdk.crypto.cryptoki jdk.crypto.ec jdk.crypto.mscapi jdk.dynalink jdk.internal.ed jdk.editpad jdk.internal.vm.ci jdk.graal.compiler jdk.graal.compiler.management jdk.hotspot.agent jdk.httpserver jdk.incubator.vector jdk.internal.le jdk.internal.md jdk.jartool jdk.javadoc jdk.jcmd jdk.management jdk.management.agent jdk.jconsole jdk.jdeps jdk.jdwp.agent jdk.jdi jdk.jfr jdk.jlink jdk.jpackage jdk.jshell jdk.jstatd jdk.localedata jdk.management.jfr jdk.naming.dns jdk.naming.rmi jdk.net jdk.nio.mapmode jdk.sctp jdk.security.auth jdk.security.jgss jdk.unsupported jdk.unsupported.desktop jdk.xml.dom" 
OS_ARCH="x86_64" 
OS_NAME="Windows" 
SOURCE=".:git:8fcde8268d22 open:git:fcc00fc4aee7" 

Environment Variables:
PATH=C:\Program Files\Common Files\Oracle\Java\javapath;C:\Windows\system32;C:\Windows;C:\Windows\System32\Wbem;C:\Windows\System32\WindowsPowerShell\v1.0\;C:\Windows\System32\OpenSSH\;C:\Program Files\Git\cmd;C:\Program Files\nodejs\;C:\Program Files\dotnet\;C:\Users\ceaser\.local\bin;C:\Users\ceaser\AppData\Local\Programs\Python\Python314\Scripts\;C:\Users\ceaser\AppData\Local\Programs\Python\Python314\;C:\Users\ceaser\AppData\Local\Microsoft\WindowsApps;C:\Users\ceaser\AppData\Local\Programs\Antigravity\bin;C:\Users\ceaser\AppData\Roaming\npm;C:\Users\ceaser\AppData\Local\Programs\Antigravity IDE\bin;C:\Users\ceaser\.dotnet\tools;c:\Users\ceaser\.antigravity-ide\extensions\vscjava.vscode-java-debug-0.59.0-universal\bundled\scripts\noConfigScripts
USERNAME=ceaser
LANG=en_US.UTF-8
OS=Windows_NT
PROCESSOR_IDENTIFIER=Intel64 Family 6 Model 142 Stepping 12, GenuineIntel
TMP=C:\Users\ceaser\AppData\Local\Temp
TEMP=C:\Users\ceaser\AppData\Local\Temp




Compilation memory statistics disabled.

Periodic native trim disabled

---------------  S Y S T E M  ---------------

OS:
 Windows 10 , 64 bit Build 19041 (10.0.19041.5915)
OS uptime: 67 days 7:59 hours

CPU: total 8 (initial active 8) (4 cores per cpu, 2 threads per core) family 6 model 142 stepping 12 microcode 0x100, cx8, cmov, fxsr, ht, mmx, 3dnowpref, sse, sse2, sse3, ssse3, sse4.1, sse4.2, popcnt, lzcnt, tsc, tscinvbit, avx, avx2, aes, erms, clmul, bmi1, bmi2, adx, fma, vzeroupper, clflush, clflushopt, rdtscp, f16c
Processor Information for the first 8 processors :
  Max Mhz: 1800, Current Mhz: 1600, Mhz Limit: 1584

Memory: 4k page, system-wide physical 7998M (387M free)
TotalPageFile size 23177M (AvailPageFile size 7M)
current process WorkingSet (physical memory assigned to process): 70M, peak: 70M
current process commit charge ("private bytes"): 124M, peak: 124M

vm_info: Java HotSpot(TM) 64-Bit Server VM (26.0.1+8-34) for windows-amd64 JRE (26.0.1+8-34), built on 2026-03-10T17:24:10Z with MS VC++ 17.13 (VS2022)

END.
