#
# There is insufficient memory for the Java Runtime Environment to continue.
# Native memory allocation (mmap) failed to map 48234496 bytes. Error detail: G1 virtual space
# Possible reasons:
#   The system is out of physical RAM or swap space
#   This process is running with CompressedOops enabled, and the Java Heap may be blocking the growth of the native heap
# Possible solutions:
#   Reduce memory load on the system
#   Increase physical memory or swap space
#   Check if swap backing store is full
#   Decrease Java heap size (-Xmx/-Xms)
#   Decrease number of Java threads
#   Decrease Java thread stack sizes (-Xss)
#   Set larger code cache with -XX:ReservedCodeCacheSize=
#   JVM is running with Unscaled Compressed Oops mode in which the Java heap is
#     placed in the first 4GB address space. The Java Heap base address is the
#     maximum limit for the native heap growth. Please use -XX:HeapBaseMinAddress
#     to set the Java Heap base and to place the Java Heap above 4GB virtual address.
# This output file may be truncated or incomplete.
#
#  Out of Memory Error (os_windows.cpp:3583), pid=11436, tid=35660
#
# JRE version: Java(TM) SE Runtime Environment (26.0.1+8) (build 26.0.1+8-34)
# Java VM: Java HotSpot(TM) 64-Bit Server VM (26.0.1+8-34, mixed mode, sharing, tiered, compressed oops, compressed class ptrs, g1 gc, windows-amd64)
# No core dump will be written. Minidumps are not enabled by default on client versions of Windows
#

---------------  S U M M A R Y ------------

Command Line: --enable-native-access=ALL-UNNAMED -Dclassworlds.conf=C:\Users\ceaser\.m2\wrapper\dists\apache-maven-3.9.16\0daed3be3ebd1c706f0e69e8b07c6b73f5cc4ea3dfce72a8d0ec2e849ca2ddb0\bin\m2.conf -Dmaven.home=C:\Users\ceaser\.m2\wrapper\dists\apache-maven-3.9.16\0daed3be3ebd1c706f0e69e8b07c6b73f5cc4ea3dfce72a8d0ec2e849ca2ddb0 -Dlibrary.jansi.path=C:\Users\ceaser\.m2\wrapper\dists\apache-maven-3.9.16\0daed3be3ebd1c706f0e69e8b07c6b73f5cc4ea3dfce72a8d0ec2e849ca2ddb0\lib\jansi-native -Dmaven.multiModuleProjectDirectory=E:\Java\CareFlow\Backend\careflow-backend org.codehaus.plexus.classworlds.launcher.Launcher spring-boot:run -Dspring-boot.run.jvmArguments=-Xms256m -Xmx512m

Host: Intel(R) Core(TM) i5-8265U CPU @ 1.60GHz, 8 cores, 7G,  Windows 10 , 64 bit Build 19041 (10.0.19041.5915)
Time: Sat Sep  5 20:09:16 2026 Morocco Daylight Time elapsed time: 3.493927 seconds (0d 0h 0m 3s)

---------------  T H R E A D  ---------------

Current thread (0x000001d8423e8b10):  VMThread "VM Thread"          [id=35660, stack(0x0000009fa5f00000,0x0000009fa6000000) (1024K)]

Stack: [0x0000009fa5f00000,0x0000009fa6000000]
Native frames: (J=compiled Java code, j=interpreted, Vv=VM code, C=native code)
V  [jvm.dll+0x7d5879]  (no source info available)
V  [jvm.dll+0x7a37dd]  (no source info available)
V  [jvm.dll+0x9b0c10]  (no source info available)
V  [jvm.dll+0x9b3061]  (no source info available)
V  [jvm.dll+0x9b3773]  (no source info available)
V  [jvm.dll+0x30df76]  (no source info available)
V  [jvm.dll+0x7d4d45]  (no source info available)
V  [jvm.dll+0x7c7f07]  (no source info available)
V  [jvm.dll+0x4087e8]  (no source info available)
V  [jvm.dll+0x410b56]  (no source info available)
V  [jvm.dll+0x3fcef4]  (no source info available)
V  [jvm.dll+0x3fd1e5]  (no source info available)
V  [jvm.dll+0x3d3b6f]  (no source info available)
V  [jvm.dll+0x3d6ddc]  (no source info available)
V  [jvm.dll+0x4223ec]  (no source info available)
V  [jvm.dll+0x420d33]  (no source info available)
V  [jvm.dll+0x3d3308]  (no source info available)
V  [jvm.dll+0x4200f3]  (no source info available)
V  [jvm.dll+0x9b9c21]  (no source info available)
V  [jvm.dll+0x9babeb]  (no source info available)
V  [jvm.dll+0x9bb0fc]  (no source info available)
V  [jvm.dll+0x9bb579]  (no source info available)
V  [jvm.dll+0x9bb823]  (no source info available)
V  [jvm.dll+0x94f649]  (no source info available)
V  [jvm.dll+0x7d7358]  (no source info available)
C  [ucrtbase.dll+0x21bb2]  (no source info available)
C  [KERNEL32.DLL+0x17374]  (no source info available)
C  [ntdll.dll+0x4cc91]  (no source info available)

VM_Operation (0x0000009fa57fbde8): G1CollectForAllocation, mode: safepoint, requested by thread 0x000001d83fff3a90


---------------  P R O C E S S  ---------------

Threads class SMR info:
_java_thread_list=0x000001d865071f70, length=14, elements={
0x000001d83fff3a90, 0x000001d8423f6780, 0x000001d8423f71d0, 0x000001d8423fccf0,
0x000001d8423fdcc0, 0x000001d85f7ddf10, 0x000001d85f7dee60, 0x000001d85f7e2560,
0x000001d85f7f1550, 0x000001d85f8ba3e0, 0x000001d85f9613a0, 0x000001d8648b0040,
0x000001d8649a0bb0, 0x000001d864c1c0e0
}

Java Threads: ( => current thread )
  0x000001d83fff3a90 JavaThread "main"                              [_thread_blocked, id=30568, stack(0x0000009fa5700000,0x0000009fa5800000) (1024K)]
  0x000001d8423f6780 JavaThread "Reference Handler"          daemon [_thread_blocked, id=33416, stack(0x0000009fa6000000,0x0000009fa6100000) (1024K)]
  0x000001d8423f71d0 JavaThread "Finalizer"                  daemon [_thread_blocked, id=30556, stack(0x0000009fa6100000,0x0000009fa6200000) (1024K)]
  0x000001d8423fccf0 JavaThread "Signal Dispatcher"          daemon [_thread_blocked, id=8836, stack(0x0000009fa6200000,0x0000009fa6300000) (1024K)]
  0x000001d8423fdcc0 JavaThread "Attach Listener"            daemon [_thread_blocked, id=14732, stack(0x0000009fa6300000,0x0000009fa6400000) (1024K)]
  0x000001d85f7ddf10 JavaThread "Service Thread"             daemon [_thread_blocked, id=31676, stack(0x0000009fa6400000,0x0000009fa6500000) (1024K)]
  0x000001d85f7dee60 JavaThread "Monitor Deflation Thread"   daemon [_thread_blocked, id=34940, stack(0x0000009fa6500000,0x0000009fa6600000) (1024K)]
  0x000001d85f7e2560 JavaThread "C2 CompilerThread0"         daemon [_thread_blocked, id=23668, stack(0x0000009fa6600000,0x0000009fa6700000) (1024K)]
  0x000001d85f7f1550 JavaThread "C1 CompilerThread0"         daemon [_thread_blocked, id=36892, stack(0x0000009fa6700000,0x0000009fa6800000) (1024K)]
  0x000001d85f8ba3e0 JavaThread "Notification Thread"        daemon [_thread_blocked, id=26032, stack(0x0000009fa6800000,0x0000009fa6900000) (1024K)]
  0x000001d85f9613a0 JavaThread "Common-Cleaner"             daemon [_thread_blocked, id=16960, stack(0x0000009fa6900000,0x0000009fa6a00000) (1024K)]
  0x000001d8648b0040 JavaThread "C2 CompilerThread1"         daemon [_thread_blocked, id=26444, stack(0x0000009fa6a00000,0x0000009fa6b00000) (1024K)]
  0x000001d8649a0bb0 JavaThread "C2 CompilerThread2"         daemon [_thread_blocked, id=34308, stack(0x0000009fa6d00000,0x0000009fa6e00000) (1024K)]
  0x000001d864c1c0e0 JavaThread "Thread-1"                   daemon [_thread_blocked, id=35068, stack(0x0000009fa7100000,0x0000009fa7200000) (1024K)]
Total: 14

Other Threads:
=>0x000001d8423e8b10 VMThread "VM Thread"                           [id=35660, stack(0x0000009fa5f00000,0x0000009fa6000000) (1024K)]
  0x000001d85f7dcc50 WatcherThread "VM Periodic Task Thread"        [id=30924, stack(0x0000009fa5e00000,0x0000009fa5f00000) (1024K)]
  0x000001d842375540 WorkerThread "GC Thread#0"                     [id=26220, stack(0x0000009fa5800000,0x0000009fa5900000) (1024K)]
  0x000001d86428ebe0 WorkerThread "GC Thread#1"                     [id=36712, stack(0x0000009fa6b00000,0x0000009fa6c00000) (1024K)]
  0x000001d8647b8db0 WorkerThread "GC Thread#2"                     [id=11872, stack(0x0000009fa6c00000,0x0000009fa6d00000) (1024K)]
  0x000001d8648ea060 WorkerThread "GC Thread#3"                     [id=37848, stack(0x0000009fa6e00000,0x0000009fa6f00000) (1024K)]
  0x000001d8648d8df0 WorkerThread "GC Thread#4"                     [id=25816, stack(0x0000009fa6f00000,0x0000009fa7000000) (1024K)]
  0x000001d8648d9240 WorkerThread "GC Thread#5"                     [id=33960, stack(0x0000009fa7000000,0x0000009fa7100000) (1024K)]
  0x000001d8648dac20 WorkerThread "GC Thread#6"                     [id=12980, stack(0x0000009fa7200000,0x0000009fa7300000) (1024K)]
  0x000001d8648d9ae0 WorkerThread "GC Thread#7"                     [id=37380, stack(0x0000009fa7300000,0x0000009fa7400000) (1024K)]
  0x000001d84238dd00 ConcurrentGCThread "G1 Main Marker"            [id=25252, stack(0x0000009fa5900000,0x0000009fa5a00000) (1024K)]
  0x000001d84238e880 WorkerThread "G1 Conc#0"                       [id=23820, stack(0x0000009fa5a00000,0x0000009fa5b00000) (1024K)]
  0x000001d8423c9570 WorkerThread "G1 Refinement Workers#0"         [id=37752, stack(0x0000009fa5c00000,0x0000009fa5d00000) (1024K)]
  0x000001d8423c89b0 ConcurrentGCThread "G1 Refine Control"         [id=20072, stack(0x0000009fa5b00000,0x0000009fa5c00000) (1024K)]
  0x000001d8423ca880 ConcurrentGCThread "G1 Service"                [id=37400, stack(0x0000009fa5d00000,0x0000009fa5e00000) (1024K)]
Total: 15

Threads with active compile tasks:
C2 CompilerThread0  3582 4077       4       org.codehaus.plexus.interpolation.MapBasedValueSource::getValue (22 bytes)
C1 CompilerThread0  3582 4080   !   3       org.apache.maven.model.PluginManagement::clone (51 bytes)
C2 CompilerThread1  3582 4044   !   4       org.codehaus.plexus.interpolation.StringSearchInterpolator::interpolate (692 bytes)
C2 CompilerThread2  3582 4067       4       org.apache.maven.model.ConfigurationContainer::getLocation (147 bytes)
Total: 4

VM state: at safepoint (normal execution)

VM Mutex/Monitor currently owned by a thread:  ([mutex/lock_event])
[0x00007ffc4888ed08] Threads_lock - owner thread: 0x000001d8423e8b10
[0x00007ffc4888ef88] Heap_lock - owner thread: 0x000001d83fff3a90

Heap address: 0x0000000083000000, size: 2000 MB, Compressed Oops mode: 32-bit

CDS archive(s) mapped at: [0x0000000006000000-0x0000000006de0000-0x0000000006de0000), size 14548992, SharedBaseAddress: 0x0000000006000000, ArchiveRelocationMode: 1.
Compressed class space mapped at: 0x0000000007000000-0x0000000047000000, reserved size: 1073741824
UseCompressedClassPointers 1, UseCompactObjectHeaders 0
Narrow klass pointer bits 32, Max shift 3
Narrow klass base: 0x0000000006000000, Narrow klass shift: 0
Encoding Range: [0x0000000006000000 - 0x0000000106000000), (4294967296 bytes)
Klass Range:    [0x0000000006000000 - 0x0000000047000000), (1090519040 bytes)
Klass ID Range:  [8 - 1090519033) (1090519025)
Protection zone: [0x0000000006000000 - 0x0000000006010000), (65536 bytes)

GC Precious Log:
 CardTable entry size: 512
 Card Set container configuration: InlinePtr #cards 5 size 8 Array Of Cards #cards 10 size 36 Howl #buckets 4 coarsen threshold 1843 Howl Bitmap #cards 512 size 80 coarsen threshold 460 Card regions per heap region 1 cards per card region 2048
 CPUs: 8 total, 8 available
 Memory: 7998M
 Large Page Support: Disabled
 NUMA Support: Disabled
 Compressed Oops: Enabled (32-bit)
 Heap Region Size: 1M
 Heap Min Capacity: 8M
 Heap Initial Capacity: 8M
 Heap Max Capacity: 2000M
 Pre-touch: Disabled
 Parallel Workers: 8
 Concurrent Workers: 2
 Concurrent Refinement Workers: 8
 Periodic GC: Disabled

Heap:
 garbage-first heap   total reserved 2048000K, committed 34816K, used 15195K [0x0000000083000000, 0x0000000100000000)
  region size 1M, 0 eden (0M), 2 survivor (2M), 14 old (14M), 0 humongous (0M), 18 free (18M)

Heap Regions: E=young(eden), S=young(survivor), O=old, HS=humongous(starts), HC=humongous(continues), CS=collection set, F=free, TAMS=top-at-mark-start, PB=parsable bottom
|    0|0x0000000083000000, 0x0000000083100000, 0x0000000083100000|100%| O|  |TAMS 0x0000000083000000| PB 0x0000000083000000| Untracked |  0
|    1|0x0000000083100000, 0x0000000083200000, 0x0000000083200000|100%| O|  |TAMS 0x0000000083100000| PB 0x0000000083100000| Untracked |  0
|    2|0x0000000083200000, 0x0000000083300000, 0x0000000083300000|100%| O|  |TAMS 0x0000000083200000| PB 0x0000000083200000| Untracked |  0
|    3|0x0000000083300000, 0x0000000083400000, 0x0000000083400000|100%| O|  |TAMS 0x0000000083300000| PB 0x0000000083300000| Untracked |  0
|    4|0x0000000083400000, 0x0000000083500000, 0x0000000083500000|100%| O|  |TAMS 0x0000000083400000| PB 0x0000000083400000| Untracked |  0
|    5|0x0000000083500000, 0x0000000083600000, 0x0000000083600000|100%| O|  |TAMS 0x0000000083500000| PB 0x0000000083500000| Untracked |  0
|    6|0x0000000083600000, 0x0000000083700000, 0x0000000083700000|100%| O|  |TAMS 0x0000000083600000| PB 0x0000000083600000| Untracked |  0
|    7|0x0000000083700000, 0x0000000083800000, 0x0000000083800000|100%| O|  |TAMS 0x0000000083700000| PB 0x0000000083700000| Untracked |  0
|    8|0x0000000083800000, 0x0000000083900000, 0x0000000083900000|100%| O|  |TAMS 0x0000000083800000| PB 0x0000000083800000| Untracked |  0
|    9|0x0000000083900000, 0x0000000083a00000, 0x0000000083a00000|100%| O|  |TAMS 0x0000000083900000| PB 0x0000000083900000| Untracked |  0
|   10|0x0000000083a00000, 0x0000000083b00000, 0x0000000083b00000|100%| O|  |TAMS 0x0000000083a00000| PB 0x0000000083a00000| Untracked |  0
|   11|0x0000000083b00000, 0x0000000083c00000, 0x0000000083c00000|100%| O|  |TAMS 0x0000000083b00000| PB 0x0000000083b00000| Untracked |  0
|   12|0x0000000083c00000, 0x0000000083c00000, 0x0000000083d00000|  0%| F|  |TAMS 0x0000000083c00000| PB 0x0000000083c00000| Untracked |  0
|   13|0x0000000083d00000, 0x0000000083d00000, 0x0000000083e00000|  0%| F|  |TAMS 0x0000000083d00000| PB 0x0000000083d00000| Untracked |  0
|   14|0x0000000083e00000, 0x0000000083eae270, 0x0000000083f00000| 68%| S|CS|TAMS 0x0000000083e00000| PB 0x0000000083e00000| Complete  |  0
|   15|0x0000000083f00000, 0x0000000083f00000, 0x0000000084000000|  0%| F|  |TAMS 0x0000000083f00000| PB 0x0000000083f00000| Untracked |  0
|   16|0x0000000084000000, 0x0000000084000000, 0x0000000084100000|  0%| F|  |TAMS 0x0000000084000000| PB 0x0000000084000000| Untracked |  0
|   17|0x0000000084100000, 0x0000000084200000, 0x0000000084200000|100%| S|CS|TAMS 0x0000000084100000| PB 0x0000000084100000| Complete  |  0
|   18|0x0000000084200000, 0x0000000084200000, 0x0000000084300000|  0%| F|  |TAMS 0x0000000084200000| PB 0x0000000084200000| Untracked |  0
|   19|0x0000000084300000, 0x0000000084300000, 0x0000000084400000|  0%| F|  |TAMS 0x0000000084300000| PB 0x0000000084300000| Untracked |  0
|   20|0x0000000084400000, 0x0000000084400000, 0x0000000084500000|  0%| F|  |TAMS 0x0000000084400000| PB 0x0000000084400000| Untracked |  0
|   21|0x0000000084500000, 0x0000000084500000, 0x0000000084600000|  0%| F|  |TAMS 0x0000000084500000| PB 0x0000000084500000| Untracked |  0
|   22|0x0000000084600000, 0x0000000084600000, 0x0000000084700000|  0%| F|  |TAMS 0x0000000084600000| PB 0x0000000084600000| Untracked |  0
|   23|0x0000000084700000, 0x0000000084700000, 0x0000000084800000|  0%| F|  |TAMS 0x0000000084700000| PB 0x0000000084700000| Untracked |  0
|   24|0x0000000084800000, 0x0000000084800000, 0x0000000084900000|  0%| F|  |TAMS 0x0000000084800000| PB 0x0000000084800000| Untracked |  0
|   25|0x0000000084900000, 0x0000000084900000, 0x0000000084a00000|  0%| F|  |TAMS 0x0000000084900000| PB 0x0000000084900000| Untracked |  0
|   26|0x0000000084a00000, 0x0000000084a00000, 0x0000000084b00000|  0%| F|  |TAMS 0x0000000084a00000| PB 0x0000000084a00000| Untracked |  0
|   27|0x0000000084b00000, 0x0000000084b00000, 0x0000000084c00000|  0%| F|  |TAMS 0x0000000084b00000| PB 0x0000000084b00000| Untracked |  0
|   28|0x0000000084c00000, 0x0000000084c00000, 0x0000000084d00000|  0%| F|  |TAMS 0x0000000084c00000| PB 0x0000000084c00000| Untracked |  0
|   29|0x0000000084d00000, 0x0000000084d00000, 0x0000000084e00000|  0%| F|  |TAMS 0x0000000084d00000| PB 0x0000000084d00000| Untracked |  0
|   30|0x0000000084e00000, 0x0000000084e00000, 0x0000000084f00000|  0%| F|  |TAMS 0x0000000084e00000| PB 0x0000000084e00000| Untracked |  0
|   31|0x0000000084f00000, 0x0000000084f00000, 0x0000000085000000|  0%| F|  |TAMS 0x0000000084f00000| PB 0x0000000084f00000| Untracked |  0
| 1998|0x00000000ffe00000, 0x00000000fff00000, 0x00000000fff00000|100%| O|  |TAMS 0x00000000ffe00000| PB 0x00000000ffe00000| Untracked |  0
| 1999|0x00000000fff00000, 0x00000000fff28d80, 0x0000000100000000| 15%| O|  |TAMS 0x00000000fff00000| PB 0x00000000fff00000| Untracked |  0

Card table byte_map: [0x000001d85a720000,0x000001d85ab10000] _byte_map_base: 0x000001d85a308000
Refinement table byte_map: [0x000001d85ab10000,0x000001d85af00000] _byte_map_base: 0x000001d85a6f8000

Marking Bits: (CMBitMap*) 0x000001d842375cc0
 Bits: [0x000001d85af00000, 0x000001d85ce40000)

Polling page: 0x000001d841b10000

Metaspace:
Metaspace        used 15515K, committed 15744K, reserved 1114112K
 class space     used 1916K, committed 1984K, reserved 1048576K

Usage:
  Non-class:     13.28 MB used.
      Class:      1.87 MB used.
       Both:     15.15 MB used.

Virtual space:
  Non-class space:       64.00 MB reserved,      13.44 MB ( 21%) committed,  1 nodes.
      Class space:        1.00 GB reserved,       1.94 MB ( <1%) committed,  1 nodes.
             Both:        1.06 GB reserved,      15.38 MB (  1%) committed. 

Chunk freelists:
   Non-Class:  2.11 MB
       Class:  13.88 MB
        Both:  15.99 MB

MaxMetaspaceSize: unlimited
CompressedClassSpaceSize: 1.00 GB
Initial GC threshold: 21.00 MB
Current GC threshold: 21.00 MB
CDS: on
 - commit_granule_bytes: 65536.
 - commit_granule_words: 8192.
 - virtual_space_node_default_size: 8388608.
 - enlarge_chunks_in_place: 1.
UseCompressedClassPointers 1, UseCompactObjectHeaders 0
Narrow klass pointer bits 32, Max shift 3
Narrow klass base: 0x0000000006000000, Narrow klass shift: 0
Encoding Range: [0x0000000006000000 - 0x0000000106000000), (4294967296 bytes)
Klass Range:    [0x0000000006000000 - 0x0000000047000000), (1090519040 bytes)
Klass ID Range:  [8 - 1090519033) (1090519025)
Protection zone: [0x0000000006000000 - 0x0000000006010000), (65536 bytes)


Internal statistics:

num_allocs_failed_limit: 0.
num_arena_births: 126.
num_arena_deaths: 0.
num_vsnodes_births: 2.
num_vsnodes_deaths: 0.
num_space_committed: 246.
num_space_uncommitted: 0.
num_chunks_returned_to_freelist: 0.
num_chunks_taken_from_freelist: 662.
num_chunk_merges: 0.
num_chunk_splits: 455.
num_chunks_enlarged: 368.
num_inconsistent_stats: 0.

CodeHeap 'non-profiled nmethods': size=120064Kb used=1511Kb max_used=1511Kb free=118552Kb
 bounds [0x000001d852ac0000, 0x000001d852d30000, 0x000001d85a000000]
CodeHeap 'profiled nmethods': size=120064Kb used=6272Kb max_used=6272Kb free=113791Kb
 bounds [0x000001d84afe0000, 0x000001d84b610000, 0x000001d852520000]
CodeHeap 'non-nmethods': size=5760Kb used=1394Kb max_used=1451Kb free=4365Kb
 bounds [0x000001d852520000, 0x000001d852790000, 0x000001d852ac0000]
CodeCache: size=245888Kb, used=9177Kb, max_used=9234Kb, free=236708Kb
 total_blobs=4590, nmethods=4076, adapters=417, full_count=0
Compilation: enabled, stopped_count=0, restarted_count=0

Compilation events (20 events):
Event: 3.471 Thread 0x000001d85f7f1550 nmethod 4071 0x000001d84b5ff008 code [0x000001d84b5ff100, 0x000001d84b5ff4c0]
Event: 3.471 Thread 0x000001d85f7f1550 4068       1       org.apache.maven.model.Build::setExtensions (6 bytes)
Event: 3.471 Thread 0x000001d85f7f1550 nmethod 4068 0x000001d852c38488 code [0x000001d852c38580, 0x000001d852c38680]
Event: 3.473 Thread 0x000001d85f7e2560 nmethod 4058% 0x000001d852c38788 code [0x000001d852c38880, 0x000001d852c39000]
Event: 3.475 Thread 0x000001d85f7f1550 4072       3       org.apache.maven.model.merge.ModelMerger::mergePluginContainer (10 bytes)
Event: 3.475 Thread 0x000001d85f7f1550 nmethod 4072 0x000001d84b5ff508 code [0x000001d84b5ff600, 0x000001d84b5ff7c0]
Event: 3.476 Thread 0x000001d85f7e2560 4073       4       java.lang.PublicMethods$Key::hashCode (19 bytes)
Event: 3.476 Thread 0x000001d85f7f1550 4074       1       org.apache.maven.model.Scm::getChildScmConnectionInheritAppendPath (5 bytes)
Event: 3.476 Thread 0x000001d85f7f1550 nmethod 4074 0x000001d852c39088 code [0x000001d852c39180, 0x000001d852c39238]
Event: 3.476 Thread 0x000001d85f7f1550 4075       1       org.apache.maven.model.Scm::getChildScmDeveloperConnectionInheritAppendPath (5 bytes)
Event: 3.476 Thread 0x000001d85f7f1550 nmethod 4075 0x000001d852c39388 code [0x000001d852c39480, 0x000001d852c39538]
Event: 3.476 Thread 0x000001d85f7f1550 4076       1       org.apache.maven.model.Scm::getChildScmUrlInheritAppendPath (5 bytes)
Event: 3.476 Thread 0x000001d85f7f1550 nmethod 4076 0x000001d852c39688 code [0x000001d852c39780, 0x000001d852c39838]
Event: 3.477 Thread 0x000001d85f7f1550 4078       3       org.apache.maven.model.building.ModelData::getVersion (17 bytes)
Event: 3.477 Thread 0x000001d85f7f1550 nmethod 4078 0x000001d84b5ff808 code [0x000001d84b5ff900, 0x000001d84b5ffa68]
Event: 3.480 Thread 0x000001d85f7e2560 nmethod 4073 0x000001d852c39988 code [0x000001d852c39a80, 0x000001d852c39c70]
Event: 3.480 Thread 0x000001d85f7e2560 4077       4       org.codehaus.plexus.interpolation.MapBasedValueSource::getValue (22 bytes)
Event: 3.480 Thread 0x000001d85f7f1550 4079       3       java.nio.charset.Charset::lookup (44 bytes)
Event: 3.481 Thread 0x000001d85f7f1550 nmethod 4079 0x000001d84b5ffb08 code [0x000001d84b5ffc00, 0x000001d84b600078]
Event: 3.482 Thread 0x000001d85f7f1550 4080   !   3       org.apache.maven.model.PluginManagement::clone (51 bytes)

GC Heap Usage History (20 events):
Event: 0.449 {heap After GC invocations=4 (full 0):
 garbage-first heap   total reserved 2048000K, committed 19456K, used 3873K [0x0000000083000000, 0x0000000100000000)
  region size 1M, 0 eden (0M), 1 survivor (1M), 4 old (4M), 0 humongous (0M), 14 free (14M)
}
Event: 0.758 {heap Before GC invocations=4 (full 0):
 garbage-first heap   total reserved 2048000K, committed 19456K, used 11041K [0x0000000083000000, 0x0000000100000000)
  region size 1M, 8 eden (8M), 1 survivor (1M), 4 old (4M), 0 humongous (0M), 6 free (6M)
}
Event: 0.763 {heap After GC invocations=5 (full 0):
 garbage-first heap   total reserved 2048000K, committed 19456K, used 4379K [0x0000000083000000, 0x0000000100000000)
  region size 1M, 0 eden (0M), 2 survivor (2M), 4 old (4M), 0 humongous (0M), 13 free (13M)
}
Event: 0.927 {heap Before GC invocations=5 (full 0):
 garbage-first heap   total reserved 2048000K, committed 19456K, used 11547K [0x0000000083000000, 0x0000000100000000)
  region size 1M, 7 eden (7M), 2 survivor (2M), 4 old (4M), 0 humongous (0M), 6 free (6M)
}
Event: 0.931 {heap After GC invocations=6 (full 0):
 garbage-first heap   total reserved 2048000K, committed 19456K, used 4647K [0x0000000083000000, 0x0000000100000000)
  region size 1M, 0 eden (0M), 1 survivor (1M), 5 old (5M), 0 humongous (0M), 13 free (13M)
}
Event: 1.151 {heap Before GC invocations=6 (full 0):
 garbage-first heap   total reserved 2048000K, committed 19456K, used 12839K [0x0000000083000000, 0x0000000100000000)
  region size 1M, 8 eden (8M), 1 survivor (1M), 5 old (5M), 0 humongous (0M), 5 free (5M)
}
Event: 1.154 {heap After GC invocations=7 (full 0):
 garbage-first heap   total reserved 2048000K, committed 19456K, used 4861K [0x0000000083000000, 0x0000000100000000)
  region size 1M, 0 eden (0M), 1 survivor (1M), 5 old (5M), 0 humongous (0M), 13 free (13M)
}
Event: 1.387 {heap Before GC invocations=7 (full 0):
 garbage-first heap   total reserved 2048000K, committed 19456K, used 13053K [0x0000000083000000, 0x0000000100000000)
  region size 1M, 8 eden (8M), 1 survivor (1M), 5 old (5M), 0 humongous (0M), 5 free (5M)
}
Event: 1.390 {heap After GC invocations=8 (full 0):
 garbage-first heap   total reserved 2048000K, committed 19456K, used 5270K [0x0000000083000000, 0x0000000100000000)
  region size 1M, 0 eden (0M), 2 survivor (2M), 5 old (5M), 0 humongous (0M), 12 free (12M)
}
Event: 1.601 {heap Before GC invocations=8 (full 0):
 garbage-first heap   total reserved 2048000K, committed 19456K, used 13462K [0x0000000083000000, 0x0000000100000000)
  region size 1M, 8 eden (8M), 2 survivor (2M), 5 old (5M), 0 humongous (0M), 4 free (4M)
}
Event: 1.604 {heap After GC invocations=9 (full 0):
 garbage-first heap   total reserved 2048000K, committed 19456K, used 5608K [0x0000000083000000, 0x0000000100000000)
  region size 1M, 0 eden (0M), 2 survivor (2M), 5 old (5M), 0 humongous (0M), 12 free (12M)
}
Event: 1.829 {heap Before GC invocations=9 (full 0):
 garbage-first heap   total reserved 2048000K, committed 19456K, used 14824K [0x0000000083000000, 0x0000000100000000)
  region size 1M, 9 eden (9M), 2 survivor (2M), 5 old (5M), 0 humongous (0M), 3 free (3M)
}
Event: 1.833 {heap After GC invocations=10 (full 0):
 garbage-first heap   total reserved 2048000K, committed 34816K, used 6564K [0x0000000083000000, 0x0000000100000000)
  region size 1M, 0 eden (0M), 2 survivor (2M), 6 old (6M), 0 humongous (0M), 26 free (26M)
}
Event: 2.370 {heap Before GC invocations=10 (full 0):
 garbage-first heap   total reserved 2048000K, committed 34816K, used 24996K [0x0000000083000000, 0x0000000100000000)
  region size 1M, 18 eden (18M), 2 survivor (2M), 6 old (6M), 0 humongous (0M), 8 free (8M)
}
Event: 2.380 {heap After GC invocations=11 (full 0):
 garbage-first heap   total reserved 2048000K, committed 34816K, used 8339K [0x0000000083000000, 0x0000000100000000)
  region size 1M, 0 eden (0M), 3 survivor (3M), 6 old (6M), 0 humongous (0M), 25 free (25M)
}
Event: 2.769 {heap Before GC invocations=11 (full 0):
 garbage-first heap   total reserved 2048000K, committed 34816K, used 25747K [0x0000000083000000, 0x0000000100000000)
  region size 1M, 17 eden (17M), 3 survivor (3M), 6 old (6M), 0 humongous (0M), 8 free (8M)
}
Event: 2.779 {heap After GC invocations=12 (full 0):
 garbage-first heap   total reserved 2048000K, committed 34816K, used 10787K [0x0000000083000000, 0x0000000100000000)
  region size 1M, 0 eden (0M), 3 survivor (3M), 10 old (10M), 0 humongous (0M), 21 free (21M)
}
Event: 3.034 {heap Before GC invocations=12 (full 0):
 garbage-first heap   total reserved 2048000K, committed 34816K, used 26147K [0x0000000083000000, 0x0000000100000000)
  region size 1M, 15 eden (15M), 3 survivor (3M), 10 old (10M), 0 humongous (0M), 6 free (6M)
}
Event: 3.043 {heap After GC invocations=13 (full 0):
 garbage-first heap   total reserved 2048000K, committed 34816K, used 13401K [0x0000000083000000, 0x0000000100000000)
  region size 1M, 0 eden (0M), 3 survivor (3M), 12 old (12M), 0 humongous (0M), 19 free (19M)
}
Event: 3.482 {heap Before GC invocations=13 (full 0):
 garbage-first heap   total reserved 2048000K, committed 34816K, used 27737K [0x0000000083000000, 0x0000000100000000)
  region size 1M, 14 eden (14M), 3 survivor (3M), 12 old (12M), 0 humongous (0M), 5 free (5M)
}

Metaspace Usage History (20 events):
Event: 0.449 {metaspace After GC invocations=4 (full 0):
 Metaspace       used 2618K, committed 2816K, reserved 1114112K
  class space    used 244K, committed 320K, reserved 1048576K
}
Event: 0.758 {metaspace Before GC invocations=4 (full 0):
 Metaspace       used 4964K, committed 5120K, reserved 1114112K
  class space    used 589K, committed 640K, reserved 1048576K
}
Event: 0.763 {metaspace After GC invocations=5 (full 0):
 Metaspace       used 4964K, committed 5120K, reserved 1114112K
  class space    used 589K, committed 640K, reserved 1048576K
}
Event: 0.927 {metaspace Before GC invocations=5 (full 0):
 Metaspace       used 5662K, committed 5824K, reserved 1114112K
  class space    used 688K, committed 768K, reserved 1048576K
}
Event: 0.931 {metaspace After GC invocations=6 (full 0):
 Metaspace       used 5662K, committed 5824K, reserved 1114112K
  class space    used 688K, committed 768K, reserved 1048576K
}
Event: 1.151 {metaspace Before GC invocations=6 (full 0):
 Metaspace       used 6440K, committed 6656K, reserved 1114112K
  class space    used 783K, committed 896K, reserved 1048576K
}
Event: 1.154 {metaspace After GC invocations=7 (full 0):
 Metaspace       used 6440K, committed 6656K, reserved 1114112K
  class space    used 783K, committed 896K, reserved 1048576K
}
Event: 1.387 {metaspace Before GC invocations=7 (full 0):
 Metaspace       used 7126K, committed 7296K, reserved 1114112K
  class space    used 869K, committed 960K, reserved 1048576K
}
Event: 1.390 {metaspace After GC invocations=8 (full 0):
 Metaspace       used 7126K, committed 7296K, reserved 1114112K
  class space    used 869K, committed 960K, reserved 1048576K
}
Event: 1.601 {metaspace Before GC invocations=8 (full 0):
 Metaspace       used 8647K, committed 8832K, reserved 1114112K
  class space    used 1066K, committed 1152K, reserved 1048576K
}
Event: 1.604 {metaspace After GC invocations=9 (full 0):
 Metaspace       used 8647K, committed 8832K, reserved 1114112K
  class space    used 1066K, committed 1152K, reserved 1048576K
}
Event: 1.829 {metaspace Before GC invocations=9 (full 0):
 Metaspace       used 10301K, committed 10560K, reserved 1114112K
  class space    used 1296K, committed 1408K, reserved 1048576K
}
Event: 1.833 {metaspace After GC invocations=10 (full 0):
 Metaspace       used 10301K, committed 10560K, reserved 1114112K
  class space    used 1296K, committed 1408K, reserved 1048576K
}
Event: 2.370 {metaspace Before GC invocations=10 (full 0):
 Metaspace       used 13742K, committed 13952K, reserved 1114112K
  class space    used 1745K, committed 1856K, reserved 1048576K
}
Event: 2.381 {metaspace After GC invocations=11 (full 0):
 Metaspace       used 13742K, committed 13952K, reserved 1114112K
  class space    used 1745K, committed 1856K, reserved 1048576K
}
Event: 2.769 {metaspace Before GC invocations=11 (full 0):
 Metaspace       used 14728K, committed 14912K, reserved 1114112K
  class space    used 1838K, committed 1920K, reserved 1048576K
}
Event: 2.779 {metaspace After GC invocations=12 (full 0):
 Metaspace       used 14728K, committed 14912K, reserved 1114112K
  class space    used 1838K, committed 1920K, reserved 1048576K
}
Event: 3.034 {metaspace Before GC invocations=12 (full 0):
 Metaspace       used 15321K, committed 15488K, reserved 1114112K
  class space    used 1900K, committed 1984K, reserved 1048576K
}
Event: 3.043 {metaspace After GC invocations=13 (full 0):
 Metaspace       used 15321K, committed 15488K, reserved 1114112K
  class space    used 1900K, committed 1984K, reserved 1048576K
}
Event: 3.482 {metaspace Before GC invocations=13 (full 0):
 Metaspace       used 15515K, committed 15744K, reserved 1114112K
  class space    used 1916K, committed 1984K, reserved 1048576K
}

Dll operation events (14 events):
Event: 0.006 Attempting to load shared library C:\Program Files\Java\jdk-26.0.1\bin\java.dll
Event: 0.007 Loaded shared library C:\Program Files\Java\jdk-26.0.1\bin\java.dll
Event: 0.045 Attempting to load shared library C:\Program Files\Java\jdk-26.0.1\bin\net.dll
Event: 0.045 Loaded shared library C:\Program Files\Java\jdk-26.0.1\bin\net.dll
Event: 0.046 Attempting to load shared library C:\Program Files\Java\jdk-26.0.1\bin\nio.dll
Event: 0.047 Loaded shared library C:\Program Files\Java\jdk-26.0.1\bin\nio.dll
Event: 0.050 Attempting to load shared library C:\Program Files\Java\jdk-26.0.1\bin\zip.dll
Event: 0.050 Loaded shared library C:\Program Files\Java\jdk-26.0.1\bin\zip.dll
Event: 0.238 Attempting to load shared library C:\Program Files\Java\jdk-26.0.1\bin\jimage.dll
Event: 0.238 Attempting to load shared library C:\Users\ceaser\.m2\wrapper\dists\apache-maven-3.9.16\0daed3be3ebd1c706f0e69e8b07c6b73f5cc4ea3dfce72a8d0ec2e849ca2ddb0\lib\jansi-native\Windows\x86_64\jansi.dll
Event: 0.238 Loaded shared library C:\Program Files\Java\jdk-26.0.1\bin\jimage.dll
Event: 0.239 Loaded shared library C:\Users\ceaser\.m2\wrapper\dists\apache-maven-3.9.16\0daed3be3ebd1c706f0e69e8b07c6b73f5cc4ea3dfce72a8d0ec2e849ca2ddb0\lib\jansi-native\Windows\x86_64\jansi.dll
Event: 0.265 Attempting to load shared library C:\Program Files\Java\jdk-26.0.1\bin\verify.dll
Event: 0.265 Loaded shared library C:\Program Files\Java\jdk-26.0.1\bin\verify.dll

Deoptimization events (20 events):
Event: 3.095 Thread 0x000001d83fff3a90 DEOPT PACKING pc=0x000001d852bd4c58 sp=0x0000009fa57fc210
Event: 3.095 Thread 0x000001d83fff3a90 DEOPT UNPACKING pc=0x000001d852642602 sp=0x0000009fa57fc1a8 mode 2
Event: 3.096 Thread 0x000001d83fff3a90 Uncommon trap: trap_request=0xffffff45 fr.pc=0x000001d852bdc494 relative=0x0000000000000494
Event: 3.096 Thread 0x000001d83fff3a90 Uncommon trap: reason=unstable_if action=reinterpret pc=0x000001d852bdc494 method=org.codehaus.plexus.util.xml.pull.MXParser.isValidCodePoint(I)Z @ 15 c2
Event: 3.096 Thread 0x000001d83fff3a90 DEOPT PACKING pc=0x000001d852bdc494 sp=0x0000009fa57fc1c0
Event: 3.096 Thread 0x000001d83fff3a90 DEOPT UNPACKING pc=0x000001d852642602 sp=0x0000009fa57fc108 mode 2
Event: 3.096 Thread 0x000001d83fff3a90 Uncommon trap: trap_request=0xffffff45 fr.pc=0x000001d852bf0a18 relative=0x0000000000001418
Event: 3.096 Thread 0x000001d83fff3a90 Uncommon trap: reason=unstable_if action=reinterpret pc=0x000001d852bf0a18 method=org.codehaus.plexus.util.xml.pull.MXParser.nextImpl()I @ 280 c2
Event: 3.096 Thread 0x000001d83fff3a90 DEOPT PACKING pc=0x000001d852bf0a18 sp=0x0000009fa57fc040
Event: 3.096 Thread 0x000001d83fff3a90 DEOPT UNPACKING pc=0x000001d852642602 sp=0x0000009fa57fbfb8 mode 2
Event: 3.123 Thread 0x000001d83fff3a90 Uncommon trap: trap_request=0xffffff45 fr.pc=0x000001d852bd867c relative=0x000000000000027c
Event: 3.123 Thread 0x000001d83fff3a90 Uncommon trap: reason=unstable_if action=reinterpret pc=0x000001d852bd867c method=java.io.WinNTFileSystem.prefixLength(Ljava/lang/String;)I @ 91 c2
Event: 3.123 Thread 0x000001d83fff3a90 DEOPT PACKING pc=0x000001d852bd867c sp=0x0000009fa57fc0f0
Event: 3.123 Thread 0x000001d83fff3a90 DEOPT UNPACKING pc=0x000001d852642602 sp=0x0000009fa57fc078 mode 2
Event: 3.149 Thread 0x000001d83fff3a90 DEOPT PACKING pc=0x000001d84b4890cc sp=0x0000009fa57fbad0
Event: 3.149 Thread 0x000001d83fff3a90 DEOPT UNPACKING pc=0x000001d852571a02 sp=0x0000009fa57fb028 mode 0
Event: 3.201 Thread 0x000001d83fff3a90 Uncommon trap: trap_request=0xffffffcc fr.pc=0x000001d852c1563c relative=0x00000000000003bc
Event: 3.201 Thread 0x000001d83fff3a90 Uncommon trap: reason=intrinsic_or_type_checked_inlining action=make_not_entrant pc=0x000001d852c1563c method=java.util.Arrays.copyOf([Ljava/lang/Object;ILjava/lang/Class;)[Ljava/lang/Object; @ 35 c2
Event: 3.201 Thread 0x000001d83fff3a90 DEOPT PACKING pc=0x000001d852c1563c sp=0x0000009fa57fc630
Event: 3.201 Thread 0x000001d83fff3a90 DEOPT UNPACKING pc=0x000001d852642602 sp=0x0000009fa57fc5c0 mode 2

Classes loaded (20 events):
Event: 2.521 Loading class java/lang/invoke/BoundMethodHandle$Species_LI
Event: 2.521 Loading class java/lang/invoke/BoundMethodHandle$Species_LI done
Event: 2.521 Loading class java/lang/invoke/ClassSpecializer$Factory$1
Event: 2.521 Loading class java/lang/invoke/ClassSpecializer$Factory$1 done
Event: 2.521 Loading class java/lang/invoke/ClassSpecializer$Factory$1$1
Event: 2.521 Loading class java/lang/invoke/ClassSpecializer$Factory$1$1 done
Event: 2.521 Loading class java/lang/invoke/ClassSpecializer$Factory$1$1Var
Event: 2.521 Loading class java/lang/invoke/ClassSpecializer$Factory$1$1Var done
Event: 2.522 Loading class java/lang/invoke/ClassSpecializer$Factory$1$2
Event: 2.522 Loading class java/lang/invoke/ClassSpecializer$Factory$1$2 done
Event: 2.522 Loading class java/lang/invoke/ClassSpecializer$Factory$1$3
Event: 2.522 Loading class java/lang/invoke/ClassSpecializer$Factory$1$3 done
Event: 2.522 Loading class java/lang/invoke/ClassSpecializer$Factory$1$4
Event: 2.522 Loading class java/lang/invoke/ClassSpecializer$Factory$1$4 done
Event: 2.522 Loading class java/lang/invoke/ClassSpecializer$Factory$1$5
Event: 2.522 Loading class java/lang/invoke/ClassSpecializer$Factory$1$5 done
Event: 2.522 Loading class java/lang/invoke/ClassSpecializer$Factory$1$5$1
Event: 2.522 Loading class java/lang/invoke/ClassSpecializer$Factory$1$5$1 done
Event: 2.598 Loading class java/util/stream/Streams$RangeIntSpliterator
Event: 2.598 Loading class java/util/stream/Streams$RangeIntSpliterator done

Classes unloaded (0 events):
No events

Classes redefined (0 events):
No events

Internal exceptions (20 events):
Event: 0.782 Thread 0x000001d83fff3a90 Exception <a 'java/lang/NoSuchMethodError'{0x00000000840760e0}: 'java.lang.Object java.lang.invoke.DirectMethodHandle$Holder.newInvokeSpecial(java.lang.Object, java.lang.Object, java.lang.Object, java.lang.Object, java.lang.Object)'> (0x00000000840760e0) 
thrown [s\open\src\hotspot\share\interpreter\linkResolver.cpp, line 804]
Event: 0.830 Thread 0x000001d83fff3a90 Exception <a 'java/lang/NoSuchMethodError'{0x0000000083fb65e0}: 'int java.lang.invoke.DirectMethodHandle$Holder.invokeStaticInit(java.lang.Object, java.lang.Object)'> (0x0000000083fb65e0) 
thrown [s\open\src\hotspot\share\interpreter\linkResolver.cpp, line 804]
Event: 0.838 Thread 0x000001d83fff3a90 Exception <a 'java/lang/NoClassDefFoundError'{0x0000000083ff81f0}: javax/enterprise/inject/Typed> (0x0000000083ff81f0) 
thrown [s\open\src\hotspot\share\classfile\systemDictionary.cpp, line 318]
Event: 1.861 Thread 0x000001d83fff3a90 Exception <a 'java/lang/NoSuchMethodError'{0x0000000084e07b70}: 'void java.lang.invoke.DirectMethodHandle$Holder.invokeStaticInit(java.lang.Object, java.lang.Object, java.lang.Object)'> (0x0000000084e07b70) 
thrown [s\open\src\hotspot\share\interpreter\linkResolver.cpp, line 804]
Event: 1.873 Thread 0x000001d83fff3a90 Implicit null exception at 0x000001d852b56ba0 to 0x000001d852b56d28
Event: 1.876 Thread 0x000001d83fff3a90 Exception <a 'java/lang/NoSuchMethodError'{0x0000000084e9e8a8}: 'java.lang.Object java.lang.invoke.Invokers$Holder.invokeExact_MT(java.lang.Object, int, java.lang.Object)'> (0x0000000084e9e8a8) 
thrown [s\open\src\hotspot\share\interpreter\linkResolver.cpp, line 804]
Event: 2.107 Thread 0x000001d83fff3a90 Exception <a 'java/lang/NoSuchMethodError'{0x0000000084529a28}: 'void java.lang.invoke.Invokers$Holder.invokeExact_MT(java.lang.Object, java.lang.Object, java.lang.Object, java.lang.Object)'> (0x0000000084529a28) 
thrown [s\open\src\hotspot\share\interpreter\linkResolver.cpp, line 804]
Event: 2.125 Thread 0x000001d83fff3a90 Exception <a 'java/lang/NoClassDefFoundError'{0x00000000845c14d0}: com/google/inject/servlet/ServletModuleTargetVisitor> (0x00000000845c14d0) 
thrown [s\open\src\hotspot\share\classfile\systemDictionary.cpp, line 318]
Event: 2.224 Thread 0x000001d83fff3a90 Exception <a 'java/lang/NoSuchMethodError'{0x0000000084262628}: 'java.lang.Object java.lang.invoke.DirectMethodHandle$Holder.invokeStaticInit(java.lang.Object, int, int, int, int)'> (0x0000000084262628) 
thrown [s\open\src\hotspot\share\interpreter\linkResolver.cpp, line 804]
Event: 2.339 Thread 0x000001d83fff3a90 Implicit null exception at 0x000001d852b046b6 to 0x000001d852b050dc
Event: 2.421 Thread 0x000001d83fff3a90 Exception <a 'java/lang/NoSuchMethodError'{0x0000000084ff8200}: 'void java.lang.invoke.DirectMethodHandle$Holder.invokeSpecial(java.lang.Object, java.lang.Object, java.lang.Object, java.lang.Object, java.lang.Object, java.lang.Object)'> (0x0000000084ff8200) 
thrown [s\open\src\hotspot\share\interpreter\linkResolver.cpp, line 804]
Event: 2.442 Thread 0x000001d83fff3a90 Exception <a 'java/lang/NoSuchMethodError'{0x0000000084d50de8}: 'java.lang.Object java.lang.invoke.DirectMethodHandle$Holder.invokeVirtual(java.lang.Object, java.lang.Object, java.lang.Object)'> (0x0000000084d50de8) 
thrown [s\open\src\hotspot\share\interpreter\linkResolver.cpp, line 804]
Event: 2.520 Thread 0x000001d83fff3a90 Exception <a 'java/lang/NoSuchMethodError'{0x0000000084babb60}: 'void java.lang.invoke.DirectMethodHandle$Holder.invokeVirtual(java.lang.Object, java.lang.Object, int)'> (0x0000000084babb60) 
thrown [s\open\src\hotspot\share\interpreter\linkResolver.cpp, line 804]
Event: 2.524 Thread 0x000001d83fff3a90 Exception <a 'java/lang/NoSuchMethodError'{0x0000000084bc8520}: 'java.lang.Object java.lang.invoke.DirectMethodHandle$Holder.invokeStatic(java.lang.Object, java.lang.Object, java.lang.Object, java.lang.Object, int)'> (0x0000000084bc8520) 
thrown [s\open\src\hotspot\share\interpreter\linkResolver.cpp, line 804]
Event: 2.525 Thread 0x000001d83fff3a90 Exception <a 'java/lang/NoSuchMethodError'{0x0000000084bd9c50}: 'void java.lang.invoke.DirectMethodHandle$Holder.invokeSpecial(java.lang.Object, java.lang.Object, java.lang.Object, int)'> (0x0000000084bd9c50) 
thrown [s\open\src\hotspot\share\interpreter\linkResolver.cpp, line 804]
Event: 2.525 Thread 0x000001d83fff3a90 Exception <a 'java/lang/NoSuchMethodError'{0x0000000084be1fe8}: 'void java.lang.invoke.DelegatingMethodHandle$Holder.reinvoke_L(java.lang.Object, java.lang.Object, int)'> (0x0000000084be1fe8) 
thrown [s\open\src\hotspot\share\interpreter\linkResolver.cpp, line 804]
Event: 3.014 Thread 0x000001d83fff3a90 Implicit null exception at 0x000001d852bb7a37 to 0x000001d852bb85d4
Event: 3.014 Thread 0x000001d83fff3a90 Implicit null exception at 0x000001d852b7dccd to 0x000001d852b7dea8
Event: 3.014 Thread 0x000001d83fff3a90 Implicit null exception at 0x000001d852bd4f39 to 0x000001d852bd54d4
Event: 3.016 Thread 0x000001d83fff3a90 Exception <a 'java/lang/NoSuchMethodError'{0x0000000084112290}: 'void java.lang.invoke.DirectMethodHandle$Holder.invokeStatic(java.lang.Object, java.lang.Object, java.lang.Object, java.lang.Object)'> (0x0000000084112290) 
thrown [s\open\src\hotspot\share\interpreter\linkResolver.cpp, line 804]

VM Operations (20 events):
Event: 2.100 Executing non-safepoint VM operation: HandshakeAllThreads (Deoptimize) done
Event: 2.185 Executing non-safepoint VM operation: HandshakeAllThreads (Deoptimize)
Event: 2.185 Executing non-safepoint VM operation: HandshakeAllThreads (Deoptimize) done
Event: 2.208 Executing non-safepoint VM operation: HandshakeAllThreads (Deoptimize)
Event: 2.208 Executing non-safepoint VM operation: HandshakeAllThreads (Deoptimize) done
Event: 2.240 Executing non-safepoint VM operation: HandshakeAllThreads (Deoptimize)
Event: 2.240 Executing non-safepoint VM operation: HandshakeAllThreads (Deoptimize) done
Event: 2.265 Executing non-safepoint VM operation: HandshakeAllThreads (Deoptimize)
Event: 2.265 Executing non-safepoint VM operation: HandshakeAllThreads (Deoptimize) done
Event: 2.301 Executing non-safepoint VM operation: HandshakeAllThreads (Deoptimize)
Event: 2.301 Executing non-safepoint VM operation: HandshakeAllThreads (Deoptimize) done
Event: 2.302 Executing non-safepoint VM operation: HandshakeAllThreads (Deoptimize)
Event: 2.302 Executing non-safepoint VM operation: HandshakeAllThreads (Deoptimize) done
Event: 2.370 Executing safepoint VM operation: G1CollectForAllocation (G1 Evacuation Pause)
Event: 2.381 Executing safepoint VM operation: G1CollectForAllocation (G1 Evacuation Pause) done
Event: 2.769 Executing safepoint VM operation: G1CollectForAllocation (G1 Evacuation Pause)
Event: 2.779 Executing safepoint VM operation: G1CollectForAllocation (G1 Evacuation Pause) done
Event: 3.034 Executing safepoint VM operation: G1CollectForAllocation (G1 Evacuation Pause)
Event: 3.043 Executing safepoint VM operation: G1CollectForAllocation (G1 Evacuation Pause) done
Event: 3.482 Executing safepoint VM operation: G1CollectForAllocation (G1 Evacuation Pause)

Memory protections (0 events):
No events

Nmethod flushes (0 events):
No events

Events (18 events):
Event: 0.022 Thread 0x000001d83fff3a90 Thread added: 0x000001d83fff3a90
Event: 0.033 Thread 0x000001d83fff3a90 Thread added: 0x000001d8423f6780
Event: 0.033 Thread 0x000001d83fff3a90 Thread added: 0x000001d8423f71d0
Event: 0.033 Thread 0x000001d83fff3a90 Thread added: 0x000001d8423fccf0
Event: 0.033 Thread 0x000001d83fff3a90 Thread added: 0x000001d8423fdcc0
Event: 0.033 Thread 0x000001d83fff3a90 Thread added: 0x000001d85f7ddf10
Event: 0.034 Thread 0x000001d83fff3a90 Thread added: 0x000001d85f7dee60
Event: 0.034 Thread 0x000001d83fff3a90 Thread added: 0x000001d85f7e2560
Event: 0.034 Thread 0x000001d83fff3a90 Thread added: 0x000001d85f7f1550
Event: 0.041 Thread 0x000001d83fff3a90 Thread added: 0x000001d85f8ba3e0
Event: 0.043 Thread 0x000001d83fff3a90 Thread added: 0x000001d85f9613a0
Event: 0.158 Thread 0x000001d85f7f1550 Thread added: 0x000001d8641120c0
Event: 0.235 Thread 0x000001d83fff3a90 Thread added: 0x000001d85fb80460
Event: 0.251 Thread 0x000001d85fb80460 Thread exited: 0x000001d85fb80460
Event: 0.774 Thread 0x000001d8641120c0 Thread exited: 0x000001d8641120c0
Event: 0.858 Thread 0x000001d85f7f1550 Thread added: 0x000001d8648b0040
Event: 0.876 Thread 0x000001d85f7f1550 Thread added: 0x000001d8649a0bb0
Event: 2.263 Thread 0x000001d83fff3a90 Thread added: 0x000001d864c1c0e0


Dynamic libraries:
0x00007ff6c51c0000 - 0x00007ff6c51d0000 	C:\Program Files\Java\jdk-26.0.1\bin\java.exe
0x00007ffc9f290000 - 0x00007ffc9f488000 	C:\Windows\SYSTEM32\ntdll.dll
0x00007ffc9ea20000 - 0x00007ffc9eae2000 	C:\Windows\System32\KERNEL32.DLL
0x00007ffc9cbd0000 - 0x00007ffc9cec6000 	C:\Windows\System32\KERNELBASE.dll
0x00007ffc9ca40000 - 0x00007ffc9cb40000 	C:\Windows\System32\ucrtbase.dll
0x00007ffc80760000 - 0x00007ffc80777000 	C:\Program Files\Java\jdk-26.0.1\bin\jli.dll
0x00007ffc7fa60000 - 0x00007ffc7fa7e000 	C:\Program Files\Java\jdk-26.0.1\bin\VCRUNTIME140.dll
0x00007ffc9daf0000 - 0x00007ffc9dc91000 	C:\Windows\System32\USER32.dll
0x00007ffc81f00000 - 0x00007ffc8219b000 	C:\Windows\WinSxS\amd64_microsoft.windows.common-controls_6595b64144ccf1df_6.0.19041.6456_none_60b8a6cb71f64256\COMCTL32.dll
0x00007ffc9ced0000 - 0x00007ffc9cef2000 	C:\Windows\System32\win32u.dll
0x00007ffc9d2b0000 - 0x00007ffc9d34e000 	C:\Windows\System32\msvcrt.dll
0x00007ffc9eb50000 - 0x00007ffc9eb7b000 	C:\Windows\System32\GDI32.dll
0x00007ffc9c920000 - 0x00007ffc9ca39000 	C:\Windows\System32\gdi32full.dll
0x00007ffc9d1e0000 - 0x00007ffc9d27d000 	C:\Windows\System32\msvcp_win.dll
0x00007ffc9dac0000 - 0x00007ffc9daef000 	C:\Windows\System32\IMM32.DLL
0x00007ffc975a0000 - 0x00007ffc975ac000 	C:\Program Files\Java\jdk-26.0.1\bin\vcruntime140_1.dll
0x00007ffc711f0000 - 0x00007ffc7127d000 	C:\Program Files\Java\jdk-26.0.1\bin\msvcp140.dll
0x00007ffc47ab0000 - 0x00007ffc4897e000 	C:\Program Files\Java\jdk-26.0.1\bin\server\jvm.dll
0x00007ffc9e7d0000 - 0x00007ffc9e881000 	C:\Windows\System32\ADVAPI32.dll
0x00007ffc9eb80000 - 0x00007ffc9ec1f000 	C:\Windows\System32\sechost.dll
0x00007ffc9e890000 - 0x00007ffc9e9b0000 	C:\Windows\System32\RPCRT4.dll
0x00007ffc9d280000 - 0x00007ffc9d2a7000 	C:\Windows\System32\bcrypt.dll
0x00007ffc9dde0000 - 0x00007ffc9de4b000 	C:\Windows\System32\WS2_32.dll
0x00007ffc9c780000 - 0x00007ffc9c7cb000 	C:\Windows\SYSTEM32\POWRPROF.dll
0x00007ffc96b90000 - 0x00007ffc96b9a000 	C:\Windows\SYSTEM32\VERSION.dll
0x00007ffc8d190000 - 0x00007ffc8d1b7000 	C:\Windows\SYSTEM32\WINMM.dll
0x00007ffc9c760000 - 0x00007ffc9c772000 	C:\Windows\SYSTEM32\UMPDC.dll
0x00007ffc9b160000 - 0x00007ffc9b172000 	C:\Windows\SYSTEM32\kernel.appcore.dll
0x00007ffc82c90000 - 0x00007ffc82c9a000 	C:\Program Files\Java\jdk-26.0.1\bin\jimage.dll
0x00007ffc9a360000 - 0x00007ffc9a561000 	C:\Windows\SYSTEM32\DBGHELP.DLL
0x00007ffc79ac0000 - 0x00007ffc79af4000 	C:\Windows\SYSTEM32\dbgcore.DLL
0x00007ffc9cb40000 - 0x00007ffc9cbc2000 	C:\Windows\System32\bcryptPrimitives.dll
0x00007ffc7e4b0000 - 0x00007ffc7e4cf000 	C:\Program Files\Java\jdk-26.0.1\bin\java.dll
0x00007ffc9e440000 - 0x00007ffc9e56b000 	C:\Windows\System32\ole32.dll
0x00007ffc9eef0000 - 0x00007ffc9f244000 	C:\Windows\System32\combase.dll
0x00007ffc9d350000 - 0x00007ffc9dac0000 	C:\Windows\System32\SHELL32.dll
0x00007ffc9a970000 - 0x00007ffc9b115000 	C:\Windows\SYSTEM32\windows.storage.dll
0x00007ffc9c270000 - 0x00007ffc9c29b000 	C:\Windows\SYSTEM32\Wldp.dll
0x00007ffc9ec30000 - 0x00007ffc9ecfd000 	C:\Windows\System32\OLEAUT32.dll
0x00007ffc9ed00000 - 0x00007ffc9edad000 	C:\Windows\System32\SHCORE.dll
0x00007ffc9e3e0000 - 0x00007ffc9e43b000 	C:\Windows\System32\shlwapi.dll
0x00007ffc9c850000 - 0x00007ffc9c874000 	C:\Windows\SYSTEM32\profapi.dll
0x00007ffc7c640000 - 0x00007ffc7c652000 	C:\Program Files\Java\jdk-26.0.1\bin\net.dll
0x00007ffc9bfd0000 - 0x00007ffc9c03a000 	C:\Windows\system32\mswsock.dll
0x00007ffc7aea0000 - 0x00007ffc7aeb6000 	C:\Program Files\Java\jdk-26.0.1\bin\nio.dll
0x00007ffc7a850000 - 0x00007ffc7a867000 	C:\Program Files\Java\jdk-26.0.1\bin\zip.dll
0x00007ffc7a450000 - 0x00007ffc7a474000 	C:\Users\ceaser\.m2\wrapper\dists\apache-maven-3.9.16\0daed3be3ebd1c706f0e69e8b07c6b73f5cc4ea3dfce72a8d0ec2e849ca2ddb0\lib\jansi-native\Windows\x86_64\jansi.dll
0x00007ffc80800000 - 0x00007ffc80810000 	C:\Program Files\Java\jdk-26.0.1\bin\verify.dll

JVMTI agents: none

dbghelp: loaded successfully - version: 4.0.5 - missing functions: none
symbol engine: initialized successfully - sym options: 0x614 - pdb path: .;C:\Program Files\Java\jdk-26.0.1\bin;C:\Windows\SYSTEM32;C:\Windows\WinSxS\amd64_microsoft.windows.common-controls_6595b64144ccf1df_6.0.19041.6456_none_60b8a6cb71f64256;C:\Program Files\Java\jdk-26.0.1\bin\server;C:\Users\ceaser\.m2\wrapper\dists\apache-maven-3.9.16\0daed3be3ebd1c706f0e69e8b07c6b73f5cc4ea3dfce72a8d0ec2e849ca2ddb0\lib\jansi-native\Windows\x86_64

VM Arguments:
jvm_args: --enable-native-access=ALL-UNNAMED -Dclassworlds.conf=C:\Users\ceaser\.m2\wrapper\dists\apache-maven-3.9.16\0daed3be3ebd1c706f0e69e8b07c6b73f5cc4ea3dfce72a8d0ec2e849ca2ddb0\bin\m2.conf -Dmaven.home=C:\Users\ceaser\.m2\wrapper\dists\apache-maven-3.9.16\0daed3be3ebd1c706f0e69e8b07c6b73f5cc4ea3dfce72a8d0ec2e849ca2ddb0 -Dlibrary.jansi.path=C:\Users\ceaser\.m2\wrapper\dists\apache-maven-3.9.16\0daed3be3ebd1c706f0e69e8b07c6b73f5cc4ea3dfce72a8d0ec2e849ca2ddb0\lib\jansi-native -Dmaven.multiModuleProjectDirectory=E:\Java\CareFlow\Backend\careflow-backend 
java_command: org.codehaus.plexus.classworlds.launcher.Launcher spring-boot:run -Dspring-boot.run.jvmArguments=-Xms256m -Xmx512m
java_class_path (initial): C:\Users\ceaser\.m2\wrapper\dists\apache-maven-3.9.16\0daed3be3ebd1c706f0e69e8b07c6b73f5cc4ea3dfce72a8d0ec2e849ca2ddb0\boot\plexus-classworlds-2.11.0.jar
Launcher Type: SUN_STANDARD

[Global flags]
     bool AOTAdapterCaching                        = false                                  {diagnostic} {ergonomic}
     bool AOTInvokeDynamicLinking                  = false                                  {diagnostic} {ergonomic}
     bool AOTRecordTraining                        = false                                  {diagnostic} {ergonomic}
     bool AOTReplayTraining                        = false                                  {diagnostic} {ergonomic}
     bool AOTStubCaching                           = false                                  {diagnostic} {ergonomic}
     intx CICompilerCount                          = 4                                         {product} {ergonomic}
     uint ConcGCThreads                            = 2                                         {product} {ergonomic}
     uint G1ConcRefinementThreads                  = 8                                         {product} {ergonomic}
     uint G1EagerReclaimRemSetThreshold            = 10                                   {experimental} {ergonomic}
   size_t G1HeapRegionSize                         = 1048576                                   {product} {ergonomic}
     uint G1RemSetArrayOfCardsEntries              = 10                                   {experimental} {ergonomic}
     uint G1RemSetHowlMaxNumBuckets                = 8                                    {experimental} {ergonomic}
     uint G1RemSetHowlNumBuckets                   = 4                                    {experimental} {ergonomic}
   size_t InitialHeapSize                          = 8388608                                   {product} {ergonomic}
     bool IntelJccErratumMitigation                = true                              {ARCH diagnostic} {ergonomic}
   size_t MarkStackSize                            = 4194304                                   {product} {ergonomic}
   size_t MarkStackSizeMax                         = 536870912                                 {product} {ergonomic}
   size_t MaxHeapSize                              = 2097152000                                {product} {ergonomic}
   size_t MaxNewSize                               = 1258291200                                {product} {ergonomic}
 uint64_t MaxRAM                                   = 8386813952                                {product} {ergonomic}
   size_t MinHeapDeltaBytes                        = 1048576                                   {product} {ergonomic}
   size_t MinHeapSize                              = 8388608                                   {product} {ergonomic}
   size_t NonNMethodCodeHeapSize                   = 5898240                                {pd product} {ergonomic}
   size_t NonProfiledCodeHeapSize                  = 122945536                              {pd product} {ergonomic}
   size_t ProfiledCodeHeapSize                     = 122945536                              {pd product} {ergonomic}
   size_t ReservedCodeCacheSize                    = 251789312                              {pd product} {ergonomic}
     bool SegmentedCodeCache                       = true                                      {product} {ergonomic}
   size_t SoftMaxHeapSize                          = 2097152000                             {manageable} {ergonomic}
     bool UseCompressedOops                        = true                           {product lp64_product} {ergonomic}
     bool UseCondCardMark                          = true                                      {product} {ergonomic}
     bool UseFastUnorderedTimeStamps               = true                                 {experimental} {ergonomic}
     bool UseG1GC                                  = true                                      {product} {ergonomic}
     bool UseLargePagesIndividualAllocation        = false                                  {pd product} {ergonomic}
      int X86ICacheSync                            = 2                                 {ARCH diagnostic} {ergonomic}

Logging:
Log output configuration:
 #0: stdout all=warning uptime,level,tags foldmultilines=false
 #1: stderr all=off uptime,level,tags foldmultilines=false

Release file:
IMPLEMENTOR="Oracle Corporation" 
JAVA_RUNTIME_VERSION="26.0.1+8-34" 
JAVA_VERSION="26.0.1" 
JAVA_VERSION_DATE="2026-04-21" 
LIBC="default" 
MODULES="java.base java.compiler java.datatransfer java.xml java.prefs java.desktop java.instrument java.logging java.management java.security.sasl java.naming java.rmi java.management.rmi java.net.http java.scripting java.security.jgss java.transaction.xa java.sql java.sql.rowset java.xml.crypto java.se java.smartcardio jdk.accessibility jdk.internal.jvmstat jdk.attach jdk.charsets jdk.internal.opt jdk.zipfs jdk.compiler jdk.crypto.cryptoki jdk.crypto.ec jdk.crypto.mscapi jdk.dynalink jdk.internal.ed jdk.editpad jdk.internal.vm.ci jdk.graal.compiler jdk.graal.compiler.management jdk.hotspot.agent jdk.httpserver jdk.incubator.vector jdk.internal.le jdk.internal.md jdk.jartool jdk.javadoc jdk.jcmd jdk.management jdk.management.agent jdk.jconsole jdk.jdeps jdk.jdwp.agent jdk.jdi jdk.jfr jdk.jlink jdk.jpackage jdk.jshell jdk.jstatd jdk.localedata jdk.management.jfr jdk.naming.dns jdk.naming.rmi jdk.net jdk.nio.mapmode jdk.sctp jdk.security.auth jdk.security.jgss jdk.unsupported jdk.unsupported.desktop jdk.xml.dom" 
OS_ARCH="x86_64" 
OS_NAME="Windows" 
SOURCE=".:git:8fcde8268d22 open:git:fcc00fc4aee7" 

Environment Variables:
PATH=C:\Program Files\Common Files\Oracle\Java\javapath;C:\Windows\system32;C:\Windows;C:\Windows\System32\Wbem;C:\Windows\System32\WindowsPowerShell\v1.0\;C:\Windows\System32\OpenSSH\;C:\Program Files\Git\cmd;C:\Program Files\nodejs\;C:\Program Files\dotnet\;C:\Users\ceaser\.local\bin;C:\Users\ceaser\AppData\Local\Programs\Python\Python314\Scripts\;C:\Users\ceaser\AppData\Local\Programs\Python\Python314\;C:\Users\ceaser\AppData\Local\Microsoft\WindowsApps;C:\Users\ceaser\AppData\Local\Programs\Antigravity\bin;C:\Users\ceaser\AppData\Roaming\npm;C:\Users\ceaser\AppData\Local\Programs\Antigravity IDE\bin;C:\Users\ceaser\.dotnet\tools;c:\Users\ceaser\.antigravity-ide\extensions\vscjava.vscode-java-debug-0.59.0-universal\bundled\scripts\noConfigScripts
USERNAME=ceaser
LANG=en_US.UTF-8
OS=Windows_NT
PROCESSOR_IDENTIFIER=Intel64 Family 6 Model 142 Stepping 12, GenuineIntel
TMP=C:\Users\ceaser\AppData\Local\Temp
TEMP=C:\Users\ceaser\AppData\Local\Temp




Compilation memory statistics disabled.

Periodic native trim disabled

---------------  S Y S T E M  ---------------

OS:
 Windows 10 , 64 bit Build 19041 (10.0.19041.5915)
OS uptime: 66 days 2:04 hours

CPU: total 8 (initial active 8) (4 cores per cpu, 2 threads per core) family 6 model 142 stepping 12 microcode 0x100, cx8, cmov, fxsr, ht, mmx, 3dnowpref, sse, sse2, sse3, ssse3, sse4.1, sse4.2, popcnt, lzcnt, tsc, tscinvbit, avx, avx2, aes, erms, clmul, bmi1, bmi2, adx, fma, vzeroupper, clflush, clflushopt, rdtscp, f16c
Processor Information for the first 8 processors :
  Max Mhz: 1800, Current Mhz: 1600, Mhz Limit: 1584

Memory: 4k page, system-wide physical 7998M (677M free)
TotalPageFile size 23177M (AvailPageFile size 5M)
current process WorkingSet (physical memory assigned to process): 121M, peak: 125M
current process commit charge ("private bytes"): 162M, peak: 208M

vm_info: Java HotSpot(TM) 64-Bit Server VM (26.0.1+8-34) for windows-amd64 JRE (26.0.1+8-34), built on 2026-03-10T17:24:10Z with MS VC++ 17.13 (VS2022)

END.
