#
# There is insufficient memory for the Java Runtime Environment to continue.
# Native memory allocation (malloc) failed to allocate 32744 bytes. Error detail: Chunk::new
# Possible reasons:
#   The system is out of physical RAM or swap space
#   This process is running with CompressedOops enabled, and the Java Heap may be blocking the growth of the native heap
# Possible solutions:
#   Reduce memory load on the system
#   Increase physical memory or swap space
#   Check if swap backing store is full
#   Decrease Java heap size (-Xmx/-Xms)
#   Decrease number of Java threads
#   Decrease Java thread stack sizes (-Xss)
#   Set larger code cache with -XX:ReservedCodeCacheSize=
#   JVM is running with Unscaled Compressed Oops mode in which the Java heap is
#     placed in the first 4GB address space. The Java Heap base address is the
#     maximum limit for the native heap growth. Please use -XX:HeapBaseMinAddress
#     to set the Java Heap base and to place the Java Heap above 4GB virtual address.
# This output file may be truncated or incomplete.
#
#  Out of Memory Error (arena.cpp:168), pid=38084, tid=16696
#
# JRE version: OpenJDK Runtime Environment Temurin-21.0.12.1+1 (21.0.12.1+1) (build 21.0.12.1+1-LTS)
# Java VM: OpenJDK 64-Bit Server VM Temurin-21.0.12.1+1 (21.0.12.1+1-LTS, mixed mode, sharing, tiered, compressed oops, compressed class ptrs, parallel gc, windows-amd64)
# No core dump will be written. Minidumps are not enabled by default on client versions of Windows
#

---------------  S U M M A R Y ------------

Command Line: --add-modules=ALL-SYSTEM --add-opens=java.base/java.util=ALL-UNNAMED --add-opens=java.base/java.lang=ALL-UNNAMED --add-opens=java.base/sun.nio.fs=ALL-UNNAMED -Declipse.application=org.eclipse.jdt.ls.core.id1 -Dosgi.bundles.defaultStartLevel=4 -Declipse.product=org.eclipse.jdt.ls.core.product -Djava.import.generatesMetadataFilesAtProjectRoot=false -Dm2e.project.cache.size=50 -DDetectVMInstallationsJob.disabled=true -Dfile.encoding=utf8 -XX:+UseParallelGC -XX:GCTimeRatio=4 -XX:AdaptiveSizePolicyWeight=90 -Dsun.zip.disableMemoryMapping=true -Xmx2G -Xms100m -Xlog:disable -javaagent:c:\Users\ceaser\.antigravity-ide\extensions\redhat.java-1.56.0-win32-x64\lombok\lombok-1.18.39-4050.jar -XX:+HeapDumpOnOutOfMemoryError -XX:HeapDumpPath=c:\Users\ceaser\AppData\Roaming\Antigravity IDE\User\workspaceStorage\dfee48165e7d1c276326c781894b75fa\redhat.java -Daether.dependencyCollector.impl=bf c:\Users\ceaser\.antigravity-ide\extensions\redhat.java-1.56.0-win32-x64\server\plugins\org.eclipse.equinox.launcher_1.8.0.v20260804-1928.jar -configuration c:\Users\ceaser\AppData\Roaming\Antigravity IDE\User\globalStorage\redhat.java\1.56.0\config_win -data c:\Users\ceaser\AppData\Roaming\Antigravity IDE\User\workspaceStorage\dfee48165e7d1c276326c781894b75fa\redhat.java\jdt_ws --pipe=\\.\pipe\lsp-de0b3818900843e3a45be432ba515cdd-sock

Host: Intel(R) Core(TM) i5-8265U CPU @ 1.60GHz, 8 cores, 7G,  Windows 10 , 64 bit Build 19041 (10.0.19041.5915)
Time: Mon Sep  7 01:51:39 2026 Morocco Daylight Time elapsed time: 650.778224 seconds (0d 0h 10m 50s)

---------------  T H R E A D  ---------------

Current thread (0x0000024ad032f570):  JavaThread "C2 CompilerThread0" daemon [_thread_in_native, id=16696, stack(0x000000bbeef00000,0x000000bbef000000) (1024K)]


Current CompileTask:
C2:650778 21105       4       org.eclipse.jdt.internal.compiler.parser.Scanner::internalScanIdentifierOrKeyword (5041 bytes)

Stack: [0x000000bbeef00000,0x000000bbef000000]
Native frames: (J=compiled Java code, j=interpreted, Vv=VM code, C=native code)
V  [jvm.dll+0x6d83e9]
V  [jvm.dll+0x8b5736]
V  [jvm.dll+0x8b7cee]
V  [jvm.dll+0x8b83d3]
V  [jvm.dll+0x284596]
V  [jvm.dll+0xc685d]
V  [jvm.dll+0xc6da1]
V  [jvm.dll+0xc6985]
V  [jvm.dll+0x6b33cc]
V  [jvm.dll+0x38c6a0]
V  [jvm.dll+0x38db39]
V  [jvm.dll+0x38b4ca]
V  [jvm.dll+0x38ab1a]
V  [jvm.dll+0x24c700]
V  [jvm.dll+0x24bce0]
V  [jvm.dll+0x1cb4ae]
V  [jvm.dll+0x25baad]
V  [jvm.dll+0x25a03a]
V  [jvm.dll+0x3f8aae]
V  [jvm.dll+0x8600cd]
V  [jvm.dll+0x6d6c1d]
C  [ucrtbase.dll+0x21bb2]
C  [KERNEL32.DLL+0x17374]
C  [ntdll.dll+0x4cc91]


---------------  P R O C E S S  ---------------

Threads class SMR info:
_java_thread_list=0x0000024b1fbe3b30, length=60, elements={
0x0000024ab98b10e0, 0x0000024ad031be40, 0x0000024ad031d800, 0x0000024ad0320270,
0x0000024ad0320cd0, 0x0000024ad0321730, 0x0000024ad03261a0, 0x0000024ad032f570,
0x0000024b1702e8a0, 0x0000024b171a9360, 0x0000024b17232580, 0x0000024b17a9eb10,
0x0000024b17b468d0, 0x0000024b17a5ffa0, 0x0000024b17a60610, 0x0000024b17855d80,
0x0000024b173d7bb0, 0x0000024b17b20d20, 0x0000024b17ec1f50, 0x0000024b17ec0ba0,
0x0000024b19d01350, 0x0000024b19d019e0, 0x0000024b19d04140, 0x0000024b19d02070,
0x0000024b19d02700, 0x0000024b19cff910, 0x0000024b19d00cc0, 0x0000024b19cff280,
0x0000024b19d02d90, 0x0000024b19d054f0, 0x0000024b19d03420, 0x0000024b19d03ab0,
0x0000024b19d05b80, 0x0000024b19d06210, 0x0000024b19d00630, 0x0000024b19d068a0,
0x0000024b19cfffa0, 0x0000024b19834030, 0x0000024b19836790, 0x0000024b19836e20,
0x0000024b198353e0, 0x0000024b1ae9a230, 0x0000024b1f222f80, 0x0000024b1f21d3a0,
0x0000024b1f21cd10, 0x0000024b1f21e750, 0x0000024b1f21e0c0, 0x0000024b1f221540,
0x0000024b1f21ede0, 0x0000024b1f21c680, 0x0000024b1f223ca0, 0x0000024b1f221bd0,
0x0000024b19837b40, 0x0000024b19832c80, 0x0000024b198381d0, 0x0000024b198346c0,
0x0000024b19833310, 0x0000024b19831240, 0x0000024b19834d50, 0x0000024b2089c010
}

Java Threads: ( => current thread )
  0x0000024ab98b10e0 JavaThread "main"                              [_thread_blocked, id=39808, stack(0x000000bbee500000,0x000000bbee600000) (1024K)]
  0x0000024ad031be40 JavaThread "Reference Handler"          daemon [_thread_blocked, id=30236, stack(0x000000bbee900000,0x000000bbeea00000) (1024K)]
  0x0000024ad031d800 JavaThread "Finalizer"                  daemon [_thread_blocked, id=40292, stack(0x000000bbeea00000,0x000000bbeeb00000) (1024K)]
  0x0000024ad0320270 JavaThread "Signal Dispatcher"          daemon [_thread_blocked, id=24004, stack(0x000000bbeeb00000,0x000000bbeec00000) (1024K)]
  0x0000024ad0320cd0 JavaThread "Attach Listener"            daemon [_thread_blocked, id=25816, stack(0x000000bbeec00000,0x000000bbeed00000) (1024K)]
  0x0000024ad0321730 JavaThread "Service Thread"             daemon [_thread_blocked, id=32460, stack(0x000000bbeed00000,0x000000bbeee00000) (1024K)]
  0x0000024ad03261a0 JavaThread "Monitor Deflation Thread"   daemon [_thread_blocked, id=26972, stack(0x000000bbeee00000,0x000000bbeef00000) (1024K)]
=>0x0000024ad032f570 JavaThread "C2 CompilerThread0"         daemon [_thread_in_native, id=16696, stack(0x000000bbeef00000,0x000000bbef000000) (1024K)]
  0x0000024b1702e8a0 JavaThread "C1 CompilerThread0"         daemon [_thread_blocked, id=38068, stack(0x000000bbef000000,0x000000bbef100000) (1024K)]
  0x0000024b171a9360 JavaThread "Common-Cleaner"             daemon [_thread_blocked, id=15908, stack(0x000000bbef100000,0x000000bbef200000) (1024K)]
  0x0000024b17232580 JavaThread "Notification Thread"        daemon [_thread_blocked, id=32872, stack(0x000000bbef200000,0x000000bbef300000) (1024K)]
  0x0000024b17a9eb10 JavaThread "Active Thread: Equinox Container: 92eac690-d31a-4adf-8254-db61936ae78c"        [_thread_blocked, id=32584, stack(0x000000bbef300000,0x000000bbef400000) (1024K)]
  0x0000024b17b468d0 JavaThread "Refresh Thread: Equinox Container: 92eac690-d31a-4adf-8254-db61936ae78c" daemon [_thread_blocked, id=26088, stack(0x000000bbefb00000,0x000000bbefc00000) (1024K)]
  0x0000024b17a5ffa0 JavaThread "Framework Event Dispatcher: Equinox Container: 92eac690-d31a-4adf-8254-db61936ae78c" daemon [_thread_blocked, id=37928, stack(0x000000bbefc00000,0x000000bbefd00000) (1024K)]
  0x0000024b17a60610 JavaThread "Start Level: Equinox Container: 92eac690-d31a-4adf-8254-db61936ae78c" daemon [_thread_blocked, id=632, stack(0x000000bbefd00000,0x000000bbefe00000) (1024K)]
  0x0000024b17855d80 JavaThread "Bundle File Closer"         daemon [_thread_blocked, id=37976, stack(0x000000bbeff00000,0x000000bbf0000000) (1024K)]
  0x0000024b173d7bb0 JavaThread "SCR Component Actor"        daemon [_thread_blocked, id=21172, stack(0x000000bbefe00000,0x000000bbeff00000) (1024K)]
  0x0000024b17b20d20 JavaThread "Worker-JM"                         [_thread_blocked, id=32940, stack(0x000000bbf0000000,0x000000bbf0100000) (1024K)]
  0x0000024b17ec1f50 JavaThread "JNA Cleaner"                daemon [_thread_blocked, id=16980, stack(0x000000bbf0100000,0x000000bbf0200000) (1024K)]
  0x0000024b17ec0ba0 JavaThread "Java indexing"              daemon [_thread_blocked, id=30708, stack(0x000000bbf0400000,0x000000bbf0500000) (1024K)]
  0x0000024b19d01350 JavaThread "Worker-3"                          [_thread_blocked, id=36116, stack(0x000000bbf0800000,0x000000bbf0900000) (1024K)]
  0x0000024b19d019e0 JavaThread "Worker-4"                          [_thread_blocked, id=32896, stack(0x000000bbf0900000,0x000000bbf0a00000) (1024K)]
  0x0000024b19d04140 JavaThread "Thread-1"                   daemon [_thread_in_native, id=7144, stack(0x000000bbf0a00000,0x000000bbf0b00000) (1024K)]
  0x0000024b19d02070 JavaThread "Thread-2"                   daemon [_thread_in_native, id=27732, stack(0x000000bbf0b00000,0x000000bbf0c00000) (1024K)]
  0x0000024b19d02700 JavaThread "Thread-3"                   daemon [_thread_in_native, id=33936, stack(0x000000bbf0c00000,0x000000bbf0d00000) (1024K)]
  0x0000024b19cff910 JavaThread "Thread-4"                   daemon [_thread_in_native, id=39732, stack(0x000000bbf0d00000,0x000000bbf0e00000) (1024K)]
  0x0000024b19d00cc0 JavaThread "Thread-5"                   daemon [_thread_in_native, id=31748, stack(0x000000bbf0e00000,0x000000bbf0f00000) (1024K)]
  0x0000024b19cff280 JavaThread "Thread-6"                   daemon [_thread_in_native, id=36264, stack(0x000000bbf0f00000,0x000000bbf1000000) (1024K)]
  0x0000024b19d02d90 JavaThread "Thread-7"                   daemon [_thread_in_native, id=33820, stack(0x000000bbf1000000,0x000000bbf1100000) (1024K)]
  0x0000024b19d054f0 JavaThread "Thread-8"                   daemon [_thread_in_native, id=24564, stack(0x000000bbf1100000,0x000000bbf1200000) (1024K)]
  0x0000024b19d03420 JavaThread "Thread-9"                   daemon [_thread_in_native, id=7704, stack(0x000000bbf1200000,0x000000bbf1300000) (1024K)]
  0x0000024b19d03ab0 JavaThread "pool-2-thread-1"                   [_thread_blocked, id=32292, stack(0x000000bbf1300000,0x000000bbf1400000) (1024K)]
  0x0000024b19d05b80 JavaThread "WorkspaceEventsHandler"            [_thread_blocked, id=22728, stack(0x000000bbf1400000,0x000000bbf1500000) (1024K)]
  0x0000024b19d06210 JavaThread "pool-1-thread-1"                   [_thread_blocked, id=40756, stack(0x000000bbf1500000,0x000000bbf1600000) (1024K)]
  0x0000024b19d00630 JavaThread "PatternSearchJob-worker-1"  daemon [_thread_blocked, id=39788, stack(0x000000bbf1700000,0x000000bbf1800000) (1024K)]
  0x0000024b19d068a0 JavaThread "PatternSearchJob-worker-2"  daemon [_thread_blocked, id=2496, stack(0x000000bbf1800000,0x000000bbf1900000) (1024K)]
  0x0000024b19cfffa0 JavaThread "PatternSearchJob-worker-3"  daemon [_thread_blocked, id=37756, stack(0x000000bbf1900000,0x000000bbf1a00000) (1024K)]
  0x0000024b19834030 JavaThread "PatternSearchJob-worker-5"  daemon [_thread_blocked, id=6756, stack(0x000000bbf1b00000,0x000000bbf1c00000) (1024K)]
  0x0000024b19836790 JavaThread "PatternSearchJob-worker-6"  daemon [_thread_blocked, id=31964, stack(0x000000bbf1c00000,0x000000bbf1d00000) (1024K)]
  0x0000024b19836e20 JavaThread "PatternSearchJob-worker-7"  daemon [_thread_blocked, id=3944, stack(0x000000bbf1d00000,0x000000bbf1e00000) (1024K)]
  0x0000024b198353e0 JavaThread "ForkJoinPool.commonPool-worker-6" daemon [_thread_blocked, id=5440, stack(0x000000bbf2700000,0x000000bbf2800000) (1024K)]
  0x0000024b1ae9a230 JavaThread "Cleaner-0"                  daemon [_thread_blocked, id=39728, stack(0x000000bbf2f00000,0x000000bbf3000000) (1024K)]
  0x0000024b1f222f80 JavaThread "ForkJoinPool.commonPool-worker-8" daemon [_thread_blocked, id=14352, stack(0x000000bbee300000,0x000000bbee400000) (1024K)]
  0x0000024b1f21d3a0 JavaThread "ForkJoinPool.commonPool-worker-9" daemon [_thread_blocked, id=6136, stack(0x000000bbee400000,0x000000bbee500000) (1024K)]
  0x0000024b1f21cd10 JavaThread "ForkJoinPool.commonPool-worker-10" daemon [_thread_blocked, id=38848, stack(0x000000bbf0200000,0x000000bbf0300000) (1024K)]
  0x0000024b1f21e750 JavaThread "ForkJoinPool.commonPool-worker-11" daemon [_thread_in_native, id=18696, stack(0x000000bbf0300000,0x000000bbf0400000) (1024K)]
  0x0000024b1f21e0c0 JavaThread "ForkJoinPool.commonPool-worker-12" daemon [_thread_in_Java, id=29592, stack(0x000000bbf0500000,0x000000bbf0600000) (1024K)]
  0x0000024b1f221540 JavaThread "Worker-7"                          [_thread_blocked, id=11616, stack(0x000000bbf0600000,0x000000bbf0700000) (1024K)]
  0x0000024b1f21ede0 JavaThread "Compiler Source File Reader" daemon [_thread_blocked, id=38920, stack(0x000000bbf1600000,0x000000bbf1700000) (1024K)]
  0x0000024b1f21c680 JavaThread "Compiler Processing Task"   daemon [_thread_blocked, id=40700, stack(0x000000bbf1a00000,0x000000bbf1b00000) (1024K)]
  0x0000024b1f223ca0 JavaThread "Compiler Source File Reader" daemon [_thread_blocked, id=38796, stack(0x000000bbf1e00000,0x000000bbf1f00000) (1024K)]
  0x0000024b1f221bd0 JavaThread "PatternSearchJob-worker-8"  daemon [_thread_blocked, id=7364, stack(0x000000bbf2000000,0x000000bbf2100000) (1024K)]
  0x0000024b19837b40 JavaThread "ForkJoinPool.commonPool-worker-13" daemon [_thread_blocked, id=27668, stack(0x000000bbf2100000,0x000000bbf2200000) (1024K)]
  0x0000024b19832c80 JavaThread "Compiler Source File Reader" daemon [_thread_blocked, id=38984, stack(0x000000bbf2200000,0x000000bbf2300000) (1024K)]
  0x0000024b198381d0 JavaThread "pool-1-thread-3"                   [_thread_blocked, id=39840, stack(0x000000bbf1f00000,0x000000bbf2000000) (1024K)]
  0x0000024b198346c0 JavaThread "Worker-8"                          [_thread_blocked, id=38700, stack(0x000000bbf2400000,0x000000bbf2500000) (1024K)]
  0x0000024b19833310 JavaThread "Compiler Source File Reader" daemon [_thread_blocked, id=15912, stack(0x000000bbf2500000,0x000000bbf2600000) (1024K)]
  0x0000024b19831240 JavaThread "Compiler Source File Reader" daemon [_thread_blocked, id=40400, stack(0x000000bbf2300000,0x000000bbf2400000) (1024K)]
  0x0000024b19834d50 JavaThread "Compiler Source File Reader" daemon [_thread_blocked, id=6472, stack(0x000000bbf2600000,0x000000bbf2700000) (1024K)]
  0x0000024b2089c010 JavaThread "C2 CompilerThread1"         daemon [_thread_in_native, id=20468, stack(0x000000bbf2800000,0x000000bbf2900000) (1024K)]
Total: 60

Other Threads:
  0x0000024ad0302880 VMThread "VM Thread"                           [id=36868, stack(0x000000bbee800000,0x000000bbee900000) (1024K)]
  0x0000024ab9974840 WatcherThread "VM Periodic Task Thread"        [id=37716, stack(0x000000bbee700000,0x000000bbee800000) (1024K)]
  0x0000024ab98cedd0 WorkerThread "GC Thread#0"                     [id=32912, stack(0x000000bbee600000,0x000000bbee700000) (1024K)]
  0x0000024b17605b60 WorkerThread "GC Thread#1"                     [id=33580, stack(0x000000bbef400000,0x000000bbef500000) (1024K)]
  0x0000024b178d0920 WorkerThread "GC Thread#2"                     [id=26880, stack(0x000000bbef500000,0x000000bbef600000) (1024K)]
  0x0000024b178d0cd0 WorkerThread "GC Thread#3"                     [id=30556, stack(0x000000bbef600000,0x000000bbef700000) (1024K)]
  0x0000024b17554840 WorkerThread "GC Thread#4"                     [id=6064, stack(0x000000bbef700000,0x000000bbef800000) (1024K)]
  0x0000024b17554bf0 WorkerThread "GC Thread#5"                     [id=24764, stack(0x000000bbef800000,0x000000bbef900000) (1024K)]
  0x0000024b17554fa0 WorkerThread "GC Thread#6"                     [id=37848, stack(0x000000bbef900000,0x000000bbefa00000) (1024K)]
  0x0000024b178cdcc0 WorkerThread "GC Thread#7"                     [id=16668, stack(0x000000bbefa00000,0x000000bbefb00000) (1024K)]
Total: 10

Threads with active compile tasks:
C2 CompilerThread0  650840 21105       4       org.eclipse.jdt.internal.compiler.parser.Scanner::internalScanIdentifierOrKeyword (5041 bytes)
C2 CompilerThread1  650841 21113   !   4       org.eclipse.jdt.ls.core.internal.handlers.JsonRpcHelpers::toLine (63 bytes)
Total: 2

VM state: not at safepoint (normal execution)

VM Mutex/Monitor currently owned by a thread: None

Heap address: 0x0000000080000000, size: 2048 MB, Compressed Oops mode: 32-bit

CDS archive(s) mapped at: [0x0000024ad1000000-0x0000024ad1ba0000-0x0000024ad1ba0000), size 12189696, SharedBaseAddress: 0x0000024ad1000000, ArchiveRelocationMode: 1.
Compressed class space mapped at: 0x0000024ad2000000-0x0000024b12000000, reserved size: 1073741824
Narrow klass base: 0x0000024ad1000000, Narrow klass shift: 0, Narrow klass range: 0x100000000

GC Precious Log:
 CardTable entry size: 512
 CPUs: 8 total, 8 available
 Memory: 7998M
 Large Page Support: Disabled
 NUMA Support: Disabled
 Compressed Oops: Enabled (32-bit)
 Alignments: Space 512K, Generation 512K, Heap 2M
 Heap Min Capacity: 100M
 Heap Initial Capacity: 100M
 Heap Max Capacity: 2G
 Pre-touch: Disabled
 Parallel Workers: 8

Heap:
 PSYoungGen      total 6656K, used 5315K [0x00000000d5580000, 0x00000000d5d00000, 0x0000000100000000)
  eden space 5632K, 79% used [0x00000000d5580000,0x00000000d59d8da0,0x00000000d5b00000)
  from space 1024K, 84% used [0x00000000d5c00000,0x00000000d5cd8000,0x00000000d5d00000)
  to   space 1024K, 0% used [0x00000000d5b00000,0x00000000d5b00000,0x00000000d5c00000)
 ParOldGen       total 689664K, used 689602K [0x0000000080000000, 0x00000000aa180000, 0x00000000d5580000)
  object space 689664K, 99% used [0x0000000080000000,0x00000000aa1709c8,0x00000000aa180000)
 Metaspace       used 87943K, committed 89792K, reserved 1179648K
  class space    used 9184K, committed 9984K, reserved 1048576K

Card table byte_map: [0x0000024ab9270000,0x0000024ab9680000] _byte_map_base: 0x0000024ab8e70000

Marking Bits: (ParMarkBitMap*) 0x00007ffc489e44a0
 Begin Bits: [0x0000024acbd70000, 0x0000024acdd70000)
 End Bits:   [0x0000024acdd70000, 0x0000024acfd70000)

Polling page: 0x0000024ab78b0000

Metaspace:

Usage:
  Non-class:     76.91 MB used.
      Class:      8.97 MB used.
       Both:     85.88 MB used.

Virtual space:
  Non-class space:      128.00 MB reserved,      77.94 MB ( 61%) committed,  2 nodes.
      Class space:        1.00 GB reserved,       9.75 MB ( <1%) committed,  1 nodes.
             Both:        1.12 GB reserved,      87.69 MB (  8%) committed. 

Chunk freelists:
   Non-Class:  1.81 MB
       Class:  6.15 MB
        Both:  7.96 MB

MaxMetaspaceSize: unlimited
CompressedClassSpaceSize: 1.00 GB
Initial GC threshold: 21.00 MB
Current GC threshold: 133.88 MB
CDS: on
 - commit_granule_bytes: 65536.
 - commit_granule_words: 8192.
 - virtual_space_node_default_size: 8388608.
 - enlarge_chunks_in_place: 1.
 - use_allocation_guard: 0.


Internal statistics:

num_allocs_failed_limit: 11.
num_arena_births: 1678.
num_arena_deaths: 14.
num_vsnodes_births: 3.
num_vsnodes_deaths: 0.
num_space_committed: 1403.
num_space_uncommitted: 0.
num_chunks_returned_to_freelist: 25.
num_chunks_taken_from_freelist: 5842.
num_chunk_merges: 10.
num_chunk_splits: 3551.
num_chunks_enlarged: 1962.
num_inconsistent_stats: 0.

CodeHeap 'non-profiled nmethods': size=120000Kb used=15944Kb max_used=15944Kb free=104055Kb
 bounds [0x0000024ac4590000, 0x0000024ac5530000, 0x0000024acbac0000]
CodeHeap 'profiled nmethods': size=120000Kb used=47286Kb max_used=47286Kb free=72713Kb
 bounds [0x0000024abcac0000, 0x0000024abf8f0000, 0x0000024ac3ff0000]
CodeHeap 'non-nmethods': size=5760Kb used=1523Kb max_used=1635Kb free=4236Kb
 bounds [0x0000024ac3ff0000, 0x0000024ac4260000, 0x0000024ac4590000]
CodeCache: size=245760Kb, used=64753Kb, max_used=64865Kb, free=181004Kb
 total_blobs=20322, nmethods=19481, adapters=743, full_count=0
Compilation: enabled, stopped_count=0, restarted_count=0

Compilation events (20 events):
Event: 650.729 Thread 0x0000024b1702e8a0 21123       3       java.lang.invoke.LambdaForm$MH/0x0000024ad293c800::invoke (42 bytes)
Event: 650.730 Thread 0x0000024b1702e8a0 nmethod 21123 0x0000024abf8e4310 code [0x0000024abf8e4560, 0x0000024abf8e4f58]
Event: 650.730 Thread 0x0000024b1702e8a0 21124       3       java.lang.invoke.LambdaForm$MH/0x0000024ad293cc00::invoke (42 bytes)
Event: 650.731 Thread 0x0000024b1702e8a0 nmethod 21124 0x0000024abf8e5290 code [0x0000024abf8e54e0, 0x0000024abf8e5ed8]
Event: 650.731 Thread 0x0000024b1702e8a0 21126       3       java.lang.invoke.LambdaForm$MH/0x0000024ad293d000::invoke (42 bytes)
Event: 650.732 Thread 0x0000024b1702e8a0 nmethod 21126 0x0000024abf8e6210 code [0x0000024abf8e64a0, 0x0000024abf8e7168]
Event: 650.732 Thread 0x0000024b1702e8a0 21125       3       java.lang.invoke.LambdaForm$MH/0x0000024ad293d800::invoke (42 bytes)
Event: 650.733 Thread 0x0000024b1702e8a0 nmethod 21125 0x0000024abf8e7590 code [0x0000024abf8e7820, 0x0000024abf8e8500]
Event: 650.752 Thread 0x0000024b1702e8a0 21127       3       java.lang.invoke.LambdaForm$DMH/0x0000024ad28d0c00::newInvokeSpecial (27 bytes)
Event: 650.753 Thread 0x0000024b1702e8a0 nmethod 21127 0x0000024abf8e8910 code [0x0000024abf8e8b00, 0x0000024abf8e9028]
Event: 650.753 Thread 0x0000024b1702e8a0 21128       3       java.lang.invoke.LambdaForm$MH/0x0000024ad28d1000::invoke (63 bytes)
Event: 650.755 Thread 0x0000024b1702e8a0 nmethod 21128 0x0000024abf8e9210 code [0x0000024abf8e9500, 0x0000024abf8ea730]
Event: 650.755 Thread 0x0000024b1702e8a0 21129       3       java.lang.invoke.LambdaForm$MH/0x0000024ad28d1400::invoke (63 bytes)
Event: 650.756 Thread 0x0000024b1702e8a0 nmethod 21129 0x0000024abf8ead10 code [0x0000024abf8eb000, 0x0000024abf8ec230]
Event: 650.756 Thread 0x0000024b2089c010 nmethod 21107 0x0000024ac551f990 code [0x0000024ac551fbc0, 0x0000024ac55205e0]
Event: 650.756 Thread 0x0000024b2089c010 21112       4       org.eclipse.jface.text.GapTextStore::getLength (11 bytes)
Event: 650.757 Thread 0x0000024b2089c010 nmethod 21112 0x0000024ac5520e10 code [0x0000024ac5520fa0, 0x0000024ac5521048]
Event: 650.757 Thread 0x0000024b2089c010 21110   !   4       org.eclipse.core.internal.filebuffers.SynchronizableDocument::getLineOffset (30 bytes)
Event: 650.768 Thread 0x0000024b2089c010 nmethod 21110 0x0000024ac5521110 code [0x0000024ac5521300, 0x0000024ac5521af8]
Event: 650.768 Thread 0x0000024b2089c010 21113   !   4       org.eclipse.jdt.ls.core.internal.handlers.JsonRpcHelpers::toLine (63 bytes)

GC Heap History (20 events):
Event: 649.934 GC heap before
{Heap before GC invocations=1281 (full 4):
 PSYoungGen      total 4608K, used 4271K [0x00000000d5580000, 0x00000000d5c00000, 0x0000000100000000)
  eden space 2560K, 90% used [0x00000000d5580000,0x00000000d57c3c58,0x00000000d5800000)
  from space 2048K, 95% used [0x00000000d5a00000,0x00000000d5be8000,0x00000000d5c00000)
  to   space 2048K, 0% used [0x00000000d5800000,0x00000000d5800000,0x00000000d5a00000)
 ParOldGen       total 678400K, used 677999K [0x0000000080000000, 0x00000000a9680000, 0x00000000d5580000)
  object space 678400K, 99% used [0x0000000080000000,0x00000000a961bc08,0x00000000a9680000)
 Metaspace       used 87926K, committed 89728K, reserved 1179648K
  class space    used 9183K, committed 9984K, reserved 1048576K
}
Event: 649.938 GC heap after
{Heap after GC invocations=1281 (full 4):
 PSYoungGen      total 4608K, used 1952K [0x00000000d5580000, 0x00000000d5c80000, 0x0000000100000000)
  eden space 2560K, 0% used [0x00000000d5580000,0x00000000d5580000,0x00000000d5800000)
  from space 2048K, 95% used [0x00000000d5800000,0x00000000d59e8000,0x00000000d5a00000)
  to   space 2048K, 0% used [0x00000000d5a80000,0x00000000d5a80000,0x00000000d5c80000)
 ParOldGen       total 679936K, used 679863K [0x0000000080000000, 0x00000000a9800000, 0x00000000d5580000)
  object space 679936K, 99% used [0x0000000080000000,0x00000000a97edc08,0x00000000a9800000)
 Metaspace       used 87926K, committed 89728K, reserved 1179648K
  class space    used 9183K, committed 9984K, reserved 1048576K
}
Event: 650.449 GC heap before
{Heap before GC invocations=1282 (full 4):
 PSYoungGen      total 4608K, used 4511K [0x00000000d5580000, 0x00000000d5c80000, 0x0000000100000000)
  eden space 2560K, 99% used [0x00000000d5580000,0x00000000d57ffff8,0x00000000d5800000)
  from space 2048K, 95% used [0x00000000d5800000,0x00000000d59e8000,0x00000000d5a00000)
  to   space 2048K, 0% used [0x00000000d5a80000,0x00000000d5a80000,0x00000000d5c80000)
 ParOldGen       total 679936K, used 679863K [0x0000000080000000, 0x00000000a9800000, 0x00000000d5580000)
  object space 679936K, 99% used [0x0000000080000000,0x00000000a97edc08,0x00000000a9800000)
 Metaspace       used 87932K, committed 89728K, reserved 1179648K
  class space    used 9183K, committed 9984K, reserved 1048576K
}
Event: 650.453 GC heap after
{Heap after GC invocations=1282 (full 4):
 PSYoungGen      total 5120K, used 1530K [0x00000000d5580000, 0x00000000d5c80000, 0x0000000100000000)
  eden space 3072K, 0% used [0x00000000d5580000,0x00000000d5580000,0x00000000d5880000)
  from space 2048K, 74% used [0x00000000d5a80000,0x00000000d5bfe900,0x00000000d5c80000)
  to   space 2048K, 0% used [0x00000000d5880000,0x00000000d5880000,0x00000000d5a80000)
 ParOldGen       total 681472K, used 681271K [0x0000000080000000, 0x00000000a9980000, 0x00000000d5580000)
  object space 681472K, 99% used [0x0000000080000000,0x00000000a994dc08,0x00000000a9980000)
 Metaspace       used 87932K, committed 89728K, reserved 1179648K
  class space    used 9183K, committed 9984K, reserved 1048576K
}
Event: 650.472 GC heap before
{Heap before GC invocations=1283 (full 4):
 PSYoungGen      total 5120K, used 4602K [0x00000000d5580000, 0x00000000d5c80000, 0x0000000100000000)
  eden space 3072K, 100% used [0x00000000d5580000,0x00000000d5880000,0x00000000d5880000)
  from space 2048K, 74% used [0x00000000d5a80000,0x00000000d5bfe900,0x00000000d5c80000)
  to   space 2048K, 0% used [0x00000000d5880000,0x00000000d5880000,0x00000000d5a80000)
 ParOldGen       total 681472K, used 681271K [0x0000000080000000, 0x00000000a9980000, 0x00000000d5580000)
  object space 681472K, 99% used [0x0000000080000000,0x00000000a994dc08,0x00000000a9980000)
 Metaspace       used 87933K, committed 89728K, reserved 1179648K
  class space    used 9183K, committed 9984K, reserved 1048576K
}
Event: 650.477 GC heap after
{Heap after GC invocations=1283 (full 4):
 PSYoungGen      total 5120K, used 704K [0x00000000d5580000, 0x00000000d5c80000, 0x0000000100000000)
  eden space 3072K, 0% used [0x00000000d5580000,0x00000000d5580000,0x00000000d5880000)
  from space 2048K, 34% used [0x00000000d5880000,0x00000000d5930000,0x00000000d5a80000)
  to   space 1536K, 0% used [0x00000000d5b00000,0x00000000d5b00000,0x00000000d5c80000)
 ParOldGen       total 683008K, used 682771K [0x0000000080000000, 0x00000000a9b00000, 0x00000000d5580000)
  object space 683008K, 99% used [0x0000000080000000,0x00000000a9ac4e18,0x00000000a9b00000)
 Metaspace       used 87933K, committed 89728K, reserved 1179648K
  class space    used 9183K, committed 9984K, reserved 1048576K
}
Event: 650.486 GC heap before
{Heap before GC invocations=1284 (full 4):
 PSYoungGen      total 5120K, used 3775K [0x00000000d5580000, 0x00000000d5c80000, 0x0000000100000000)
  eden space 3072K, 99% used [0x00000000d5580000,0x00000000d587fff8,0x00000000d5880000)
  from space 2048K, 34% used [0x00000000d5880000,0x00000000d5930000,0x00000000d5a80000)
  to   space 1536K, 0% used [0x00000000d5b00000,0x00000000d5b00000,0x00000000d5c80000)
 ParOldGen       total 683008K, used 682771K [0x0000000080000000, 0x00000000a9b00000, 0x00000000d5580000)
  object space 683008K, 99% used [0x0000000080000000,0x00000000a9ac4e18,0x00000000a9b00000)
 Metaspace       used 87933K, committed 89728K, reserved 1179648K
  class space    used 9183K, committed 9984K, reserved 1048576K
}
Event: 650.489 GC heap after
{Heap after GC invocations=1284 (full 4):
 PSYoungGen      total 4096K, used 1516K [0x00000000d5580000, 0x00000000d5f80000, 0x0000000100000000)
  eden space 2560K, 0% used [0x00000000d5580000,0x00000000d5580000,0x00000000d5800000)
  from space 1536K, 98% used [0x00000000d5b00000,0x00000000d5c7b110,0x00000000d5c80000)
  to   space 3072K, 0% used [0x00000000d5800000,0x00000000d5800000,0x00000000d5b00000)
 ParOldGen       total 684032K, used 683691K [0x0000000080000000, 0x00000000a9c00000, 0x00000000d5580000)
  object space 684032K, 99% used [0x0000000080000000,0x00000000a9baae18,0x00000000a9c00000)
 Metaspace       used 87933K, committed 89728K, reserved 1179648K
  class space    used 9183K, committed 9984K, reserved 1048576K
}
Event: 650.492 GC heap before
{Heap before GC invocations=1285 (full 4):
 PSYoungGen      total 4096K, used 4076K [0x00000000d5580000, 0x00000000d5f80000, 0x0000000100000000)
  eden space 2560K, 100% used [0x00000000d5580000,0x00000000d5800000,0x00000000d5800000)
  from space 1536K, 98% used [0x00000000d5b00000,0x00000000d5c7b110,0x00000000d5c80000)
  to   space 3072K, 0% used [0x00000000d5800000,0x00000000d5800000,0x00000000d5b00000)
 ParOldGen       total 684032K, used 683691K [0x0000000080000000, 0x00000000a9c00000, 0x00000000d5580000)
  object space 684032K, 99% used [0x0000000080000000,0x00000000a9baae18,0x00000000a9c00000)
 Metaspace       used 87933K, committed 89728K, reserved 1179648K
  class space    used 9183K, committed 9984K, reserved 1048576K
}
Event: 650.495 GC heap after
{Heap after GC invocations=1285 (full 4):
 PSYoungGen      total 4096K, used 1161K [0x00000000d5580000, 0x00000000d5c80000, 0x0000000100000000)
  eden space 2560K, 0% used [0x00000000d5580000,0x00000000d5580000,0x00000000d5800000)
  from space 1536K, 75% used [0x00000000d5800000,0x00000000d5922400,0x00000000d5980000)
  to   space 2048K, 0% used [0x00000000d5a80000,0x00000000d5a80000,0x00000000d5c80000)
 ParOldGen       total 685568K, used 685239K [0x0000000080000000, 0x00000000a9d80000, 0x00000000d5580000)
  object space 685568K, 99% used [0x0000000080000000,0x00000000a9d2df28,0x00000000a9d80000)
 Metaspace       used 87933K, committed 89728K, reserved 1179648K
  class space    used 9183K, committed 9984K, reserved 1048576K
}
Event: 650.501 GC heap before
{Heap before GC invocations=1286 (full 4):
 PSYoungGen      total 4096K, used 3721K [0x00000000d5580000, 0x00000000d5c80000, 0x0000000100000000)
  eden space 2560K, 100% used [0x00000000d5580000,0x00000000d5800000,0x00000000d5800000)
  from space 1536K, 75% used [0x00000000d5800000,0x00000000d5922400,0x00000000d5980000)
  to   space 2048K, 0% used [0x00000000d5a80000,0x00000000d5a80000,0x00000000d5c80000)
 ParOldGen       total 685568K, used 685239K [0x0000000080000000, 0x00000000a9d80000, 0x00000000d5580000)
  object space 685568K, 99% used [0x0000000080000000,0x00000000a9d2df28,0x00000000a9d80000)
 Metaspace       used 87933K, committed 89728K, reserved 1179648K
  class space    used 9183K, committed 9984K, reserved 1048576K
}
Event: 650.503 GC heap after
{Heap after GC invocations=1286 (full 4):
 PSYoungGen      total 4096K, used 704K [0x00000000d5580000, 0x00000000d5b80000, 0x0000000100000000)
  eden space 3072K, 0% used [0x00000000d5580000,0x00000000d5580000,0x00000000d5880000)
  from space 1024K, 68% used [0x00000000d5a80000,0x00000000d5b30000,0x00000000d5b80000)
  to   space 1024K, 0% used [0x00000000d5980000,0x00000000d5980000,0x00000000d5a80000)
 ParOldGen       total 686592K, used 686312K [0x0000000080000000, 0x00000000a9e80000, 0x00000000d5580000)
  object space 686592K, 99% used [0x0000000080000000,0x00000000a9e3a328,0x00000000a9e80000)
 Metaspace       used 87933K, committed 89728K, reserved 1179648K
  class space    used 9183K, committed 9984K, reserved 1048576K
}
Event: 650.509 GC heap before
{Heap before GC invocations=1287 (full 4):
 PSYoungGen      total 4096K, used 3776K [0x00000000d5580000, 0x00000000d5b80000, 0x0000000100000000)
  eden space 3072K, 100% used [0x00000000d5580000,0x00000000d5880000,0x00000000d5880000)
  from space 1024K, 68% used [0x00000000d5a80000,0x00000000d5b30000,0x00000000d5b80000)
  to   space 1024K, 0% used [0x00000000d5980000,0x00000000d5980000,0x00000000d5a80000)
 ParOldGen       total 686592K, used 686312K [0x0000000080000000, 0x00000000a9e80000, 0x00000000d5580000)
  object space 686592K, 99% used [0x0000000080000000,0x00000000a9e3a328,0x00000000a9e80000)
 Metaspace       used 87933K, committed 89728K, reserved 1179648K
  class space    used 9183K, committed 9984K, reserved 1048576K
}
Event: 650.513 GC heap after
{Heap after GC invocations=1287 (full 4):
 PSYoungGen      total 5120K, used 1012K [0x00000000d5580000, 0x00000000d5d80000, 0x0000000100000000)
  eden space 4096K, 0% used [0x00000000d5580000,0x00000000d5580000,0x00000000d5980000)
  from space 1024K, 98% used [0x00000000d5980000,0x00000000d5a7d200,0x00000000d5a80000)
  to   space 2048K, 0% used [0x00000000d5b80000,0x00000000d5b80000,0x00000000d5d80000)
 ParOldGen       total 687104K, used 687014K [0x0000000080000000, 0x00000000a9f00000, 0x00000000d5580000)
  object space 687104K, 99% used [0x0000000080000000,0x00000000a9ee99c8,0x00000000a9f00000)
 Metaspace       used 87933K, committed 89728K, reserved 1179648K
  class space    used 9183K, committed 9984K, reserved 1048576K
}
Event: 650.520 GC heap before
{Heap before GC invocations=1288 (full 4):
 PSYoungGen      total 5120K, used 5108K [0x00000000d5580000, 0x00000000d5d80000, 0x0000000100000000)
  eden space 4096K, 99% used [0x00000000d5580000,0x00000000d597ffd8,0x00000000d5980000)
  from space 1024K, 98% used [0x00000000d5980000,0x00000000d5a7d200,0x00000000d5a80000)
  to   space 2048K, 0% used [0x00000000d5b80000,0x00000000d5b80000,0x00000000d5d80000)
 ParOldGen       total 687104K, used 687014K [0x0000000080000000, 0x00000000a9f00000, 0x00000000d5580000)
  object space 687104K, 99% used [0x0000000080000000,0x00000000a9ee99c8,0x00000000a9f00000)
 Metaspace       used 87933K, committed 89728K, reserved 1179648K
  class space    used 9183K, committed 9984K, reserved 1048576K
}
Event: 650.523 GC heap after
{Heap after GC invocations=1288 (full 4):
 PSYoungGen      total 6656K, used 1430K [0x00000000d5580000, 0x00000000d5d80000, 0x0000000100000000)
  eden space 4608K, 0% used [0x00000000d5580000,0x00000000d5580000,0x00000000d5a00000)
  from space 2048K, 69% used [0x00000000d5b80000,0x00000000d5ce5800,0x00000000d5d80000)
  to   space 1536K, 0% used [0x00000000d5a00000,0x00000000d5a00000,0x00000000d5b80000)
 ParOldGen       total 688128K, used 687990K [0x0000000080000000, 0x00000000aa000000, 0x00000000d5580000)
  object space 688128K, 99% used [0x0000000080000000,0x00000000a9fdd9c8,0x00000000aa000000)
 Metaspace       used 87933K, committed 89728K, reserved 1179648K
  class space    used 9183K, committed 9984K, reserved 1048576K
}
Event: 650.544 GC heap before
{Heap before GC invocations=1289 (full 4):
 PSYoungGen      total 6656K, used 6038K [0x00000000d5580000, 0x00000000d5d80000, 0x0000000100000000)
  eden space 4608K, 100% used [0x00000000d5580000,0x00000000d5a00000,0x00000000d5a00000)
  from space 2048K, 69% used [0x00000000d5b80000,0x00000000d5ce5800,0x00000000d5d80000)
  to   space 1536K, 0% used [0x00000000d5a00000,0x00000000d5a00000,0x00000000d5b80000)
 ParOldGen       total 688128K, used 687990K [0x0000000080000000, 0x00000000aa000000, 0x00000000d5580000)
  object space 688128K, 99% used [0x0000000080000000,0x00000000a9fdd9c8,0x00000000aa000000)
 Metaspace       used 87933K, committed 89728K, reserved 1179648K
  class space    used 9183K, committed 9984K, reserved 1048576K
}
Event: 650.547 GC heap after
{Heap after GC invocations=1289 (full 4):
 PSYoungGen      total 6144K, used 638K [0x00000000d5580000, 0x00000000d5d00000, 0x0000000100000000)
  eden space 4608K, 0% used [0x00000000d5580000,0x00000000d5580000,0x00000000d5a00000)
  from space 1536K, 41% used [0x00000000d5a00000,0x00000000d5a9fbc0,0x00000000d5b80000)
  to   space 1024K, 0% used [0x00000000d5c00000,0x00000000d5c00000,0x00000000d5d00000)
 ParOldGen       total 689152K, used 689130K [0x0000000080000000, 0x00000000aa100000, 0x00000000d5580000)
  object space 689152K, 99% used [0x0000000080000000,0x00000000aa0fa9c8,0x00000000aa100000)
 Metaspace       used 87933K, committed 89728K, reserved 1179648K
  class space    used 9183K, committed 9984K, reserved 1048576K
}
Event: 650.708 GC heap before
{Heap before GC invocations=1290 (full 4):
 PSYoungGen      total 6144K, used 5246K [0x00000000d5580000, 0x00000000d5d00000, 0x0000000100000000)
  eden space 4608K, 100% used [0x00000000d5580000,0x00000000d5a00000,0x00000000d5a00000)
  from space 1536K, 41% used [0x00000000d5a00000,0x00000000d5a9fbc0,0x00000000d5b80000)
  to   space 1024K, 0% used [0x00000000d5c00000,0x00000000d5c00000,0x00000000d5d00000)
 ParOldGen       total 689152K, used 689130K [0x0000000080000000, 0x00000000aa100000, 0x00000000d5580000)
  object space 689152K, 99% used [0x0000000080000000,0x00000000aa0fa9c8,0x00000000aa100000)
 Metaspace       used 87937K, committed 89728K, reserved 1179648K
  class space    used 9184K, committed 9984K, reserved 1048576K
}
Event: 650.712 GC heap after
{Heap after GC invocations=1290 (full 4):
 PSYoungGen      total 6656K, used 864K [0x00000000d5580000, 0x00000000d5d00000, 0x0000000100000000)
  eden space 5632K, 0% used [0x00000000d5580000,0x00000000d5580000,0x00000000d5b00000)
  from space 1024K, 84% used [0x00000000d5c00000,0x00000000d5cd8000,0x00000000d5d00000)
  to   space 1024K, 0% used [0x00000000d5b00000,0x00000000d5b00000,0x00000000d5c00000)
 ParOldGen       total 689664K, used 689602K [0x0000000080000000, 0x00000000aa180000, 0x00000000d5580000)
  object space 689664K, 99% used [0x0000000080000000,0x00000000aa1709c8,0x00000000aa180000)
 Metaspace       used 87937K, committed 89728K, reserved 1179648K
  class space    used 9184K, committed 9984K, reserved 1048576K
}

Dll operation events (20 events):
Event: 0.609 Attempting to load shared library C:\Users\ceaser\.antigravity-ide\extensions\redhat.java-1.56.0-win32-x64\jre\21.0.12.1-win32-x86_64\bin\instrument.dll
Event: 0.609 Loaded shared library C:\Users\ceaser\.antigravity-ide\extensions\redhat.java-1.56.0-win32-x64\jre\21.0.12.1-win32-x86_64\bin\instrument.dll
Event: 0.616 Attempting to load shared library C:\Users\ceaser\.antigravity-ide\extensions\redhat.java-1.56.0-win32-x64\jre\21.0.12.1-win32-x86_64\bin\net.dll
Event: 0.618 Loaded shared library C:\Users\ceaser\.antigravity-ide\extensions\redhat.java-1.56.0-win32-x64\jre\21.0.12.1-win32-x86_64\bin\net.dll
Event: 0.620 Attempting to load shared library C:\Users\ceaser\.antigravity-ide\extensions\redhat.java-1.56.0-win32-x64\jre\21.0.12.1-win32-x86_64\bin\nio.dll
Event: 0.621 Loaded shared library C:\Users\ceaser\.antigravity-ide\extensions\redhat.java-1.56.0-win32-x64\jre\21.0.12.1-win32-x86_64\bin\nio.dll
Event: 0.630 Attempting to load shared library C:\Users\ceaser\.antigravity-ide\extensions\redhat.java-1.56.0-win32-x64\jre\21.0.12.1-win32-x86_64\bin\zip.dll
Event: 0.630 Loaded shared library C:\Users\ceaser\.antigravity-ide\extensions\redhat.java-1.56.0-win32-x64\jre\21.0.12.1-win32-x86_64\bin\zip.dll
Event: 0.679 Attempting to load shared library C:\Users\ceaser\.antigravity-ide\extensions\redhat.java-1.56.0-win32-x64\jre\21.0.12.1-win32-x86_64\bin\jimage.dll
Event: 0.679 Loaded shared library C:\Users\ceaser\.antigravity-ide\extensions\redhat.java-1.56.0-win32-x64\jre\21.0.12.1-win32-x86_64\bin\jimage.dll
Event: 1.043 Attempting to load shared library c:\Users\ceaser\.antigravity-ide\extensions\redhat.java-1.56.0-win32-x64\jre\21.0.12.1-win32-x86_64\bin\verify.dll
Event: 1.044 Loaded shared library c:\Users\ceaser\.antigravity-ide\extensions\redhat.java-1.56.0-win32-x64\jre\21.0.12.1-win32-x86_64\bin\verify.dll
Event: 8.585 Attempting to load shared library C:\Users\ceaser\AppData\Roaming\Antigravity IDE\User\globalStorage\redhat.java\1.56.0\config_win\org.eclipse.equinox.launcher\org.eclipse.equinox.launcher.win32.win32.x86_64_1.3.100.v20260804-1928\eclipse_11924.dll
Event: 8.590 Loaded shared library C:\Users\ceaser\AppData\Roaming\Antigravity IDE\User\globalStorage\redhat.java\1.56.0\config_win\org.eclipse.equinox.launcher\org.eclipse.equinox.launcher.win32.win32.x86_64_1.3.100.v20260804-1928\eclipse_11924.dll
Event: 26.490 Attempting to load shared library C:\Users\ceaser\AppData\Local\Temp\jna--1364402239\jna16489048402020241353.dll
Event: 26.493 Loaded shared library C:\Users\ceaser\AppData\Local\Temp\jna--1364402239\jna16489048402020241353.dll
Event: 29.928 Attempting to load shared library C:\Users\ceaser\.antigravity-ide\extensions\redhat.java-1.56.0-win32-x64\jre\21.0.12.1-win32-x86_64\bin\sunmscapi.dll
Event: 29.933 Loaded shared library C:\Users\ceaser\.antigravity-ide\extensions\redhat.java-1.56.0-win32-x64\jre\21.0.12.1-win32-x86_64\bin\sunmscapi.dll
Event: 30.543 Attempting to load shared library C:\Users\ceaser\.antigravity-ide\extensions\redhat.java-1.56.0-win32-x64\jre\21.0.12.1-win32-x86_64\bin\extnet.dll
Event: 30.547 Loaded shared library C:\Users\ceaser\.antigravity-ide\extensions\redhat.java-1.56.0-win32-x64\jre\21.0.12.1-win32-x86_64\bin\extnet.dll

Deoptimization events (20 events):
Event: 650.465 Thread 0x0000024b19d06210 DEOPT PACKING pc=0x0000024ac4fd5838 sp=0x000000bbf15fda60
Event: 650.465 Thread 0x0000024b19d06210 DEOPT UNPACKING pc=0x0000024ac4043aa2 sp=0x000000bbf15fda18 mode 2
Event: 650.466 Thread 0x0000024b19d06210 Uncommon trap: trap_request=0xffffff45 fr.pc=0x0000024ac548d724 relative=0x00000000000005e4
Event: 650.466 Thread 0x0000024b19d06210 Uncommon trap: reason=unstable_if action=reinterpret pc=0x0000024ac548d724 method=org.eclipse.jdt.core.compiler.CharOperation.camelCaseMatch([CII[CIIZ)Z @ 30 c2
Event: 650.466 Thread 0x0000024b19d06210 DEOPT PACKING pc=0x0000024ac548d724 sp=0x000000bbf15fde50
Event: 650.466 Thread 0x0000024b19d06210 DEOPT UNPACKING pc=0x0000024ac4043aa2 sp=0x000000bbf15fdde0 mode 2
Event: 650.633 Thread 0x0000024b19d06210 Uncommon trap: trap_request=0xffffffe4 fr.pc=0x0000024ac54fc1f0 relative=0x0000000000000d90
Event: 650.633 Thread 0x0000024b19d06210 Uncommon trap: reason=range_check action=make_not_entrant pc=0x0000024ac54fc1f0 method=org.eclipse.jdt.internal.compiler.parser.Scanner.internalScanIdentifierOrKeyword(II[C)Lorg/eclipse/jdt/internal/compiler/parser/TerminalToken; @ 3013 c2
Event: 650.633 Thread 0x0000024b19d06210 DEOPT PACKING pc=0x0000024ac54fc1f0 sp=0x000000bbf15fd620
Event: 650.633 Thread 0x0000024b19d06210 DEOPT UNPACKING pc=0x0000024ac4043aa2 sp=0x000000bbf15fd5b0 mode 2
Event: 650.703 Thread 0x0000024b19d06210 DEOPT PACKING pc=0x0000024abefb5096 sp=0x000000bbf15fdf70
Event: 650.703 Thread 0x0000024b19d06210 DEOPT UNPACKING pc=0x0000024ac4044242 sp=0x000000bbf15fd3c8 mode 0
Event: 650.706 Thread 0x0000024b19d06210 DEOPT PACKING pc=0x0000024abefb5096 sp=0x000000bbf15fdf70
Event: 650.706 Thread 0x0000024b19d06210 DEOPT UNPACKING pc=0x0000024ac4044242 sp=0x000000bbf15fd3c8 mode 0
Event: 650.714 Thread 0x0000024b19d06210 DEOPT PACKING pc=0x0000024abefb5096 sp=0x000000bbf15fdf70
Event: 650.714 Thread 0x0000024b19d06210 DEOPT UNPACKING pc=0x0000024ac4044242 sp=0x000000bbf15fd3c8 mode 0
Event: 650.717 Thread 0x0000024b19d06210 DEOPT PACKING pc=0x0000024abefb5096 sp=0x000000bbf15fdf70
Event: 650.717 Thread 0x0000024b19d06210 DEOPT UNPACKING pc=0x0000024ac4044242 sp=0x000000bbf15fd3c8 mode 0
Event: 650.720 Thread 0x0000024b19d06210 DEOPT PACKING pc=0x0000024abefb5096 sp=0x000000bbf15fdf70
Event: 650.720 Thread 0x0000024b19d06210 DEOPT UNPACKING pc=0x0000024ac4044242 sp=0x000000bbf15fd3c8 mode 0

Classes loaded (20 events):
Event: 128.143 Loading class java/util/regex/Pattern$Bound
Event: 128.144 Loading class java/util/regex/Pattern$Bound done
Event: 165.014 Loading class java/lang/StringLatin1$CharsSpliterator
Event: 165.015 Loading class java/lang/StringLatin1$CharsSpliterator done
Event: 336.513 Loading class java/util/stream/Nodes$CollectorTask$OfRef
Event: 336.514 Loading class java/util/stream/Nodes$CollectorTask
Event: 336.515 Loading class java/util/stream/Nodes$CollectorTask done
Event: 336.515 Loading class java/util/stream/Nodes$CollectorTask$OfRef done
Event: 336.554 Loading class java/util/function/LongFunction
Event: 336.554 Loading class java/util/function/LongFunction done
Event: 336.554 Loading class java/util/stream/Nodes$ConcNode
Event: 336.555 Loading class java/util/stream/Nodes$AbstractConcNode
Event: 336.556 Loading class java/util/stream/Nodes$AbstractConcNode done
Event: 336.556 Loading class java/util/stream/Nodes$ConcNode done
Event: 336.592 Loading class java/io/ObjectOutputStream$BlockDataOutputStream
Event: 336.594 Loading class java/io/ObjectOutputStream$BlockDataOutputStream done
Event: 336.594 Loading class java/io/ObjectOutputStream$HandleTable
Event: 336.594 Loading class java/io/ObjectOutputStream$HandleTable done
Event: 336.594 Loading class java/io/ObjectOutputStream$ReplaceTable
Event: 336.596 Loading class java/io/ObjectOutputStream$ReplaceTable done

Classes unloaded (7 events):
Event: 27.557 Thread 0x0000024ad0302880 Unloading class 0x0000024ad21a5000 'java/lang/invoke/LambdaForm$MH+0x0000024ad21a5000'
Event: 27.557 Thread 0x0000024ad0302880 Unloading class 0x0000024ad21a4c00 'java/lang/invoke/LambdaForm$MH+0x0000024ad21a4c00'
Event: 27.557 Thread 0x0000024ad0302880 Unloading class 0x0000024ad21a4800 'java/lang/invoke/LambdaForm$MH+0x0000024ad21a4800'
Event: 27.557 Thread 0x0000024ad0302880 Unloading class 0x0000024ad21a4400 'java/lang/invoke/LambdaForm$MH+0x0000024ad21a4400'
Event: 27.557 Thread 0x0000024ad0302880 Unloading class 0x0000024ad21a4000 'java/lang/invoke/LambdaForm$BMH+0x0000024ad21a4000'
Event: 27.557 Thread 0x0000024ad0302880 Unloading class 0x0000024ad21a3c00 'java/lang/invoke/LambdaForm$DMH+0x0000024ad21a3c00'
Event: 27.557 Thread 0x0000024ad0302880 Unloading class 0x0000024ad21a2800 'java/lang/invoke/LambdaForm$DMH+0x0000024ad21a2800'

Classes redefined (0 events):
No events

Internal exceptions (20 events):
Event: 635.667 Thread 0x0000024b17ec0ba0 Exception <a 'sun/nio/fs/WindowsException'{0x00000000d56cfa48}> (0x00000000d56cfa48) 
thrown [s\src\hotspot\share\prims\jni.cpp, line 520]
Event: 635.676 Thread 0x0000024b198381d0 Implicit null exception at 0x0000024ac5268de8 to 0x0000024ac526bea0
Event: 643.560 Thread 0x0000024b1f21d3a0 Exception <a 'java/lang/ArrayIndexOutOfBoundsException'{0x00000000d574bf00}> (0x00000000d574bf00) 
thrown [s\src\hotspot\share\runtime\sharedRuntime.cpp, line 625]
Event: 643.560 Thread 0x0000024b1f21d3a0 Exception <a 'java/lang/ArrayIndexOutOfBoundsException'{0x00000000d574c7c0}> (0x00000000d574c7c0) 
thrown [s\src\hotspot\share\runtime\sharedRuntime.cpp, line 625]
Event: 643.560 Thread 0x0000024b1f21d3a0 Exception <a 'java/lang/ArrayIndexOutOfBoundsException'{0x00000000d574cb68}> (0x00000000d574cb68) 
thrown [s\src\hotspot\share\runtime\sharedRuntime.cpp, line 625]
Event: 643.653 Thread 0x0000024b19d06210 Exception <a 'java/lang/ArrayIndexOutOfBoundsException'{0x00000000d55e51f0}> (0x00000000d55e51f0) 
thrown [s\src\hotspot\share\runtime\sharedRuntime.cpp, line 625]
Event: 643.653 Thread 0x0000024b19d06210 Exception <a 'java/lang/ArrayIndexOutOfBoundsException'{0x00000000d55e5848}> (0x00000000d55e5848) 
thrown [s\src\hotspot\share\runtime\sharedRuntime.cpp, line 625]
Event: 643.653 Thread 0x0000024b19d06210 Exception <a 'java/lang/ArrayIndexOutOfBoundsException'{0x00000000d55e5bf0}> (0x00000000d55e5bf0) 
thrown [s\src\hotspot\share\runtime\sharedRuntime.cpp, line 625]
Event: 644.132 Thread 0x0000024b17ec0ba0 Exception <a 'sun/nio/fs/WindowsException'{0x00000000d5605630}> (0x00000000d5605630) 
thrown [s\src\hotspot\share\prims\jni.cpp, line 520]
Event: 644.276 Thread 0x0000024b1f21d3a0 Exception <a 'java/lang/ArrayIndexOutOfBoundsException'{0x00000000d559a068}> (0x00000000d559a068) 
thrown [s\src\hotspot\share\runtime\sharedRuntime.cpp, line 625]
Event: 644.276 Thread 0x0000024b1f21d3a0 Exception <a 'java/lang/ArrayIndexOutOfBoundsException'{0x00000000d559a6c0}> (0x00000000d559a6c0) 
thrown [s\src\hotspot\share\runtime\sharedRuntime.cpp, line 625]
Event: 644.276 Thread 0x0000024b1f21d3a0 Exception <a 'java/lang/ArrayIndexOutOfBoundsException'{0x00000000d559aa68}> (0x00000000d559aa68) 
thrown [s\src\hotspot\share\runtime\sharedRuntime.cpp, line 625]
Event: 644.647 Thread 0x0000024b17ec0ba0 Exception <a 'sun/nio/fs/WindowsException'{0x00000000d55c0688}> (0x00000000d55c0688) 
thrown [s\src\hotspot\share\prims\jni.cpp, line 520]
Event: 646.430 Thread 0x0000024b17ec0ba0 Exception <a 'sun/nio/fs/WindowsException'{0x00000000d57faef0}> (0x00000000d57faef0) 
thrown [s\src\hotspot\share\prims\jni.cpp, line 520]
Event: 646.805 Thread 0x0000024b17ec0ba0 Exception <a 'sun/nio/fs/WindowsException'{0x00000000d56e9d28}> (0x00000000d56e9d28) 
thrown [s\src\hotspot\share\prims\jni.cpp, line 520]
Event: 649.587 Thread 0x0000024b17ec0ba0 Exception <a 'sun/nio/fs/WindowsException'{0x00000000d5642c48}> (0x00000000d5642c48) 
thrown [s\src\hotspot\share\prims\jni.cpp, line 520]
Event: 649.976 Thread 0x0000024b17ec0ba0 Exception <a 'sun/nio/fs/WindowsException'{0x00000000d56d05a0}> (0x00000000d56d05a0) 
thrown [s\src\hotspot\share\prims\jni.cpp, line 520]
Event: 650.447 Thread 0x0000024b19d06210 Exception <a 'java/lang/ArrayIndexOutOfBoundsException'{0x00000000d57e99c8}> (0x00000000d57e99c8) 
thrown [s\src\hotspot\share\runtime\sharedRuntime.cpp, line 625]
Event: 650.447 Thread 0x0000024b19d06210 Exception <a 'java/lang/ArrayIndexOutOfBoundsException'{0x00000000d57ea020}> (0x00000000d57ea020) 
thrown [s\src\hotspot\share\runtime\sharedRuntime.cpp, line 625]
Event: 650.447 Thread 0x0000024b19d06210 Exception <a 'java/lang/ArrayIndexOutOfBoundsException'{0x00000000d57ea640}> (0x00000000d57ea640) 
thrown [s\src\hotspot\share\runtime\sharedRuntime.cpp, line 625]

ZGC Phase Switch (0 events):
No events

VM Operations (20 events):
Event: 649.934 Executing safepoint VM operation: ParallelGCFailedAllocation (Allocation Failure)
Event: 649.938 Executing safepoint VM operation: ParallelGCFailedAllocation (Allocation Failure) done
Event: 650.449 Executing safepoint VM operation: ParallelGCFailedAllocation (Allocation Failure)
Event: 650.454 Executing safepoint VM operation: ParallelGCFailedAllocation (Allocation Failure) done
Event: 650.472 Executing safepoint VM operation: ParallelGCFailedAllocation (Allocation Failure)
Event: 650.477 Executing safepoint VM operation: ParallelGCFailedAllocation (Allocation Failure) done
Event: 650.486 Executing safepoint VM operation: ParallelGCFailedAllocation (Allocation Failure)
Event: 650.489 Executing safepoint VM operation: ParallelGCFailedAllocation (Allocation Failure) done
Event: 650.492 Executing safepoint VM operation: ParallelGCFailedAllocation (Allocation Failure)
Event: 650.495 Executing safepoint VM operation: ParallelGCFailedAllocation (Allocation Failure) done
Event: 650.501 Executing safepoint VM operation: ParallelGCFailedAllocation (Allocation Failure)
Event: 650.503 Executing safepoint VM operation: ParallelGCFailedAllocation (Allocation Failure) done
Event: 650.509 Executing safepoint VM operation: ParallelGCFailedAllocation (Allocation Failure)
Event: 650.513 Executing safepoint VM operation: ParallelGCFailedAllocation (Allocation Failure) done
Event: 650.519 Executing safepoint VM operation: ParallelGCFailedAllocation (Allocation Failure)
Event: 650.523 Executing safepoint VM operation: ParallelGCFailedAllocation (Allocation Failure) done
Event: 650.544 Executing safepoint VM operation: ParallelGCFailedAllocation (Allocation Failure)
Event: 650.547 Executing safepoint VM operation: ParallelGCFailedAllocation (Allocation Failure) done
Event: 650.708 Executing safepoint VM operation: ParallelGCFailedAllocation (Allocation Failure)
Event: 650.712 Executing safepoint VM operation: ParallelGCFailedAllocation (Allocation Failure) done

Memory protections (0 events):
No events

Nmethod flushes (20 events):
Event: 116.616 Thread 0x0000024ad0302880 flushing  nmethod 0x0000024abd8f4890
Event: 116.616 Thread 0x0000024ad0302880 flushing  nmethod 0x0000024abd8f5090
Event: 116.616 Thread 0x0000024ad0302880 flushing  nmethod 0x0000024abd8f5e90
Event: 116.616 Thread 0x0000024ad0302880 flushing  nmethod 0x0000024abd8f8e10
Event: 116.616 Thread 0x0000024ad0302880 flushing  nmethod 0x0000024abd8fac90
Event: 116.616 Thread 0x0000024ad0302880 flushing  nmethod 0x0000024abd8fe610
Event: 116.616 Thread 0x0000024ad0302880 flushing  nmethod 0x0000024abd8ff810
Event: 116.616 Thread 0x0000024ad0302880 flushing  nmethod 0x0000024abd900890
Event: 116.616 Thread 0x0000024ad0302880 flushing  nmethod 0x0000024abd900c90
Event: 116.616 Thread 0x0000024ad0302880 flushing  nmethod 0x0000024abd901090
Event: 116.616 Thread 0x0000024ad0302880 flushing  nmethod 0x0000024abd901910
Event: 116.616 Thread 0x0000024ad0302880 flushing  nmethod 0x0000024abd902e10
Event: 116.616 Thread 0x0000024ad0302880 flushing  nmethod 0x0000024abd904410
Event: 116.616 Thread 0x0000024ad0302880 flushing  nmethod 0x0000024abd906010
Event: 116.616 Thread 0x0000024ad0302880 flushing  nmethod 0x0000024abd912f10
Event: 116.616 Thread 0x0000024ad0302880 flushing  nmethod 0x0000024abd913d90
Event: 116.616 Thread 0x0000024ad0302880 flushing  nmethod 0x0000024abd914410
Event: 116.616 Thread 0x0000024ad0302880 flushing  nmethod 0x0000024abd916010
Event: 116.616 Thread 0x0000024ad0302880 flushing  nmethod 0x0000024abd952f10
Event: 116.616 Thread 0x0000024ad0302880 flushing  nmethod 0x0000024abd961210

Events (20 events):
Event: 630.547 Thread 0x0000024b19d019e0 Thread added: 0x0000024b19832c80
Event: 630.740 Thread 0x0000024b20c5c7f0 Thread exited: 0x0000024b20c5c7f0
Event: 632.253 Thread 0x0000024b19d06210 Thread added: 0x0000024b198381d0
Event: 633.287 Thread 0x0000024b1702e8a0 Thread added: 0x0000024b20511010
Event: 634.396 Thread 0x0000024b19d01350 Thread added: 0x0000024b198346c0
Event: 634.541 Thread 0x0000024b1f221540 Thread added: 0x0000024b19833310
Event: 635.669 Thread 0x0000024b20511010 Thread exited: 0x0000024b20511010
Event: 636.551 Thread 0x0000024b19d019e0 Thread added: 0x0000024b19831240
Event: 636.619 Thread 0x0000024b1702e8a0 Thread added: 0x0000024b20511010
Event: 637.086 Thread 0x0000024b20511010 Thread exited: 0x0000024b20511010
Event: 637.585 Thread 0x0000024b1702e8a0 Thread added: 0x0000024b20511010
Event: 638.044 Thread 0x0000024b20511010 Thread exited: 0x0000024b20511010
Event: 638.064 Thread 0x0000024b1702e8a0 Thread added: 0x0000024b20511010
Event: 639.505 Thread 0x0000024b20511010 Thread exited: 0x0000024b20511010
Event: 643.616 Thread 0x0000024b1702e8a0 Thread added: 0x0000024b20911010
Event: 644.103 Thread 0x0000024b20911010 Thread exited: 0x0000024b20911010
Event: 644.242 Thread 0x0000024b198346c0 Thread added: 0x0000024b19834d50
Event: 644.299 Thread 0x0000024b1702e8a0 Thread added: 0x0000024b20911010
Event: 645.861 Thread 0x0000024b20911010 Thread exited: 0x0000024b20911010
Event: 650.697 Thread 0x0000024ad032f570 Thread added: 0x0000024b2089c010


Dynamic libraries:
0x00007ff7b9c20000 - 0x00007ff7b9c2e000 	c:\Users\ceaser\.antigravity-ide\extensions\redhat.java-1.56.0-win32-x64\jre\21.0.12.1-win32-x86_64\bin\java.exe
0x00007ffc9f290000 - 0x00007ffc9f488000 	C:\Windows\SYSTEM32\ntdll.dll
0x00007ffc9ea20000 - 0x00007ffc9eae2000 	C:\Windows\System32\KERNEL32.DLL
0x00007ffc9cbd0000 - 0x00007ffc9cec6000 	C:\Windows\System32\KERNELBASE.dll
0x00007ffc9ca40000 - 0x00007ffc9cb40000 	C:\Windows\System32\ucrtbase.dll
0x00007ffc8ab20000 - 0x00007ffc8ab38000 	c:\Users\ceaser\.antigravity-ide\extensions\redhat.java-1.56.0-win32-x64\jre\21.0.12.1-win32-x86_64\bin\jli.dll
0x00007ffc9daf0000 - 0x00007ffc9dc91000 	C:\Windows\System32\USER32.dll
0x00007ffc9ced0000 - 0x00007ffc9cef2000 	C:\Windows\System32\win32u.dll
0x00007ffc9eb50000 - 0x00007ffc9eb7b000 	C:\Windows\System32\GDI32.dll
0x00007ffc9c920000 - 0x00007ffc9ca39000 	C:\Windows\System32\gdi32full.dll
0x00007ffc9d1e0000 - 0x00007ffc9d27d000 	C:\Windows\System32\msvcp_win.dll
0x00007ffc817a0000 - 0x00007ffc817be000 	c:\Users\ceaser\.antigravity-ide\extensions\redhat.java-1.56.0-win32-x64\jre\21.0.12.1-win32-x86_64\bin\VCRUNTIME140.dll
0x00007ffc81f00000 - 0x00007ffc8219b000 	C:\Windows\WinSxS\amd64_microsoft.windows.common-controls_6595b64144ccf1df_6.0.19041.6456_none_60b8a6cb71f64256\COMCTL32.dll
0x00007ffc9d2b0000 - 0x00007ffc9d34e000 	C:\Windows\System32\msvcrt.dll
0x00007ffc9dac0000 - 0x00007ffc9daef000 	C:\Windows\System32\IMM32.DLL
0x00007ffc93830000 - 0x00007ffc9383c000 	c:\Users\ceaser\.antigravity-ide\extensions\redhat.java-1.56.0-win32-x64\jre\21.0.12.1-win32-x86_64\bin\vcruntime140_1.dll
0x00007ffc7fb40000 - 0x00007ffc7fbcd000 	c:\Users\ceaser\.antigravity-ide\extensions\redhat.java-1.56.0-win32-x64\jre\21.0.12.1-win32-x86_64\bin\msvcp140.dll
0x00007ffc47d20000 - 0x00007ffc48ac2000 	c:\Users\ceaser\.antigravity-ide\extensions\redhat.java-1.56.0-win32-x64\jre\21.0.12.1-win32-x86_64\bin\server\jvm.dll
0x00007ffc9e7d0000 - 0x00007ffc9e881000 	C:\Windows\System32\ADVAPI32.dll
0x00007ffc9eb80000 - 0x00007ffc9ec1f000 	C:\Windows\System32\sechost.dll
0x00007ffc9e890000 - 0x00007ffc9e9b0000 	C:\Windows\System32\RPCRT4.dll
0x00007ffc9d280000 - 0x00007ffc9d2a7000 	C:\Windows\System32\bcrypt.dll
0x00007ffc9dde0000 - 0x00007ffc9de4b000 	C:\Windows\System32\WS2_32.dll
0x00007ffc9c780000 - 0x00007ffc9c7cb000 	C:\Windows\SYSTEM32\POWRPROF.dll
0x00007ffc8d190000 - 0x00007ffc8d1b7000 	C:\Windows\SYSTEM32\WINMM.dll
0x00007ffc96b90000 - 0x00007ffc96b9a000 	C:\Windows\SYSTEM32\VERSION.dll
0x00007ffc9c760000 - 0x00007ffc9c772000 	C:\Windows\SYSTEM32\UMPDC.dll
0x00007ffc9b160000 - 0x00007ffc9b172000 	C:\Windows\SYSTEM32\kernel.appcore.dll
0x00007ffc93810000 - 0x00007ffc9381a000 	c:\Users\ceaser\.antigravity-ide\extensions\redhat.java-1.56.0-win32-x64\jre\21.0.12.1-win32-x86_64\bin\jimage.dll
0x00007ffc9a360000 - 0x00007ffc9a561000 	C:\Windows\SYSTEM32\DBGHELP.DLL
0x00007ffc79ac0000 - 0x00007ffc79af4000 	C:\Windows\SYSTEM32\dbgcore.DLL
0x00007ffc9cb40000 - 0x00007ffc9cbc2000 	C:\Windows\System32\bcryptPrimitives.dll
0x00007ffc8ba90000 - 0x00007ffc8ba9f000 	c:\Users\ceaser\.antigravity-ide\extensions\redhat.java-1.56.0-win32-x64\jre\21.0.12.1-win32-x86_64\bin\instrument.dll
0x00007ffc812e0000 - 0x00007ffc81300000 	c:\Users\ceaser\.antigravity-ide\extensions\redhat.java-1.56.0-win32-x64\jre\21.0.12.1-win32-x86_64\bin\java.dll
0x00007ffc9d350000 - 0x00007ffc9dac0000 	C:\Windows\System32\SHELL32.dll
0x00007ffc9a970000 - 0x00007ffc9b115000 	C:\Windows\SYSTEM32\windows.storage.dll
0x00007ffc9eef0000 - 0x00007ffc9f244000 	C:\Windows\System32\combase.dll
0x00007ffc9c270000 - 0x00007ffc9c29b000 	C:\Windows\SYSTEM32\Wldp.dll
0x00007ffc9ec30000 - 0x00007ffc9ecfd000 	C:\Windows\System32\OLEAUT32.dll
0x00007ffc9ed00000 - 0x00007ffc9edad000 	C:\Windows\System32\SHCORE.dll
0x00007ffc9e3e0000 - 0x00007ffc9e43b000 	C:\Windows\System32\shlwapi.dll
0x00007ffc9c850000 - 0x00007ffc9c874000 	C:\Windows\SYSTEM32\profapi.dll
0x00007ffc81300000 - 0x00007ffc81318000 	c:\Users\ceaser\.antigravity-ide\extensions\redhat.java-1.56.0-win32-x64\jre\21.0.12.1-win32-x86_64\bin\zip.dll
0x00007ffc8b8f0000 - 0x00007ffc8b900000 	C:\Users\ceaser\.antigravity-ide\extensions\redhat.java-1.56.0-win32-x64\jre\21.0.12.1-win32-x86_64\bin\net.dll
0x00007ffc94d00000 - 0x00007ffc94e0a000 	C:\Windows\SYSTEM32\WINHTTP.dll
0x00007ffc9bfd0000 - 0x00007ffc9c03a000 	C:\Windows\system32\mswsock.dll
0x00007ffc812a0000 - 0x00007ffc812b6000 	C:\Users\ceaser\.antigravity-ide\extensions\redhat.java-1.56.0-win32-x64\jre\21.0.12.1-win32-x86_64\bin\nio.dll
0x00007ffc8abb0000 - 0x00007ffc8abc0000 	c:\Users\ceaser\.antigravity-ide\extensions\redhat.java-1.56.0-win32-x64\jre\21.0.12.1-win32-x86_64\bin\verify.dll
0x00007ffc81330000 - 0x00007ffc81375000 	C:\Users\ceaser\AppData\Roaming\Antigravity IDE\User\globalStorage\redhat.java\1.56.0\config_win\org.eclipse.equinox.launcher\org.eclipse.equinox.launcher.win32.win32.x86_64_1.3.100.v20260804-1928\eclipse_11924.dll
0x00007ffc9e440000 - 0x00007ffc9e56b000 	C:\Windows\System32\ole32.dll
0x00007ffc9c1c0000 - 0x00007ffc9c1d8000 	C:\Windows\SYSTEM32\CRYPTSP.dll
0x00007ffc9b8f0000 - 0x00007ffc9b928000 	C:\Windows\system32\rsaenh.dll
0x00007ffc9c810000 - 0x00007ffc9c83e000 	C:\Windows\SYSTEM32\USERENV.dll
0x00007ffc9c1e0000 - 0x00007ffc9c1ec000 	C:\Windows\SYSTEM32\CRYPTBASE.dll
0x00007ffc9bcb0000 - 0x00007ffc9bceb000 	C:\Windows\SYSTEM32\IPHLPAPI.DLL
0x00007ffc9ec20000 - 0x00007ffc9ec28000 	C:\Windows\System32\NSI.dll
0x00007ffc816a0000 - 0x00007ffc816e9000 	C:\Users\ceaser\AppData\Local\Temp\jna--1364402239\jna16489048402020241353.dll
0x00007ffc9e9b0000 - 0x00007ffc9e9b8000 	C:\Windows\System32\PSAPI.DLL
0x00007ffc95c80000 - 0x00007ffc95c97000 	C:\Windows\SYSTEM32\dhcpcsvc6.DLL
0x00007ffc96960000 - 0x00007ffc9697d000 	C:\Windows\SYSTEM32\dhcpcsvc.DLL
0x00007ffc96720000 - 0x00007ffc9672e000 	C:\Users\ceaser\.antigravity-ide\extensions\redhat.java-1.56.0-win32-x64\jre\21.0.12.1-win32-x86_64\bin\sunmscapi.dll
0x00007ffc9d080000 - 0x00007ffc9d1dd000 	C:\Windows\System32\CRYPT32.dll
0x00007ffc9c2e0000 - 0x00007ffc9c307000 	C:\Windows\SYSTEM32\ncrypt.dll
0x00007ffc9c2a0000 - 0x00007ffc9c2db000 	C:\Windows\SYSTEM32\NTASN1.dll
0x00007ffc9bcf0000 - 0x00007ffc9bdba000 	C:\Windows\SYSTEM32\DNSAPI.dll
0x00007ffc8b630000 - 0x00007ffc8b63a000 	C:\Windows\System32\rasadhlp.dll
0x00007ffc83b60000 - 0x00007ffc83be0000 	C:\Windows\System32\fwpuclnt.dll
0x00007ffc936c0000 - 0x00007ffc936c9000 	C:\Users\ceaser\.antigravity-ide\extensions\redhat.java-1.56.0-win32-x64\jre\21.0.12.1-win32-x86_64\bin\extnet.dll

JVMTI agents:
c:\Users\ceaser\.antigravity-ide\extensions\redhat.java-1.56.0-win32-x64\lombok\lombok-1.18.39-4050.jar path:c:\Users\ceaser\.antigravity-ide\extensions\redhat.java-1.56.0-win32-x64\jre\21.0.12.1-win32-x86_64\bin\instrument.dll, loaded, initialized, instrumentlib options:none

dbghelp: loaded successfully - version: 4.0.5 - missing functions: none
symbol engine: initialized successfully - sym options: 0x614 - pdb path: .;c:\Users\ceaser\.antigravity-ide\extensions\redhat.java-1.56.0-win32-x64\jre\21.0.12.1-win32-x86_64\bin;C:\Windows\SYSTEM32;C:\Windows\WinSxS\amd64_microsoft.windows.common-controls_6595b64144ccf1df_6.0.19041.6456_none_60b8a6cb71f64256;c:\Users\ceaser\.antigravity-ide\extensions\redhat.java-1.56.0-win32-x64\jre\21.0.12.1-win32-x86_64\bin\server;C:\Users\ceaser\AppData\Roaming\Antigravity IDE\User\globalStorage\redhat.java\1.56.0\config_win\org.eclipse.equinox.launcher\org.eclipse.equinox.launcher.win32.win32.x86_64_1.3.100.v20260804-1928;C:\Users\ceaser\AppData\Local\Temp\jna--1364402239

VM Arguments:
jvm_args: --add-modules=ALL-SYSTEM --add-opens=java.base/java.util=ALL-UNNAMED --add-opens=java.base/java.lang=ALL-UNNAMED --add-opens=java.base/sun.nio.fs=ALL-UNNAMED -Declipse.application=org.eclipse.jdt.ls.core.id1 -Dosgi.bundles.defaultStartLevel=4 -Declipse.product=org.eclipse.jdt.ls.core.product -Djava.import.generatesMetadataFilesAtProjectRoot=false -Dm2e.project.cache.size=50 -DDetectVMInstallationsJob.disabled=true -Dfile.encoding=utf8 -XX:+UseParallelGC -XX:GCTimeRatio=4 -XX:AdaptiveSizePolicyWeight=90 -Dsun.zip.disableMemoryMapping=true -Xmx2G -Xms100m -Xlog:disable -javaagent:c:\Users\ceaser\.antigravity-ide\extensions\redhat.java-1.56.0-win32-x64\lombok\lombok-1.18.39-4050.jar -XX:+HeapDumpOnOutOfMemoryError -XX:HeapDumpPath=c:\Users\ceaser\AppData\Roaming\Antigravity IDE\User\workspaceStorage\dfee48165e7d1c276326c781894b75fa\redhat.java -Daether.dependencyCollector.impl=bf 
java_command: c:\Users\ceaser\.antigravity-ide\extensions\redhat.java-1.56.0-win32-x64\server\plugins\org.eclipse.equinox.launcher_1.8.0.v20260804-1928.jar -configuration c:\Users\ceaser\AppData\Roaming\Antigravity IDE\User\globalStorage\redhat.java\1.56.0\config_win -data c:\Users\ceaser\AppData\Roaming\Antigravity IDE\User\workspaceStorage\dfee48165e7d1c276326c781894b75fa\redhat.java\jdt_ws --pipe=\\.\pipe\lsp-de0b3818900843e3a45be432ba515cdd-sock
java_class_path (initial): c:\Users\ceaser\.antigravity-ide\extensions\redhat.java-1.56.0-win32-x64\server\plugins\org.eclipse.equinox.launcher_1.8.0.v20260804-1928.jar
Launcher Type: SUN_STANDARD

[Global flags]
    uintx AdaptiveSizePolicyWeight                 = 90                                        {product} {command line}
     intx CICompilerCount                          = 4                                         {product} {ergonomic}
    uintx GCTimeRatio                              = 4                                         {product} {command line}
     bool HeapDumpOnOutOfMemoryError               = true                                   {manageable} {command line}
    ccstr HeapDumpPath                             = c:\Users\ceaser\AppData\Roaming\Antigravity IDE\User\workspaceStorage\dfee48165e7d1c276326c781894b75fa\redhat.java         {manageable} {command line}
   size_t InitialHeapSize                          = 104857600                                 {product} {command line}
   size_t MaxHeapSize                              = 2147483648                                {product} {command line}
   size_t MaxNewSize                               = 715653120                                 {product} {ergonomic}
   size_t MinHeapDeltaBytes                        = 524288                                    {product} {ergonomic}
   size_t MinHeapSize                              = 104857600                                 {product} {command line}
   size_t NewSize                                  = 34603008                                  {product} {ergonomic}
    uintx NonNMethodCodeHeapSize                   = 5839372                                {pd product} {ergonomic}
    uintx NonProfiledCodeHeapSize                  = 122909434                              {pd product} {ergonomic}
   size_t OldSize                                  = 70254592                                  {product} {ergonomic}
    uintx ProfiledCodeHeapSize                     = 122909434                              {pd product} {ergonomic}
    uintx ReservedCodeCacheSize                    = 251658240                              {pd product} {ergonomic}
     bool SegmentedCodeCache                       = true                                      {product} {ergonomic}
   size_t SoftMaxHeapSize                          = 2147483648                             {manageable} {ergonomic}
     bool UseCompressedOops                        = true                           {product lp64_product} {ergonomic}
     bool UseLargePagesIndividualAllocation        = false                                  {pd product} {ergonomic}
     bool UseParallelGC                            = true                                      {product} {command line}

Logging:
Log output configuration:
 #0: stdout all=off uptime,level,tags foldmultilines=false
 #1: stderr all=off uptime,level,tags foldmultilines=false

Release file:
JAVA_VERSION="21.0.12.1" 
MODULES="java.base java.compiler java.datatransfer java.xml java.prefs java.desktop java.instrument java.logging java.management java.security.sasl java.naming java.rmi java.management.rmi java.net.http java.scripting java.security.jgss java.transaction.xa java.sql java.sql.rowset java.xml.crypto java.se java.smartcardio jdk.accessibility jdk.internal.jvmstat jdk.attach jdk.charsets jdk.internal.opt jdk.zipfs jdk.compiler jdk.crypto.ec jdk.crypto.cryptoki jdk.crypto.mscapi jdk.dynalink jdk.internal.ed jdk.editpad jdk.hotspot.agent jdk.httpserver jdk.internal.le jdk.internal.vm.ci jdk.internal.vm.compiler jdk.internal.vm.compiler.management jdk.jartool jdk.javadoc jdk.jcmd jdk.management jdk.management.agent jdk.jconsole jdk.jdeps jdk.jdwp.agent jdk.jdi jdk.jfr jdk.jshell jdk.jsobject jdk.jstatd jdk.localedata jdk.management.jfr jdk.naming.dns jdk.naming.rmi jdk.net jdk.nio.mapmode jdk.random jdk.sctp jdk.security.auth jdk.security.jgss jdk.unsupported jdk.unsupported.desktop jdk.xml.dom" 

Environment Variables:
PATH=C:\Program Files\Common Files\Oracle\Java\javapath;C:\Windows\system32;C:\Windows;C:\Windows\System32\Wbem;C:\Windows\System32\WindowsPowerShell\v1.0\;C:\Windows\System32\OpenSSH\;C:\Program Files\Git\cmd;C:\Program Files\nodejs\;C:\Program Files\dotnet\;C:\Users\ceaser\.local\bin;C:\Users\ceaser\AppData\Local\Programs\Python\Python314\Scripts\;C:\Users\ceaser\AppData\Local\Programs\Python\Python314\;C:\Users\ceaser\AppData\Local\Microsoft\WindowsApps;C:\Users\ceaser\AppData\Local\Programs\Antigravity\bin;C:\Users\ceaser\AppData\Roaming\npm;C:\Users\ceaser\AppData\Local\Programs\Antigravity IDE\bin;C:\Users\ceaser\.dotnet\tools
USERNAME=ceaser
OS=Windows_NT
PROCESSOR_IDENTIFIER=Intel64 Family 6 Model 142 Stepping 12, GenuineIntel
TMP=C:\Users\ceaser\AppData\Local\Temp
TEMP=C:\Users\ceaser\AppData\Local\Temp




Periodic native trim disabled

---------------  S Y S T E M  ---------------

OS:
 Windows 10 , 64 bit Build 19041 (10.0.19041.5915)
OS uptime: 67 days 7:47 hours

CPU: total 8 (initial active 8) (4 cores per cpu, 2 threads per core) family 6 model 142 stepping 12 microcode 0x100, cx8, cmov, fxsr, ht, mmx, 3dnowpref, sse, sse2, sse3, ssse3, sse4.1, sse4.2, popcnt, lzcnt, tsc, tscinvbit, avx, avx2, aes, erms, clmul, bmi1, bmi2, adx, fma, vzeroupper, clflush, clflushopt, rdtscp, f16c
Processor Information for the first 8 processors :
  Max Mhz: 1800, Current Mhz: 1600, Mhz Limit: 1584

Memory: 4k page, system-wide physical 7998M (391M free)
TotalPageFile size 23177M (AvailPageFile size 0M)
current process WorkingSet (physical memory assigned to process): 455M, peak: 617M
current process commit charge ("private bytes"): 1043M, peak: 1043M

vm_info: OpenJDK 64-Bit Server VM (21.0.12.1+1-LTS) for windows-amd64 JRE (21.0.12.1+1-LTS), built on 2026-08-18T00:00:00Z by "admin" with MS VC++ 17.12 (VS2022)

END.
