#
# There is insufficient memory for the Java Runtime Environment to continue.
# Native memory allocation (mmap) failed to map 52428800 bytes. Error detail: G1 virtual space
# Possible reasons:
#   The system is out of physical RAM or swap space
#   This process is running with CompressedOops enabled, and the Java Heap may be blocking the growth of the native heap
# Possible solutions:
#   Reduce memory load on the system
#   Increase physical memory or swap space
#   Check if swap backing store is full
#   Decrease Java heap size (-Xmx/-Xms)
#   Decrease number of Java threads
#   Decrease Java thread stack sizes (-Xss)
#   Set larger code cache with -XX:ReservedCodeCacheSize=
#   JVM is running with Unscaled Compressed Oops mode in which the Java heap is
#     placed in the first 4GB address space. The Java Heap base address is the
#     maximum limit for the native heap growth. Please use -XX:HeapBaseMinAddress
#     to set the Java Heap base and to place the Java Heap above 4GB virtual address.
# This output file may be truncated or incomplete.
#
#  Out of Memory Error (os_windows.cpp:3583), pid=20496, tid=27732
#
# JRE version: Java(TM) SE Runtime Environment (26.0.1+8) (build 26.0.1+8-34)
# Java VM: Java HotSpot(TM) 64-Bit Server VM (26.0.1+8-34, mixed mode, sharing, tiered, compressed oops, compressed class ptrs, g1 gc, windows-amd64)
# No core dump will be written. Minidumps are not enabled by default on client versions of Windows
#

---------------  S U M M A R Y ------------

Command Line: --enable-native-access=ALL-UNNAMED -Dclassworlds.conf=C:\Users\ceaser\.m2\wrapper\dists\apache-maven-3.9.16\0daed3be3ebd1c706f0e69e8b07c6b73f5cc4ea3dfce72a8d0ec2e849ca2ddb0\bin\m2.conf -Dmaven.home=C:\Users\ceaser\.m2\wrapper\dists\apache-maven-3.9.16\0daed3be3ebd1c706f0e69e8b07c6b73f5cc4ea3dfce72a8d0ec2e849ca2ddb0 -Dlibrary.jansi.path=C:\Users\ceaser\.m2\wrapper\dists\apache-maven-3.9.16\0daed3be3ebd1c706f0e69e8b07c6b73f5cc4ea3dfce72a8d0ec2e849ca2ddb0\lib\jansi-native -Dmaven.multiModuleProjectDirectory=E:\Java\CareFlow\Backend\careflow-backend org.codehaus.plexus.classworlds.launcher.Launcher spring-boot:run

Host: Intel(R) Core(TM) i5-8265U CPU @ 1.60GHz, 8 cores, 7G,  Windows 10 , 64 bit Build 19041 (10.0.19041.5915)
Time: Sat Sep  5 20:07:29 2026 Morocco Daylight Time elapsed time: 2.940634 seconds (0d 0h 0m 2s)

---------------  T H R E A D  ---------------

Current thread (0x0000021a09efa190):  VMThread "VM Thread"          [id=27732, stack(0x0000007e09700000,0x0000007e09800000) (1024K)]

Stack: [0x0000007e09700000,0x0000007e09800000]
Native frames: (J=compiled Java code, j=interpreted, Vv=VM code, C=native code)
V  [jvm.dll+0x7d5879]  (no source info available)
V  [jvm.dll+0x7a37dd]  (no source info available)
V  [jvm.dll+0x9b0c10]  (no source info available)
V  [jvm.dll+0x9b3061]  (no source info available)
V  [jvm.dll+0x9b3773]  (no source info available)
V  [jvm.dll+0x30df76]  (no source info available)
V  [jvm.dll+0x7d4d45]  (no source info available)
V  [jvm.dll+0x7c7f07]  (no source info available)
V  [jvm.dll+0x4087e8]  (no source info available)
V  [jvm.dll+0x410b56]  (no source info available)
V  [jvm.dll+0x3fcef4]  (no source info available)
V  [jvm.dll+0x3fd1e5]  (no source info available)
V  [jvm.dll+0x3d3b6f]  (no source info available)
V  [jvm.dll+0x3d6ddc]  (no source info available)
V  [jvm.dll+0x4223ec]  (no source info available)
V  [jvm.dll+0x420d33]  (no source info available)
V  [jvm.dll+0x3d3308]  (no source info available)
V  [jvm.dll+0x4200f3]  (no source info available)
V  [jvm.dll+0x9b9c21]  (no source info available)
V  [jvm.dll+0x9babeb]  (no source info available)
V  [jvm.dll+0x9bb0fc]  (no source info available)
V  [jvm.dll+0x9bb579]  (no source info available)
V  [jvm.dll+0x9bb823]  (no source info available)
V  [jvm.dll+0x94f649]  (no source info available)
V  [jvm.dll+0x7d7358]  (no source info available)
C  [ucrtbase.dll+0x21bb2]  (no source info available)
C  [KERNEL32.DLL+0x17374]  (no source info available)
C  [ntdll.dll+0x4cc91]  (no source info available)

VM_Operation (0x0000007e08ffd728): G1CollectForAllocation, mode: safepoint, requested by thread 0x0000021a07bb16a0


---------------  P R O C E S S  ---------------

Threads class SMR info:
_java_thread_list=0x0000021a2d504c70, length=14, elements={
0x0000021a07bb16a0, 0x0000021a09f07a50, 0x0000021a09f084a0, 0x0000021a09f0b480,
0x0000021a09f0c030, 0x0000021a272ee1e0, 0x0000021a272f7020, 0x0000021a272fa730,
0x0000021a27300f50, 0x0000021a272f4650, 0x0000021a272ef060, 0x0000021a2c1d1b10,
0x0000021a2c14cb00, 0x0000021a2cbbc750
}

Java Threads: ( => current thread )
  0x0000021a07bb16a0 JavaThread "main"                              [_thread_blocked, id=18884, stack(0x0000007e08f00000,0x0000007e09000000) (1024K)]
  0x0000021a09f07a50 JavaThread "Reference Handler"          daemon [_thread_blocked, id=19312, stack(0x0000007e09800000,0x0000007e09900000) (1024K)]
  0x0000021a09f084a0 JavaThread "Finalizer"                  daemon [_thread_blocked, id=12380, stack(0x0000007e09900000,0x0000007e09a00000) (1024K)]
  0x0000021a09f0b480 JavaThread "Signal Dispatcher"          daemon [_thread_blocked, id=25036, stack(0x0000007e09a00000,0x0000007e09b00000) (1024K)]
  0x0000021a09f0c030 JavaThread "Attach Listener"            daemon [_thread_blocked, id=24424, stack(0x0000007e09b00000,0x0000007e09c00000) (1024K)]
  0x0000021a272ee1e0 JavaThread "Service Thread"             daemon [_thread_blocked, id=37828, stack(0x0000007e09c00000,0x0000007e09d00000) (1024K)]
  0x0000021a272f7020 JavaThread "Monitor Deflation Thread"   daemon [_thread_blocked, id=17564, stack(0x0000007e09d00000,0x0000007e09e00000) (1024K)]
  0x0000021a272fa730 JavaThread "C2 CompilerThread0"         daemon [_thread_blocked, id=26192, stack(0x0000007e09e00000,0x0000007e09f00000) (1024K)]
  0x0000021a27300f50 JavaThread "C1 CompilerThread0"         daemon [_thread_blocked, id=18804, stack(0x0000007e09f00000,0x0000007e0a000000) (1024K)]
  0x0000021a272f4650 JavaThread "Notification Thread"        daemon [_thread_blocked, id=36972, stack(0x0000007e0a000000,0x0000007e0a100000) (1024K)]
  0x0000021a272ef060 JavaThread "Common-Cleaner"             daemon [_thread_blocked, id=5800, stack(0x0000007e0a100000,0x0000007e0a200000) (1024K)]
  0x0000021a2c1d1b10 JavaThread "C2 CompilerThread1"         daemon [_thread_blocked, id=36872, stack(0x0000007e0a200000,0x0000007e0a300000) (1024K)]
  0x0000021a2c14cb00 JavaThread "C2 CompilerThread2"         daemon [_thread_in_native, id=33964, stack(0x0000007e0a500000,0x0000007e0a600000) (1024K)]
  0x0000021a2cbbc750 JavaThread "Thread-1"                   daemon [_thread_blocked, id=19084, stack(0x0000007e0ab00000,0x0000007e0ac00000) (1024K)]
Total: 14

Other Threads:
=>0x0000021a09efa190 VMThread "VM Thread"                           [id=27732, stack(0x0000007e09700000,0x0000007e09800000) (1024K)]
  0x0000021a272ece20 WatcherThread "VM Periodic Task Thread"        [id=6208, stack(0x0000007e09600000,0x0000007e09700000) (1024K)]
  0x0000021a09e818c0 WorkerThread "GC Thread#0"                     [id=31132, stack(0x0000007e09000000,0x0000007e09100000) (1024K)]
  0x0000021a2c2452b0 WorkerThread "GC Thread#1"                     [id=21452, stack(0x0000007e0a300000,0x0000007e0a400000) (1024K)]
  0x0000021a2cd09630 WorkerThread "GC Thread#2"                     [id=37660, stack(0x0000007e0a600000,0x0000007e0a700000) (1024K)]
  0x0000021a2c92f3b0 WorkerThread "GC Thread#3"                     [id=11400, stack(0x0000007e0a700000,0x0000007e0a800000) (1024K)]
  0x0000021a2d457450 WorkerThread "GC Thread#4"                     [id=38600, stack(0x0000007e0a800000,0x0000007e0a900000) (1024K)]
  0x0000021a2cd44d30 WorkerThread "GC Thread#5"                     [id=29716, stack(0x0000007e0a900000,0x0000007e0aa00000) (1024K)]
  0x0000021a2cd44040 WorkerThread "GC Thread#6"                     [id=33152, stack(0x0000007e0aa00000,0x0000007e0ab00000) (1024K)]
  0x0000021a2cd455d0 WorkerThread "GC Thread#7"                     [id=26080, stack(0x0000007e0ac00000,0x0000007e0ad00000) (1024K)]
  0x0000021a09e9a080 ConcurrentGCThread "G1 Main Marker"            [id=31464, stack(0x0000007e09100000,0x0000007e09200000) (1024K)]
  0x0000021a09e9b590 WorkerThread "G1 Conc#0"                       [id=24524, stack(0x0000007e09200000,0x0000007e09300000) (1024K)]
  0x0000021a2c182280 WorkerThread "G1 Conc#1"                       [id=33516, stack(0x0000007e0a400000,0x0000007e0a500000) (1024K)]
  0x0000021a09edcc90 WorkerThread "G1 Refinement Workers#0"         [id=36740, stack(0x0000007e09400000,0x0000007e09500000) (1024K)]
  0x0000021a09edc0d0 ConcurrentGCThread "G1 Refine Control"         [id=12740, stack(0x0000007e09300000,0x0000007e09400000) (1024K)]
  0x0000021a09ede010 ConcurrentGCThread "G1 Service"                [id=32292, stack(0x0000007e09500000,0x0000007e09600000) (1024K)]
Total: 16

Threads with active compile tasks:
C2 CompilerThread0  3034 3654       4       java.util.HashSet::add (20 bytes)
C1 CompilerThread0  3034 3682       3       java.util.HashMap$KeySet::toArray (16 bytes)
C2 CompilerThread1  3034 3653 %     4       sun.nio.cs.UTF_8$Decoder::decodeArrayLoop @ 103 (688 bytes)
C2 CompilerThread2  3034 3477       4       org.apache.maven.model.validation.DefaultModelValidator::validateEffectiveDependency (631 bytes)
Total: 4

VM state: at safepoint (normal execution)

VM Mutex/Monitor currently owned by a thread:  ([mutex/lock_event])
[0x00007ffc4888ed08] Threads_lock - owner thread: 0x0000021a09efa190
[0x00007ffc4888ef88] Heap_lock - owner thread: 0x0000021a07bb16a0

Heap address: 0x0000000083000000, size: 2000 MB, Compressed Oops mode: 32-bit

CDS archive(s) mapped at: [0x0000000031000000-0x0000000031de0000-0x0000000031de0000), size 14548992, SharedBaseAddress: 0x0000000031000000, ArchiveRelocationMode: 1.
Compressed class space mapped at: 0x0000000032000000-0x0000000072000000, reserved size: 1073741824
UseCompressedClassPointers 1, UseCompactObjectHeaders 0
Narrow klass pointer bits 32, Max shift 3
Narrow klass base: 0x0000000031000000, Narrow klass shift: 0
Encoding Range: [0x0000000031000000 - 0x0000000131000000), (4294967296 bytes)
Klass Range:    [0x0000000031000000 - 0x0000000072000000), (1090519040 bytes)
Klass ID Range:  [8 - 1090519033) (1090519025)
Protection zone: [0x0000000031000000 - 0x0000000031010000), (65536 bytes)

GC Precious Log:
 CardTable entry size: 512
 Card Set container configuration: InlinePtr #cards 5 size 8 Array Of Cards #cards 10 size 36 Howl #buckets 4 coarsen threshold 1843 Howl Bitmap #cards 512 size 80 coarsen threshold 460 Card regions per heap region 1 cards per card region 2048
 CPUs: 8 total, 8 available
 Memory: 7998M
 Large Page Support: Disabled
 NUMA Support: Disabled
 Compressed Oops: Enabled (32-bit)
 Heap Region Size: 1M
 Heap Min Capacity: 8M
 Heap Initial Capacity: 8M
 Heap Max Capacity: 2000M
 Pre-touch: Disabled
 Parallel Workers: 8
 Concurrent Workers: 2
 Concurrent Refinement Workers: 8
 Periodic GC: Disabled

Heap:
 garbage-first heap   total reserved 2048000K, committed 29696K, used 13312K [0x0000000083000000, 0x0000000100000000)
  region size 1M, 0 eden (0M), 2 survivor (2M), 11 old (11M), 0 humongous (0M), 16 free (16M)

Heap Regions: E=young(eden), S=young(survivor), O=old, HS=humongous(starts), HC=humongous(continues), CS=collection set, F=free, TAMS=top-at-mark-start, PB=parsable bottom
|    0|0x0000000083000000, 0x0000000083100000, 0x0000000083100000|100%| O|  |TAMS 0x0000000083000000| PB 0x0000000083000000| Untracked |  0
|    1|0x0000000083100000, 0x0000000083200000, 0x0000000083200000|100%| O|  |TAMS 0x0000000083100000| PB 0x0000000083100000| Untracked |  0
|    2|0x0000000083200000, 0x0000000083300000, 0x0000000083300000|100%| O|  |TAMS 0x0000000083200000| PB 0x0000000083200000| Untracked |  0
|    3|0x0000000083300000, 0x0000000083400000, 0x0000000083400000|100%| O|  |TAMS 0x0000000083300000| PB 0x0000000083300000| Untracked |  0
|    4|0x0000000083400000, 0x0000000083500000, 0x0000000083500000|100%| O|  |TAMS 0x0000000083400000| PB 0x0000000083400000| Untracked |  0
|    5|0x0000000083500000, 0x0000000083600000, 0x0000000083600000|100%| O|  |TAMS 0x0000000083500000| PB 0x0000000083500000| Untracked |  0
|    6|0x0000000083600000, 0x0000000083700000, 0x0000000083700000|100%| O|  |TAMS 0x0000000083600000| PB 0x0000000083600000| Untracked |  0
|    7|0x0000000083700000, 0x0000000083800000, 0x0000000083800000|100%| O|  |TAMS 0x0000000083700000| PB 0x0000000083700000| Untracked |  0
|    8|0x0000000083800000, 0x0000000083900000, 0x0000000083900000|100%| O|  |TAMS 0x0000000083800000| PB 0x0000000083800000| Untracked |  0
|    9|0x0000000083900000, 0x0000000083a00000, 0x0000000083a00000|100%| O|  |TAMS 0x0000000083900000| PB 0x0000000083900000| Untracked |  0
|   10|0x0000000083a00000, 0x0000000083a00000, 0x0000000083b00000|  0%| F|  |TAMS 0x0000000083a00000| PB 0x0000000083a00000| Untracked |  0
|   11|0x0000000083b00000, 0x0000000083b00000, 0x0000000083c00000|  0%| F|  |TAMS 0x0000000083b00000| PB 0x0000000083b00000| Untracked |  0
|   12|0x0000000083c00000, 0x0000000083c00000, 0x0000000083d00000|  0%| F|  |TAMS 0x0000000083c00000| PB 0x0000000083c00000| Untracked |  0
|   13|0x0000000083d00000, 0x0000000083e00000, 0x0000000083e00000|100%| S|CS|TAMS 0x0000000083d00000| PB 0x0000000083d00000| Complete  |  0
|   14|0x0000000083e00000, 0x0000000083e00000, 0x0000000083f00000|  0%| F|  |TAMS 0x0000000083e00000| PB 0x0000000083e00000| Untracked |  0
|   15|0x0000000083f00000, 0x0000000084000000, 0x0000000084000000|100%| S|CS|TAMS 0x0000000083f00000| PB 0x0000000083f00000| Complete  |  0
|   16|0x0000000084000000, 0x0000000084000000, 0x0000000084100000|  0%| F|  |TAMS 0x0000000084000000| PB 0x0000000084000000| Untracked |  0
|   17|0x0000000084100000, 0x0000000084100000, 0x0000000084200000|  0%| F|  |TAMS 0x0000000084100000| PB 0x0000000084100000| Untracked |  0
|   18|0x0000000084200000, 0x0000000084200000, 0x0000000084300000|  0%| F|  |TAMS 0x0000000084200000| PB 0x0000000084200000| Untracked |  0
|   19|0x0000000084300000, 0x0000000084300000, 0x0000000084400000|  0%| F|  |TAMS 0x0000000084300000| PB 0x0000000084300000| Untracked |  0
|   20|0x0000000084400000, 0x0000000084400000, 0x0000000084500000|  0%| F|  |TAMS 0x0000000084400000| PB 0x0000000084400000| Untracked |  0
|   21|0x0000000084500000, 0x0000000084500000, 0x0000000084600000|  0%| F|  |TAMS 0x0000000084500000| PB 0x0000000084500000| Untracked |  0
|   22|0x0000000084600000, 0x0000000084600000, 0x0000000084700000|  0%| F|  |TAMS 0x0000000084600000| PB 0x0000000084600000| Untracked |  0
|   23|0x0000000084700000, 0x0000000084700000, 0x0000000084800000|  0%| F|  |TAMS 0x0000000084700000| PB 0x0000000084700000| Untracked |  0
|   24|0x0000000084800000, 0x0000000084800000, 0x0000000084900000|  0%| F|  |TAMS 0x0000000084800000| PB 0x0000000084800000| Untracked |  0
|   25|0x0000000084900000, 0x0000000084900000, 0x0000000084a00000|  0%| F|  |TAMS 0x0000000084900000| PB 0x0000000084900000| Untracked |  0
|   26|0x0000000084a00000, 0x0000000084a00000, 0x0000000084b00000|  0%| F|  |TAMS 0x0000000084a00000| PB 0x0000000084a00000| Untracked |  0
| 1998|0x00000000ffe00000, 0x00000000fff00000, 0x00000000fff00000|100%| O|  |TAMS 0x00000000ffe00000| PB 0x00000000ffe00000| Untracked |  0
| 1999|0x00000000fff00000, 0x00000000fff00000, 0x0000000100000000|  0%| F|  |TAMS 0x00000000fff00000| PB 0x00000000fff00000| Untracked |  0

Card table byte_map: [0x0000021a22230000,0x0000021a22620000] _byte_map_base: 0x0000021a21e18000
Refinement table byte_map: [0x0000021a22620000,0x0000021a22a10000] _byte_map_base: 0x0000021a22208000

Marking Bits: (CMBitMap*) 0x0000021a09e82040
 Bits: [0x0000021a22a10000, 0x0000021a24950000)

Polling page: 0x0000021a07b70000

Metaspace:
Metaspace        used 15149K, committed 15424K, reserved 1114112K
 class space     used 1890K, committed 1984K, reserved 1048576K

Usage:
  Non-class:     12.95 MB used.
      Class:      1.85 MB used.
       Both:     14.79 MB used.

Virtual space:
  Non-class space:       64.00 MB reserved,      13.12 MB ( 21%) committed,  1 nodes.
      Class space:        1.00 GB reserved,       1.94 MB ( <1%) committed,  1 nodes.
             Both:        1.06 GB reserved,      15.06 MB (  1%) committed. 

Chunk freelists:
   Non-Class:  2.36 MB
       Class:  13.89 MB
        Both:  16.25 MB

MaxMetaspaceSize: unlimited
CompressedClassSpaceSize: 1.00 GB
Initial GC threshold: 21.00 MB
Current GC threshold: 21.00 MB
CDS: on
 - commit_granule_bytes: 65536.
 - commit_granule_words: 8192.
 - virtual_space_node_default_size: 8388608.
 - enlarge_chunks_in_place: 1.
UseCompressedClassPointers 1, UseCompactObjectHeaders 0
Narrow klass pointer bits 32, Max shift 3
Narrow klass base: 0x0000000031000000, Narrow klass shift: 0
Encoding Range: [0x0000000031000000 - 0x0000000131000000), (4294967296 bytes)
Klass Range:    [0x0000000031000000 - 0x0000000072000000), (1090519040 bytes)
Klass ID Range:  [8 - 1090519033) (1090519025)
Protection zone: [0x0000000031000000 - 0x0000000031010000), (65536 bytes)


Internal statistics:

num_allocs_failed_limit: 0.
num_arena_births: 124.
num_arena_deaths: 0.
num_vsnodes_births: 2.
num_vsnodes_deaths: 0.
num_space_committed: 241.
num_space_uncommitted: 0.
num_chunks_returned_to_freelist: 0.
num_chunks_taken_from_freelist: 632.
num_chunk_merges: 0.
num_chunk_splits: 443.
num_chunks_enlarged: 363.
num_inconsistent_stats: 0.

CodeHeap 'non-profiled nmethods': size=120064Kb used=1307Kb max_used=1307Kb free=118756Kb
 bounds [0x0000021a1a5d0000, 0x0000021a1a840000, 0x0000021a21b10000]
CodeHeap 'profiled nmethods': size=120064Kb used=5636Kb max_used=5636Kb free=114428Kb
 bounds [0x0000021a12af0000, 0x0000021a13080000, 0x0000021a1a030000]
CodeHeap 'non-nmethods': size=5760Kb used=1394Kb max_used=1447Kb free=4365Kb
 bounds [0x0000021a1a030000, 0x0000021a1a2a0000, 0x0000021a1a5d0000]
CodeCache: size=245888Kb, used=8337Kb, max_used=8390Kb, free=237549Kb
 total_blobs=4188, nmethods=3675, adapters=416, full_count=0
Compilation: enabled, stopped_count=0, restarted_count=0

Compilation events (20 events):
Event: 2.912 Thread 0x0000021a27300f50 nmethod 3670 0x0000021a1306c188 code [0x0000021a1306c280, 0x0000021a1306c5c0]
Event: 2.912 Thread 0x0000021a27300f50 3671       3       java.lang.invoke.MethodHandles$Lookup::resolveOrFail (48 bytes)
Event: 2.913 Thread 0x0000021a27300f50 nmethod 3671 0x0000021a1306c608 code [0x0000021a1306c700, 0x0000021a1306cf78]
Event: 2.913 Thread 0x0000021a27300f50 3673       3       org.codehaus.plexus.interpolation.reflection.ClassMap::getPublicMethod (29 bytes)
Event: 2.913 Thread 0x0000021a27300f50 nmethod 3673 0x0000021a1306cf88 code [0x0000021a1306d080, 0x0000021a1306d680]
Event: 2.913 Thread 0x0000021a27300f50 3672       3       java.lang.invoke.MethodHandles$Lookup::checkMethodName (45 bytes)
Event: 2.914 Thread 0x0000021a27300f50 nmethod 3672 0x0000021a1306d708 code [0x0000021a1306d800, 0x0000021a1306e210]
Event: 2.914 Thread 0x0000021a27300f50 3675       3       java.lang.reflect.Method::isCallerSensitive (38 bytes)
Event: 2.915 Thread 0x0000021a27300f50 nmethod 3675 0x0000021a1306e288 code [0x0000021a1306e380, 0x0000021a1306eb50]
Event: 2.915 Thread 0x0000021a27300f50 3674       1       org.apache.maven.model.Model::getIssueManagement (5 bytes)
Event: 2.915 Thread 0x0000021a27300f50 nmethod 3674 0x0000021a1a716788 code [0x0000021a1a716880, 0x0000021a1a716938]
Event: 2.915 Thread 0x0000021a27300f50 3676       1       org.apache.maven.model.PluginExecution::getId (5 bytes)
Event: 2.915 Thread 0x0000021a27300f50 nmethod 3676 0x0000021a1a716a88 code [0x0000021a1a716b80, 0x0000021a1a716c38]
Event: 2.921 Thread 0x0000021a27300f50 3678   !   3       java.util.regex.Pattern::RemoveQEQuoting (370 bytes)
Event: 2.924 Thread 0x0000021a27300f50 nmethod 3678 0x0000021a1306eb88 code [0x0000021a1306ec80, 0x0000021a1306fd00]
Event: 2.924 Thread 0x0000021a27300f50 3679       3       java.util.regex.Matcher::group (65 bytes)
Event: 2.925 Thread 0x0000021a27300f50 nmethod 3679 0x0000021a1306fd08 code [0x0000021a1306fe00, 0x0000021a13070540]
Event: 2.925 Thread 0x0000021a27300f50 3680       3       java.util.regex.Matcher::checkGroup (41 bytes)
Event: 2.925 Thread 0x0000021a27300f50 nmethod 3680 0x0000021a13070588 code [0x0000021a13070680, 0x0000021a13070fa0]
Event: 2.930 Thread 0x0000021a27300f50 3682       3       java.util.HashMap$KeySet::toArray (16 bytes)

GC Heap Usage History (20 events):
Event: 0.320 {heap After GC invocations=2 (full 0):
 garbage-first heap   total reserved 2048000K, committed 10240K, used 3123K [0x0000000083000000, 0x0000000100000000)
  region size 1M, 0 eden (0M), 1 survivor (1M), 4 old (4M), 0 humongous (0M), 5 free (5M)
}
Event: 0.397 {heap Before GC invocations=2 (full 0):
 garbage-first heap   total reserved 2048000K, committed 10240K, used 4147K [0x0000000083000000, 0x0000000100000000)
  region size 1M, 2 eden (2M), 1 survivor (1M), 4 old (4M), 0 humongous (0M), 3 free (3M)
}
Event: 0.398 {heap After GC invocations=3 (full 0):
 garbage-first heap   total reserved 2048000K, committed 10240K, used 3272K [0x0000000083000000, 0x0000000100000000)
  region size 1M, 0 eden (0M), 1 survivor (1M), 4 old (4M), 0 humongous (0M), 5 free (5M)
}
Event: 0.466 {heap Before GC invocations=4 (full 0):
 garbage-first heap   total reserved 2048000K, committed 10240K, used 5320K [0x0000000083000000, 0x0000000100000000)
  region size 1M, 2 eden (2M), 1 survivor (1M), 4 old (4M), 0 humongous (0M), 3 free (3M)
}
Event: 0.469 {heap After GC invocations=5 (full 0):
 garbage-first heap   total reserved 2048000K, committed 10240K, used 4048K [0x0000000083000000, 0x0000000100000000)
  region size 1M, 0 eden (0M), 1 survivor (1M), 4 old (4M), 0 humongous (0M), 5 free (5M)
}
Event: 0.535 {heap Before GC invocations=5 (full 0):
 garbage-first heap   total reserved 2048000K, committed 10240K, used 6096K [0x0000000083000000, 0x0000000100000000)
  region size 1M, 2 eden (2M), 1 survivor (1M), 4 old (4M), 0 humongous (0M), 3 free (3M)
}
Event: 0.538 {heap After GC invocations=6 (full 0):
 garbage-first heap   total reserved 2048000K, committed 29696K, used 4253K [0x0000000083000000, 0x0000000100000000)
  region size 1M, 0 eden (0M), 1 survivor (1M), 4 old (4M), 0 humongous (0M), 24 free (24M)
}
Event: 0.840 {heap Before GC invocations=6 (full 0):
 garbage-first heap   total reserved 2048000K, committed 29696K, used 17565K [0x0000000083000000, 0x0000000100000000)
  region size 1M, 13 eden (13M), 1 survivor (1M), 4 old (4M), 0 humongous (0M), 11 free (11M)
}
Event: 0.843 {heap After GC invocations=7 (full 0):
 garbage-first heap   total reserved 2048000K, committed 29696K, used 4796K [0x0000000083000000, 0x0000000100000000)
  region size 1M, 0 eden (0M), 1 survivor (1M), 4 old (4M), 0 humongous (0M), 24 free (24M)
}
Event: 1.125 {heap Before GC invocations=7 (full 0):
 garbage-first heap   total reserved 2048000K, committed 29696K, used 17084K [0x0000000083000000, 0x0000000100000000)
  region size 1M, 12 eden (12M), 1 survivor (1M), 4 old (4M), 0 humongous (0M), 12 free (12M)
}
Event: 1.128 {heap After GC invocations=8 (full 0):
 garbage-first heap   total reserved 2048000K, committed 29696K, used 5164K [0x0000000083000000, 0x0000000100000000)
  region size 1M, 0 eden (0M), 2 survivor (2M), 4 old (4M), 0 humongous (0M), 23 free (23M)
}
Event: 1.498 {heap Before GC invocations=8 (full 0):
 garbage-first heap   total reserved 2048000K, committed 29696K, used 19500K [0x0000000083000000, 0x0000000100000000)
  region size 1M, 14 eden (14M), 2 survivor (2M), 4 old (4M), 0 humongous (0M), 9 free (9M)
}
Event: 1.503 {heap After GC invocations=9 (full 0):
 garbage-first heap   total reserved 2048000K, committed 29696K, used 6134K [0x0000000083000000, 0x0000000100000000)
  region size 1M, 0 eden (0M), 2 survivor (2M), 4 old (4M), 0 humongous (0M), 23 free (23M)
}
Event: 1.899 {heap Before GC invocations=9 (full 0):
 garbage-first heap   total reserved 2048000K, committed 29696K, used 21494K [0x0000000083000000, 0x0000000100000000)
  region size 1M, 15 eden (15M), 2 survivor (2M), 4 old (4M), 0 humongous (0M), 8 free (8M)
}
Event: 1.905 {heap After GC invocations=10 (full 0):
 garbage-first heap   total reserved 2048000K, committed 29696K, used 7570K [0x0000000083000000, 0x0000000100000000)
  region size 1M, 0 eden (0M), 3 survivor (3M), 5 old (5M), 0 humongous (0M), 21 free (21M)
}
Event: 2.425 {heap Before GC invocations=10 (full 0):
 garbage-first heap   total reserved 2048000K, committed 29696K, used 20882K [0x0000000083000000, 0x0000000100000000)
  region size 1M, 14 eden (14M), 3 survivor (3M), 5 old (5M), 0 humongous (0M), 7 free (7M)
}
Event: 2.435 {heap After GC invocations=11 (full 0):
 garbage-first heap   total reserved 2048000K, committed 29696K, used 9371K [0x0000000083000000, 0x0000000100000000)
  region size 1M, 0 eden (0M), 3 survivor (3M), 7 old (7M), 0 humongous (0M), 19 free (19M)
}
Event: 2.706 {heap Before GC invocations=11 (full 0):
 garbage-first heap   total reserved 2048000K, committed 29696K, used 22683K [0x0000000083000000, 0x0000000100000000)
  region size 1M, 13 eden (13M), 3 survivor (3M), 7 old (7M), 0 humongous (0M), 6 free (6M)
}
Event: 2.716 {heap After GC invocations=12 (full 0):
 garbage-first heap   total reserved 2048000K, committed 29696K, used 11606K [0x0000000083000000, 0x0000000100000000)
  region size 1M, 0 eden (0M), 2 survivor (2M), 10 old (10M), 0 humongous (0M), 17 free (17M)
}
Event: 2.930 {heap Before GC invocations=12 (full 0):
 garbage-first heap   total reserved 2048000K, committed 29696K, used 23894K [0x0000000083000000, 0x0000000100000000)
  region size 1M, 12 eden (12M), 2 survivor (2M), 10 old (10M), 0 humongous (0M), 5 free (5M)
}

Metaspace Usage History (20 events):
Event: 0.320 {metaspace After GC invocations=2 (full 0):
 Metaspace       used 1706K, committed 1856K, reserved 1114112K
  class space    used 146K, committed 256K, reserved 1048576K
}
Event: 0.397 {metaspace Before GC invocations=2 (full 0):
 Metaspace       used 2290K, committed 2496K, reserved 1114112K
  class space    used 214K, committed 320K, reserved 1048576K
}
Event: 0.398 {metaspace After GC invocations=3 (full 0):
 Metaspace       used 2290K, committed 2496K, reserved 1114112K
  class space    used 214K, committed 320K, reserved 1048576K
}
Event: 0.466 {metaspace Before GC invocations=4 (full 0):
 Metaspace       used 2631K, committed 2816K, reserved 1114112K
  class space    used 248K, committed 320K, reserved 1048576K
}
Event: 0.469 {metaspace After GC invocations=5 (full 0):
 Metaspace       used 2631K, committed 2816K, reserved 1114112K
  class space    used 248K, committed 320K, reserved 1048576K
}
Event: 0.535 {metaspace Before GC invocations=5 (full 0):
 Metaspace       used 3115K, committed 3264K, reserved 1114112K
  class space    used 318K, committed 384K, reserved 1048576K
}
Event: 0.538 {metaspace After GC invocations=6 (full 0):
 Metaspace       used 3115K, committed 3264K, reserved 1114112K
  class space    used 318K, committed 384K, reserved 1048576K
}
Event: 0.840 {metaspace Before GC invocations=6 (full 0):
 Metaspace       used 5622K, committed 5824K, reserved 1114112K
  class space    used 687K, committed 768K, reserved 1048576K
}
Event: 0.843 {metaspace After GC invocations=7 (full 0):
 Metaspace       used 5622K, committed 5824K, reserved 1114112K
  class space    used 687K, committed 768K, reserved 1048576K
}
Event: 1.125 {metaspace Before GC invocations=7 (full 0):
 Metaspace       used 6789K, committed 6912K, reserved 1114112K
  class space    used 828K, committed 896K, reserved 1048576K
}
Event: 1.128 {metaspace After GC invocations=8 (full 0):
 Metaspace       used 6789K, committed 6912K, reserved 1114112K
  class space    used 828K, committed 896K, reserved 1048576K
}
Event: 1.498 {metaspace Before GC invocations=8 (full 0):
 Metaspace       used 8934K, committed 9088K, reserved 1114112K
  class space    used 1114K, committed 1216K, reserved 1048576K
}
Event: 1.503 {metaspace After GC invocations=9 (full 0):
 Metaspace       used 8934K, committed 9088K, reserved 1114112K
  class space    used 1114K, committed 1216K, reserved 1048576K
}
Event: 1.899 {metaspace Before GC invocations=9 (full 0):
 Metaspace       used 11554K, committed 11840K, reserved 1114112K
  class space    used 1483K, committed 1600K, reserved 1048576K
}
Event: 1.905 {metaspace After GC invocations=10 (full 0):
 Metaspace       used 11554K, committed 11840K, reserved 1114112K
  class space    used 1483K, committed 1600K, reserved 1048576K
}
Event: 2.425 {metaspace Before GC invocations=10 (full 0):
 Metaspace       used 14162K, committed 14400K, reserved 1114112K
  class space    used 1802K, committed 1920K, reserved 1048576K
}
Event: 2.435 {metaspace After GC invocations=11 (full 0):
 Metaspace       used 14162K, committed 14400K, reserved 1114112K
  class space    used 1802K, committed 1920K, reserved 1048576K
}
Event: 2.706 {metaspace Before GC invocations=11 (full 0):
 Metaspace       used 14662K, committed 14912K, reserved 1114112K
  class space    used 1840K, committed 1920K, reserved 1048576K
}
Event: 2.716 {metaspace After GC invocations=12 (full 0):
 Metaspace       used 14662K, committed 14912K, reserved 1114112K
  class space    used 1840K, committed 1920K, reserved 1048576K
}
Event: 2.930 {metaspace Before GC invocations=12 (full 0):
 Metaspace       used 15149K, committed 15424K, reserved 1114112K
  class space    used 1890K, committed 1984K, reserved 1048576K
}

Dll operation events (14 events):
Event: 0.006 Attempting to load shared library C:\Program Files\Java\jdk-26.0.1\bin\java.dll
Event: 0.007 Loaded shared library C:\Program Files\Java\jdk-26.0.1\bin\java.dll
Event: 0.047 Attempting to load shared library C:\Program Files\Java\jdk-26.0.1\bin\net.dll
Event: 0.047 Loaded shared library C:\Program Files\Java\jdk-26.0.1\bin\net.dll
Event: 0.048 Attempting to load shared library C:\Program Files\Java\jdk-26.0.1\bin\nio.dll
Event: 0.048 Loaded shared library C:\Program Files\Java\jdk-26.0.1\bin\nio.dll
Event: 0.052 Attempting to load shared library C:\Program Files\Java\jdk-26.0.1\bin\zip.dll
Event: 0.052 Loaded shared library C:\Program Files\Java\jdk-26.0.1\bin\zip.dll
Event: 0.252 Attempting to load shared library C:\Program Files\Java\jdk-26.0.1\bin\jimage.dll
Event: 0.252 Loaded shared library C:\Program Files\Java\jdk-26.0.1\bin\jimage.dll
Event: 0.252 Attempting to load shared library C:\Users\ceaser\.m2\wrapper\dists\apache-maven-3.9.16\0daed3be3ebd1c706f0e69e8b07c6b73f5cc4ea3dfce72a8d0ec2e849ca2ddb0\lib\jansi-native\Windows\x86_64\jansi.dll
Event: 0.253 Loaded shared library C:\Users\ceaser\.m2\wrapper\dists\apache-maven-3.9.16\0daed3be3ebd1c706f0e69e8b07c6b73f5cc4ea3dfce72a8d0ec2e849ca2ddb0\lib\jansi-native\Windows\x86_64\jansi.dll
Event: 0.274 Attempting to load shared library C:\Program Files\Java\jdk-26.0.1\bin\verify.dll
Event: 0.274 Loaded shared library C:\Program Files\Java\jdk-26.0.1\bin\verify.dll

Deoptimization events (20 events):
Event: 2.551 Thread 0x0000021a07bb16a0 DEOPT PACKING pc=0x0000021a1a6dc518 sp=0x0000007e08ffd9d0
Event: 2.551 Thread 0x0000021a07bb16a0 DEOPT UNPACKING pc=0x0000021a1a153d82 sp=0x0000007e08ffd948 mode 2
Event: 2.557 Thread 0x0000021a07bb16a0 Uncommon trap: trap_request=0xffffff45 fr.pc=0x0000021a1a6be5dc relative=0x00000000000002dc
Event: 2.557 Thread 0x0000021a07bb16a0 Uncommon trap: reason=unstable_if action=reinterpret pc=0x0000021a1a6be5dc method=org.codehaus.plexus.util.xml.pull.MXParser.isS(C)Z @ 21 c2
Event: 2.557 Thread 0x0000021a07bb16a0 DEOPT PACKING pc=0x0000021a1a6be5dc sp=0x0000007e08ffdba0
Event: 2.557 Thread 0x0000021a07bb16a0 DEOPT UNPACKING pc=0x0000021a1a153d82 sp=0x0000007e08ffdac8 mode 2
Event: 2.731 Thread 0x0000021a07bb16a0 DEOPT PACKING pc=0x0000021a12f80075 sp=0x0000007e08ffdda0
Event: 2.731 Thread 0x0000021a07bb16a0 DEOPT UNPACKING pc=0x0000021a1a081a02 sp=0x0000007e08ffd2d8 mode 0
Event: 2.754 Thread 0x0000021a07bb16a0 Uncommon trap: trap_request=0xffffff45 fr.pc=0x0000021a1a5d9740 relative=0x0000000000000140
Event: 2.754 Thread 0x0000021a07bb16a0 Uncommon trap: reason=unstable_if action=reinterpret pc=0x0000021a1a5d9740 method=java.lang.String.indexOf(I)I @ 4 c2
Event: 2.754 Thread 0x0000021a07bb16a0 DEOPT PACKING pc=0x0000021a1a5d9740 sp=0x0000007e08ffde50
Event: 2.754 Thread 0x0000021a07bb16a0 DEOPT UNPACKING pc=0x0000021a1a153d82 sp=0x0000007e08ffddf0 mode 2
Event: 2.754 Thread 0x0000021a07bb16a0 Uncommon trap: trap_request=0xffffff45 fr.pc=0x0000021a1a60fa08 relative=0x0000000000000588
Event: 2.754 Thread 0x0000021a07bb16a0 Uncommon trap: reason=unstable_if action=reinterpret pc=0x0000021a1a60fa08 method=java.lang.String.substring(II)Ljava/lang/String; @ 31 c2
Event: 2.754 Thread 0x0000021a07bb16a0 DEOPT PACKING pc=0x0000021a1a60fa08 sp=0x0000007e08ffddf0
Event: 2.754 Thread 0x0000021a07bb16a0 DEOPT UNPACKING pc=0x0000021a1a153d82 sp=0x0000007e08ffddc0 mode 2
Event: 2.755 Thread 0x0000021a07bb16a0 Uncommon trap: trap_request=0xffffff66 fr.pc=0x0000021a1a701540 relative=0x0000000000000640
Event: 2.755 Thread 0x0000021a07bb16a0 Uncommon trap: reason=loop_limit_check action=maybe_recompile pc=0x0000021a1a701540 method=java.util.regex.Pattern$Start.match(Ljava/util/regex/Matcher;ILjava/lang/CharSequence;)Z @ 34 c2
Event: 2.755 Thread 0x0000021a07bb16a0 DEOPT PACKING pc=0x0000021a1a701540 sp=0x0000007e08ffdd80
Event: 2.755 Thread 0x0000021a07bb16a0 DEOPT UNPACKING pc=0x0000021a1a153d82 sp=0x0000007e08ffdd40 mode 2

Classes loaded (20 events):
Event: 2.455 Loading class java/lang/invoke/BoundMethodHandle$Species_LI
Event: 2.455 Loading class java/lang/invoke/BoundMethodHandle$Species_LI done
Event: 2.455 Loading class java/lang/invoke/ClassSpecializer$Factory$1
Event: 2.455 Loading class java/lang/invoke/ClassSpecializer$Factory$1 done
Event: 2.455 Loading class java/lang/invoke/ClassSpecializer$Factory$1$1
Event: 2.455 Loading class java/lang/invoke/ClassSpecializer$Factory$1$1 done
Event: 2.455 Loading class java/lang/invoke/ClassSpecializer$Factory$1$1Var
Event: 2.455 Loading class java/lang/invoke/ClassSpecializer$Factory$1$1Var done
Event: 2.456 Loading class java/lang/invoke/ClassSpecializer$Factory$1$2
Event: 2.456 Loading class java/lang/invoke/ClassSpecializer$Factory$1$2 done
Event: 2.456 Loading class java/lang/invoke/ClassSpecializer$Factory$1$3
Event: 2.456 Loading class java/lang/invoke/ClassSpecializer$Factory$1$3 done
Event: 2.456 Loading class java/lang/invoke/ClassSpecializer$Factory$1$4
Event: 2.456 Loading class java/lang/invoke/ClassSpecializer$Factory$1$4 done
Event: 2.456 Loading class java/lang/invoke/ClassSpecializer$Factory$1$5
Event: 2.456 Loading class java/lang/invoke/ClassSpecializer$Factory$1$5 done
Event: 2.456 Loading class java/lang/invoke/ClassSpecializer$Factory$1$5$1
Event: 2.456 Loading class java/lang/invoke/ClassSpecializer$Factory$1$5$1 done
Event: 2.518 Loading class java/util/stream/Streams$RangeIntSpliterator
Event: 2.518 Loading class java/util/stream/Streams$RangeIntSpliterator done

Classes unloaded (0 events):
No events

Classes redefined (0 events):
No events

Internal exceptions (20 events):
Event: 0.644 Thread 0x0000021a07bb16a0 Exception <a 'java/lang/NoSuchMethodError'{0x00000000848bd2e8}: 'java.lang.Object java.lang.invoke.DirectMethodHandle$Holder.invokeInterface(java.lang.Object, java.lang.Object)'> (0x00000000848bd2e8) 
thrown [s\open\src\hotspot\share\interpreter\linkResolver.cpp, line 804]
Event: 0.664 Thread 0x0000021a07bb16a0 Exception <a 'java/lang/NoSuchMethodError'{0x0000000084789b70}: 'int java.lang.invoke.DirectMethodHandle$Holder.invokeStatic(java.lang.Object, java.lang.Object, java.lang.Object, java.lang.Object)'> (0x0000000084789b70) 
thrown [s\open\src\hotspot\share\interpreter\linkResolver.cpp, line 804]
Event: 0.668 Thread 0x0000021a07bb16a0 Exception <a 'java/lang/NoSuchMethodError'{0x00000000847b33d0}: 'int java.lang.invoke.DirectMethodHandle$Holder.invokeSpecialIFC(java.lang.Object, java.lang.Object, java.lang.Object, java.lang.Object, java.lang.Object)'> (0x00000000847b33d0) 
thrown [s\open\src\hotspot\share\interpreter\linkResolver.cpp, line 804]
Event: 0.713 Thread 0x0000021a07bb16a0 Exception <a 'java/lang/NoSuchMethodError'{0x0000000084556bd0}: 'java.lang.Object java.lang.invoke.DirectMethodHandle$Holder.newInvokeSpecial(java.lang.Object, java.lang.Object, java.lang.Object, java.lang.Object, java.lang.Object)'> (0x0000000084556bd0) 
thrown [s\open\src\hotspot\share\interpreter\linkResolver.cpp, line 804]
Event: 0.746 Thread 0x0000021a07bb16a0 Exception <a 'java/lang/NoSuchMethodError'{0x000000008449ab08}: 'int java.lang.invoke.DirectMethodHandle$Holder.invokeStaticInit(java.lang.Object, java.lang.Object)'> (0x000000008449ab08) 
thrown [s\open\src\hotspot\share\interpreter\linkResolver.cpp, line 804]
Event: 0.753 Thread 0x0000021a07bb16a0 Exception <a 'java/lang/NoClassDefFoundError'{0x00000000844dd1a8}: javax/enterprise/inject/Typed> (0x00000000844dd1a8) 
thrown [s\open\src\hotspot\share\classfile\systemDictionary.cpp, line 318]
Event: 1.705 Thread 0x0000021a07bb16a0 Exception <a 'java/lang/NoSuchMethodError'{0x00000000844e78c0}: 'void java.lang.invoke.DirectMethodHandle$Holder.invokeStaticInit(java.lang.Object, java.lang.Object, java.lang.Object)'> (0x00000000844e78c0) 
thrown [s\open\src\hotspot\share\interpreter\linkResolver.cpp, line 804]
Event: 1.717 Thread 0x0000021a07bb16a0 Implicit null exception at 0x0000021a1a6621a0 to 0x0000021a1a662328
Event: 1.719 Thread 0x0000021a07bb16a0 Exception <a 'java/lang/NoSuchMethodError'{0x000000008437d008}: 'java.lang.Object java.lang.invoke.Invokers$Holder.invokeExact_MT(java.lang.Object, int, java.lang.Object)'> (0x000000008437d008) 
thrown [s\open\src\hotspot\share\interpreter\linkResolver.cpp, line 804]
Event: 1.954 Thread 0x0000021a07bb16a0 Exception <a 'java/lang/NoSuchMethodError'{0x0000000084afe918}: 'void java.lang.invoke.Invokers$Holder.invokeExact_MT(java.lang.Object, java.lang.Object, java.lang.Object, java.lang.Object)'> (0x0000000084afe918) 
thrown [s\open\src\hotspot\share\interpreter\linkResolver.cpp, line 804]
Event: 1.982 Thread 0x0000021a07bb16a0 Exception <a 'java/lang/NoClassDefFoundError'{0x00000000849aa030}: com/google/inject/servlet/ServletModuleTargetVisitor> (0x00000000849aa030) 
thrown [s\open\src\hotspot\share\classfile\systemDictionary.cpp, line 318]
Event: 2.099 Thread 0x0000021a07bb16a0 Exception <a 'java/lang/NoSuchMethodError'{0x000000008463f7c8}: 'java.lang.Object java.lang.invoke.DirectMethodHandle$Holder.invokeStaticInit(java.lang.Object, int, int, int, int)'> (0x000000008463f7c8) 
thrown [s\open\src\hotspot\share\interpreter\linkResolver.cpp, line 804]
Event: 2.279 Thread 0x0000021a07bb16a0 Implicit null exception at 0x0000021a1a6144b6 to 0x0000021a1a614edc
Event: 2.348 Thread 0x0000021a07bb16a0 Exception <a 'java/lang/NoSuchMethodError'{0x0000000084198e90}: 'void java.lang.invoke.DirectMethodHandle$Holder.invokeSpecial(java.lang.Object, java.lang.Object, java.lang.Object, java.lang.Object, java.lang.Object)'> (0x0000000084198e90) 
thrown [s\open\src\hotspot\share\interpreter\linkResolver.cpp, line 804]
Event: 2.352 Thread 0x0000021a07bb16a0 Exception <a 'java/lang/NoSuchMethodError'{0x00000000841d0f68}: 'void java.lang.invoke.DirectMethodHandle$Holder.invokeSpecial(java.lang.Object, java.lang.Object, java.lang.Object, java.lang.Object, java.lang.Object, java.lang.Object)'> (0x00000000841d0f68) 
thrown [s\open\src\hotspot\share\interpreter\linkResolver.cpp, line 804]
Event: 2.376 Thread 0x0000021a07bb16a0 Exception <a 'java/lang/NoSuchMethodError'{0x0000000083f29bf8}: 'java.lang.Object java.lang.invoke.DirectMethodHandle$Holder.invokeVirtual(java.lang.Object, java.lang.Object, java.lang.Object)'> (0x0000000083f29bf8) 
thrown [s\open\src\hotspot\share\interpreter\linkResolver.cpp, line 804]
Event: 2.454 Thread 0x0000021a07bb16a0 Exception <a 'java/lang/NoSuchMethodError'{0x00000000fff90540}: 'void java.lang.invoke.DirectMethodHandle$Holder.invokeVirtual(java.lang.Object, java.lang.Object, int)'> (0x00000000fff90540) 
thrown [s\open\src\hotspot\share\interpreter\linkResolver.cpp, line 804]
Event: 2.458 Thread 0x0000021a07bb16a0 Exception <a 'java/lang/NoSuchMethodError'{0x00000000fffa8c98}: 'java.lang.Object java.lang.invoke.DirectMethodHandle$Holder.invokeStatic(java.lang.Object, java.lang.Object, java.lang.Object, java.lang.Object, int)'> (0x00000000fffa8c98) 
thrown [s\open\src\hotspot\share\interpreter\linkResolver.cpp, line 804]
Event: 2.459 Thread 0x0000021a07bb16a0 Exception <a 'java/lang/NoSuchMethodError'{0x00000000fffba3c8}: 'void java.lang.invoke.DirectMethodHandle$Holder.invokeSpecial(java.lang.Object, java.lang.Object, java.lang.Object, int)'> (0x00000000fffba3c8) 
thrown [s\open\src\hotspot\share\interpreter\linkResolver.cpp, line 804]
Event: 2.459 Thread 0x0000021a07bb16a0 Exception <a 'java/lang/NoSuchMethodError'{0x00000000fffc2760}: 'void java.lang.invoke.DelegatingMethodHandle$Holder.reinvoke_L(java.lang.Object, java.lang.Object, int)'> (0x00000000fffc2760) 
thrown [s\open\src\hotspot\share\interpreter\linkResolver.cpp, line 804]

VM Operations (20 events):
Event: 1.905 Executing safepoint VM operation: G1CollectForAllocation (G1 Evacuation Pause) done
Event: 1.947 Executing non-safepoint VM operation: HandshakeAllThreads (Deoptimize)
Event: 1.948 Executing non-safepoint VM operation: HandshakeAllThreads (Deoptimize) done
Event: 2.058 Executing non-safepoint VM operation: HandshakeAllThreads (Deoptimize)
Event: 2.058 Executing non-safepoint VM operation: HandshakeAllThreads (Deoptimize) done
Event: 2.084 Executing non-safepoint VM operation: HandshakeAllThreads (Deoptimize)
Event: 2.084 Executing non-safepoint VM operation: HandshakeAllThreads (Deoptimize) done
Event: 2.119 Executing non-safepoint VM operation: HandshakeAllThreads (Deoptimize)
Event: 2.119 Executing non-safepoint VM operation: HandshakeAllThreads (Deoptimize) done
Event: 2.155 Executing non-safepoint VM operation: HandshakeAllThreads (Deoptimize)
Event: 2.155 Executing non-safepoint VM operation: HandshakeAllThreads (Deoptimize) done
Event: 2.217 Executing non-safepoint VM operation: HandshakeAllThreads (Deoptimize)
Event: 2.217 Executing non-safepoint VM operation: HandshakeAllThreads (Deoptimize) done
Event: 2.219 Executing non-safepoint VM operation: HandshakeAllThreads (Deoptimize)
Event: 2.219 Executing non-safepoint VM operation: HandshakeAllThreads (Deoptimize) done
Event: 2.425 Executing safepoint VM operation: G1CollectForAllocation (G1 Evacuation Pause)
Event: 2.435 Executing safepoint VM operation: G1CollectForAllocation (G1 Evacuation Pause) done
Event: 2.706 Executing safepoint VM operation: G1CollectForAllocation (G1 Evacuation Pause)
Event: 2.716 Executing safepoint VM operation: G1CollectForAllocation (G1 Evacuation Pause) done
Event: 2.930 Executing safepoint VM operation: G1CollectForAllocation (G1 Evacuation Pause)

Memory protections (0 events):
No events

Nmethod flushes (0 events):
No events

Events (16 events):
Event: 0.022 Thread 0x0000021a07bb16a0 Thread added: 0x0000021a07bb16a0
Event: 0.034 Thread 0x0000021a07bb16a0 Thread added: 0x0000021a09f07a50
Event: 0.034 Thread 0x0000021a07bb16a0 Thread added: 0x0000021a09f084a0
Event: 0.035 Thread 0x0000021a07bb16a0 Thread added: 0x0000021a09f0b480
Event: 0.035 Thread 0x0000021a07bb16a0 Thread added: 0x0000021a09f0c030
Event: 0.035 Thread 0x0000021a07bb16a0 Thread added: 0x0000021a272ee1e0
Event: 0.035 Thread 0x0000021a07bb16a0 Thread added: 0x0000021a272f7020
Event: 0.035 Thread 0x0000021a07bb16a0 Thread added: 0x0000021a272fa730
Event: 0.035 Thread 0x0000021a07bb16a0 Thread added: 0x0000021a27300f50
Event: 0.043 Thread 0x0000021a07bb16a0 Thread added: 0x0000021a272f4650
Event: 0.045 Thread 0x0000021a07bb16a0 Thread added: 0x0000021a272ef060
Event: 0.169 Thread 0x0000021a27300f50 Thread added: 0x0000021a2c1d1b10
Event: 0.248 Thread 0x0000021a07bb16a0 Thread added: 0x0000021a272f36b0
Event: 0.264 Thread 0x0000021a272f36b0 Thread exited: 0x0000021a272f36b0
Event: 0.423 Thread 0x0000021a27300f50 Thread added: 0x0000021a2c14cb00
Event: 2.153 Thread 0x0000021a07bb16a0 Thread added: 0x0000021a2cbbc750


Dynamic libraries:
0x00007ff6c51c0000 - 0x00007ff6c51d0000 	C:\Program Files\Java\jdk-26.0.1\bin\java.exe
0x00007ffc9f290000 - 0x00007ffc9f488000 	C:\Windows\SYSTEM32\ntdll.dll
0x00007ffc9ea20000 - 0x00007ffc9eae2000 	C:\Windows\System32\KERNEL32.DLL
0x00007ffc9cbd0000 - 0x00007ffc9cec6000 	C:\Windows\System32\KERNELBASE.dll
0x00007ffc9ca40000 - 0x00007ffc9cb40000 	C:\Windows\System32\ucrtbase.dll
0x00007ffc80760000 - 0x00007ffc80777000 	C:\Program Files\Java\jdk-26.0.1\bin\jli.dll
0x00007ffc7fa60000 - 0x00007ffc7fa7e000 	C:\Program Files\Java\jdk-26.0.1\bin\VCRUNTIME140.dll
0x00007ffc9daf0000 - 0x00007ffc9dc91000 	C:\Windows\System32\USER32.dll
0x00007ffc9ced0000 - 0x00007ffc9cef2000 	C:\Windows\System32\win32u.dll
0x00007ffc81f00000 - 0x00007ffc8219b000 	C:\Windows\WinSxS\amd64_microsoft.windows.common-controls_6595b64144ccf1df_6.0.19041.6456_none_60b8a6cb71f64256\COMCTL32.dll
0x00007ffc9eb50000 - 0x00007ffc9eb7b000 	C:\Windows\System32\GDI32.dll
0x00007ffc9d2b0000 - 0x00007ffc9d34e000 	C:\Windows\System32\msvcrt.dll
0x00007ffc9c920000 - 0x00007ffc9ca39000 	C:\Windows\System32\gdi32full.dll
0x00007ffc9d1e0000 - 0x00007ffc9d27d000 	C:\Windows\System32\msvcp_win.dll
0x00007ffc9dac0000 - 0x00007ffc9daef000 	C:\Windows\System32\IMM32.DLL
0x00007ffc975a0000 - 0x00007ffc975ac000 	C:\Program Files\Java\jdk-26.0.1\bin\vcruntime140_1.dll
0x00007ffc711f0000 - 0x00007ffc7127d000 	C:\Program Files\Java\jdk-26.0.1\bin\msvcp140.dll
0x00007ffc47ab0000 - 0x00007ffc4897e000 	C:\Program Files\Java\jdk-26.0.1\bin\server\jvm.dll
0x00007ffc9e7d0000 - 0x00007ffc9e881000 	C:\Windows\System32\ADVAPI32.dll
0x00007ffc9eb80000 - 0x00007ffc9ec1f000 	C:\Windows\System32\sechost.dll
0x00007ffc9e890000 - 0x00007ffc9e9b0000 	C:\Windows\System32\RPCRT4.dll
0x00007ffc9d280000 - 0x00007ffc9d2a7000 	C:\Windows\System32\bcrypt.dll
0x00007ffc9dde0000 - 0x00007ffc9de4b000 	C:\Windows\System32\WS2_32.dll
0x00007ffc9c780000 - 0x00007ffc9c7cb000 	C:\Windows\SYSTEM32\POWRPROF.dll
0x00007ffc8d190000 - 0x00007ffc8d1b7000 	C:\Windows\SYSTEM32\WINMM.dll
0x00007ffc96b90000 - 0x00007ffc96b9a000 	C:\Windows\SYSTEM32\VERSION.dll
0x00007ffc9c760000 - 0x00007ffc9c772000 	C:\Windows\SYSTEM32\UMPDC.dll
0x00007ffc9b160000 - 0x00007ffc9b172000 	C:\Windows\SYSTEM32\kernel.appcore.dll
0x00007ffc82c90000 - 0x00007ffc82c9a000 	C:\Program Files\Java\jdk-26.0.1\bin\jimage.dll
0x00007ffc9a360000 - 0x00007ffc9a561000 	C:\Windows\SYSTEM32\DBGHELP.DLL
0x00007ffc79ac0000 - 0x00007ffc79af4000 	C:\Windows\SYSTEM32\dbgcore.DLL
0x00007ffc9cb40000 - 0x00007ffc9cbc2000 	C:\Windows\System32\bcryptPrimitives.dll
0x00007ffc7e4b0000 - 0x00007ffc7e4cf000 	C:\Program Files\Java\jdk-26.0.1\bin\java.dll
0x00007ffc9e440000 - 0x00007ffc9e56b000 	C:\Windows\System32\ole32.dll
0x00007ffc9eef0000 - 0x00007ffc9f244000 	C:\Windows\System32\combase.dll
0x00007ffc9d350000 - 0x00007ffc9dac0000 	C:\Windows\System32\SHELL32.dll
0x00007ffc9a970000 - 0x00007ffc9b115000 	C:\Windows\SYSTEM32\windows.storage.dll
0x00007ffc9c270000 - 0x00007ffc9c29b000 	C:\Windows\SYSTEM32\Wldp.dll
0x00007ffc9ec30000 - 0x00007ffc9ecfd000 	C:\Windows\System32\OLEAUT32.dll
0x00007ffc9ed00000 - 0x00007ffc9edad000 	C:\Windows\System32\SHCORE.dll
0x00007ffc9e3e0000 - 0x00007ffc9e43b000 	C:\Windows\System32\shlwapi.dll
0x00007ffc9c850000 - 0x00007ffc9c874000 	C:\Windows\SYSTEM32\profapi.dll
0x00007ffc7c640000 - 0x00007ffc7c652000 	C:\Program Files\Java\jdk-26.0.1\bin\net.dll
0x00007ffc9bfd0000 - 0x00007ffc9c03a000 	C:\Windows\system32\mswsock.dll
0x00007ffc7aea0000 - 0x00007ffc7aeb6000 	C:\Program Files\Java\jdk-26.0.1\bin\nio.dll
0x00007ffc7a850000 - 0x00007ffc7a867000 	C:\Program Files\Java\jdk-26.0.1\bin\zip.dll
0x00007ffc7a450000 - 0x00007ffc7a474000 	C:\Users\ceaser\.m2\wrapper\dists\apache-maven-3.9.16\0daed3be3ebd1c706f0e69e8b07c6b73f5cc4ea3dfce72a8d0ec2e849ca2ddb0\lib\jansi-native\Windows\x86_64\jansi.dll
0x00007ffc80800000 - 0x00007ffc80810000 	C:\Program Files\Java\jdk-26.0.1\bin\verify.dll

JVMTI agents: none

dbghelp: loaded successfully - version: 4.0.5 - missing functions: none
symbol engine: initialized successfully - sym options: 0x614 - pdb path: .;C:\Program Files\Java\jdk-26.0.1\bin;C:\Windows\SYSTEM32;C:\Windows\WinSxS\amd64_microsoft.windows.common-controls_6595b64144ccf1df_6.0.19041.6456_none_60b8a6cb71f64256;C:\Program Files\Java\jdk-26.0.1\bin\server;C:\Users\ceaser\.m2\wrapper\dists\apache-maven-3.9.16\0daed3be3ebd1c706f0e69e8b07c6b73f5cc4ea3dfce72a8d0ec2e849ca2ddb0\lib\jansi-native\Windows\x86_64

VM Arguments:
jvm_args: --enable-native-access=ALL-UNNAMED -Dclassworlds.conf=C:\Users\ceaser\.m2\wrapper\dists\apache-maven-3.9.16\0daed3be3ebd1c706f0e69e8b07c6b73f5cc4ea3dfce72a8d0ec2e849ca2ddb0\bin\m2.conf -Dmaven.home=C:\Users\ceaser\.m2\wrapper\dists\apache-maven-3.9.16\0daed3be3ebd1c706f0e69e8b07c6b73f5cc4ea3dfce72a8d0ec2e849ca2ddb0 -Dlibrary.jansi.path=C:\Users\ceaser\.m2\wrapper\dists\apache-maven-3.9.16\0daed3be3ebd1c706f0e69e8b07c6b73f5cc4ea3dfce72a8d0ec2e849ca2ddb0\lib\jansi-native -Dmaven.multiModuleProjectDirectory=E:\Java\CareFlow\Backend\careflow-backend 
java_command: org.codehaus.plexus.classworlds.launcher.Launcher spring-boot:run
java_class_path (initial): C:\Users\ceaser\.m2\wrapper\dists\apache-maven-3.9.16\0daed3be3ebd1c706f0e69e8b07c6b73f5cc4ea3dfce72a8d0ec2e849ca2ddb0\boot\plexus-classworlds-2.11.0.jar
Launcher Type: SUN_STANDARD

[Global flags]
     bool AOTAdapterCaching                        = false                                  {diagnostic} {ergonomic}
     bool AOTInvokeDynamicLinking                  = false                                  {diagnostic} {ergonomic}
     bool AOTRecordTraining                        = false                                  {diagnostic} {ergonomic}
     bool AOTReplayTraining                        = false                                  {diagnostic} {ergonomic}
     bool AOTStubCaching                           = false                                  {diagnostic} {ergonomic}
     intx CICompilerCount                          = 4                                         {product} {ergonomic}
     uint ConcGCThreads                            = 2                                         {product} {ergonomic}
     uint G1ConcRefinementThreads                  = 8                                         {product} {ergonomic}
     uint G1EagerReclaimRemSetThreshold            = 10                                   {experimental} {ergonomic}
   size_t G1HeapRegionSize                         = 1048576                                   {product} {ergonomic}
     uint G1RemSetArrayOfCardsEntries              = 10                                   {experimental} {ergonomic}
     uint G1RemSetHowlMaxNumBuckets                = 8                                    {experimental} {ergonomic}
     uint G1RemSetHowlNumBuckets                   = 4                                    {experimental} {ergonomic}
   size_t InitialHeapSize                          = 8388608                                   {product} {ergonomic}
     bool IntelJccErratumMitigation                = true                              {ARCH diagnostic} {ergonomic}
   size_t MarkStackSize                            = 4194304                                   {product} {ergonomic}
   size_t MarkStackSizeMax                         = 536870912                                 {product} {ergonomic}
   size_t MaxHeapSize                              = 2097152000                                {product} {ergonomic}
   size_t MaxNewSize                               = 1258291200                                {product} {ergonomic}
 uint64_t MaxRAM                                   = 8386813952                                {product} {ergonomic}
   size_t MinHeapDeltaBytes                        = 1048576                                   {product} {ergonomic}
   size_t MinHeapSize                              = 8388608                                   {product} {ergonomic}
   size_t NonNMethodCodeHeapSize                   = 5898240                                {pd product} {ergonomic}
   size_t NonProfiledCodeHeapSize                  = 122945536                              {pd product} {ergonomic}
   size_t ProfiledCodeHeapSize                     = 122945536                              {pd product} {ergonomic}
   size_t ReservedCodeCacheSize                    = 251789312                              {pd product} {ergonomic}
     bool SegmentedCodeCache                       = true                                      {product} {ergonomic}
   size_t SoftMaxHeapSize                          = 2097152000                             {manageable} {ergonomic}
     bool UseCompressedOops                        = true                           {product lp64_product} {ergonomic}
     bool UseCondCardMark                          = true                                      {product} {ergonomic}
     bool UseFastUnorderedTimeStamps               = true                                 {experimental} {ergonomic}
     bool UseG1GC                                  = true                                      {product} {ergonomic}
     bool UseLargePagesIndividualAllocation        = false                                  {pd product} {ergonomic}
      int X86ICacheSync                            = 2                                 {ARCH diagnostic} {ergonomic}

Logging:
Log output configuration:
 #0: stdout all=warning uptime,level,tags foldmultilines=false
 #1: stderr all=off uptime,level,tags foldmultilines=false

Release file:
IMPLEMENTOR="Oracle Corporation" 
JAVA_RUNTIME_VERSION="26.0.1+8-34" 
JAVA_VERSION="26.0.1" 
JAVA_VERSION_DATE="2026-04-21" 
LIBC="default" 
MODULES="java.base java.compiler java.datatransfer java.xml java.prefs java.desktop java.instrument java.logging java.management java.security.sasl java.naming java.rmi java.management.rmi java.net.http java.scripting java.security.jgss java.transaction.xa java.sql java.sql.rowset java.xml.crypto java.se java.smartcardio jdk.accessibility jdk.internal.jvmstat jdk.attach jdk.charsets jdk.internal.opt jdk.zipfs jdk.compiler jdk.crypto.cryptoki jdk.crypto.ec jdk.crypto.mscapi jdk.dynalink jdk.internal.ed jdk.editpad jdk.internal.vm.ci jdk.graal.compiler jdk.graal.compiler.management jdk.hotspot.agent jdk.httpserver jdk.incubator.vector jdk.internal.le jdk.internal.md jdk.jartool jdk.javadoc jdk.jcmd jdk.management jdk.management.agent jdk.jconsole jdk.jdeps jdk.jdwp.agent jdk.jdi jdk.jfr jdk.jlink jdk.jpackage jdk.jshell jdk.jstatd jdk.localedata jdk.management.jfr jdk.naming.dns jdk.naming.rmi jdk.net jdk.nio.mapmode jdk.sctp jdk.security.auth jdk.security.jgss jdk.unsupported jdk.unsupported.desktop jdk.xml.dom" 
OS_ARCH="x86_64" 
OS_NAME="Windows" 
SOURCE=".:git:8fcde8268d22 open:git:fcc00fc4aee7" 

Environment Variables:
PATH=C:\Program Files\Common Files\Oracle\Java\javapath;C:\Windows\system32;C:\Windows;C:\Windows\System32\Wbem;C:\Windows\System32\WindowsPowerShell\v1.0\;C:\Windows\System32\OpenSSH\;C:\Program Files\Git\cmd;C:\Program Files\nodejs\;C:\Program Files\dotnet\;C:\Users\ceaser\.local\bin;C:\Users\ceaser\AppData\Local\Programs\Python\Python314\Scripts\;C:\Users\ceaser\AppData\Local\Programs\Python\Python314\;C:\Users\ceaser\AppData\Local\Microsoft\WindowsApps;C:\Users\ceaser\AppData\Local\Programs\Antigravity\bin;C:\Users\ceaser\AppData\Roaming\npm;C:\Users\ceaser\AppData\Local\Programs\Antigravity IDE\bin;C:\Users\ceaser\.dotnet\tools;c:\Users\ceaser\.antigravity-ide\extensions\vscjava.vscode-java-debug-0.59.0-universal\bundled\scripts\noConfigScripts
USERNAME=ceaser
LANG=en_US.UTF-8
OS=Windows_NT
PROCESSOR_IDENTIFIER=Intel64 Family 6 Model 142 Stepping 12, GenuineIntel
TMP=C:\Users\ceaser\AppData\Local\Temp
TEMP=C:\Users\ceaser\AppData\Local\Temp




Compilation memory statistics disabled.

Periodic native trim disabled

---------------  S Y S T E M  ---------------

OS:
 Windows 10 , 64 bit Build 19041 (10.0.19041.5915)
OS uptime: 66 days 2:02 hours

CPU: total 8 (initial active 8) (4 cores per cpu, 2 threads per core) family 6 model 142 stepping 12 microcode 0x100, cx8, cmov, fxsr, ht, mmx, 3dnowpref, sse, sse2, sse3, ssse3, sse4.1, sse4.2, popcnt, lzcnt, tsc, tscinvbit, avx, avx2, aes, erms, clmul, bmi1, bmi2, adx, fma, vzeroupper, clflush, clflushopt, rdtscp, f16c
Processor Information for the first 8 processors :
  Max Mhz: 1800, Current Mhz: 1600, Mhz Limit: 1584

Memory: 4k page, system-wide physical 7998M (763M free)
TotalPageFile size 23177M (AvailPageFile size 19M)
current process WorkingSet (physical memory assigned to process): 120M, peak: 122M
current process commit charge ("private bytes"): 158M, peak: 208M

vm_info: Java HotSpot(TM) 64-Bit Server VM (26.0.1+8-34) for windows-amd64 JRE (26.0.1+8-34), built on 2026-03-10T17:24:10Z with MS VC++ 17.13 (VS2022)

END.
